<html>
<body>
<pre>
<h1>µVision Build Log</h1>
<h2>Tool Versions:</h2>
IDE-Version: ¦ÌVision V5.41.0.0
Copyright (C) 2024 ARM Ltd and ARM Germany GmbH. All rights reserved.
License Information: ARM ARM, ARM, LIC=8VRJ7-EZF22-63PMB-29LIH-9GM94-U37SD
 
Tool Versions:
Toolchain:       MDK-ARM Plus  Version: 5.41.0.0
Toolchain Path:  D:\keil5\ARM\ARMCLANG\Bin
C Compiler:      ArmClang.exe V6.22
Assembler:       Armasm.exe V6.22
Linker/Locator:  ArmLink.exe V6.22
Library Manager: ArmAr.exe V6.22
Hex Converter:   FromElf.exe V6.22
CPU DLL:         SARMCM3.DLL V5.41.0.0
Dialog DLL:      DARMCM1.DLL V1.19.6.0
Target DLL:      Segger\JL2CM3.dll V2.99.45.0
Dialog DLL:      TARMCM1.DLL V1.14.6.0
 
<h2>Project:</h2>
E:\N32\N32G033\N32G033.uvprojx
Project File Date:  06/13/2026

<h2>Output:</h2>
*** Using Compiler 'V6.22', folder: 'D:\keil5\ARM\ARMCLANG\Bin'
Rebuild target 'Target_1'
Note: source file '.\app_adc.c' - object file renamed from '.\Objects\app_adc.o' to '.\Objects\app_adc_1.o'.
compiling n32g033_exti.c...
compiling n32g033_comp.c...
compiling system_n32g033.c...
compiling n32g033_adc.c...
compiling n32g033_flash.c...
compiling n32g033_gpio.c...
compiling misc.c...
compiling n32g033_dbg.c...
compiling n32g033_dma.c...
compiling n32g033_hdiv.c...
assembling startup_n32g033.s...
compiling n32g033_iwdg.c...
compiling n32g033_opamp.c...
compiling n32g033_rcc.c...
compiling n32g033_pwr.c...
compiling n32g033_i2c.c...
compiling n32g033_sqrt.c...
compiling n32g033_spi.c...
compiling n32g033_uart.c...
compiling main.c...
compiling dri_adc.c...
compiling n32g033_tim.c...
compiling dri_dog.c...
compiling dri_flash.c...
compiling dri_gpio.c...
compiling dri_pvd.c...
compiling dri_uart.c...
compiling dri_timer.c...
compiling keelop_crc.c...
compiling it_433.c...
compiling it_timer.c...
compiling n32g033_it.c...
compiling it_exit.c...
compiling it_adc.c...
compiling app_adc.c...
compiling app_buzz.c...
compiling app_limt.c...
compiling app_433.c...
compiling app_motor.c...
compiling app_led.c...
compiling app_flash.c...
compiling app_uart.c...
linking...
Program Size: Code=30330 RO-data=1914 RW-data=32 ZI-data=2712  
FromELF: creating hex file...
After Build - User command #2: E:\N32HEX\N32.bat
E:\N32\N32G033>srec_cat "E:\N32\N32G033\Objects\N32G033.hex" -intel  -o "E:\N32HEX\APP_extended.hex" -intel 
".\Objects\N32G033.axf" - 0 Error(s), 0 Warning(s).

<h2>Software Packages used:</h2>

Package Vendor: Nsingtech
                http://www.keil.com/pack/Nsingtech.N32G033_DFP.0.1.0.pack
                Nsingtech::N32G033_DFP@0.1.0
                Nsingtech N32G033 Series Device Support, Drivers and Examples

<h2>Collection of Component include folders:</h2>
  D:/keil5/Keil5 MDK541/Nsingtech/N32G033_DFP/0.1.0/firmware/CMSIS/device

<h2>Collection of Component Files used:</h2>
Build Time Elapsed:  00:00:06
</pre>
</body>
</html>
