<!doctype html public "-//w3c//dtd html 4.0 transitional//en">
<html><head>
<title>Static Call Graph - [.\Objects\N32G033.axf]</title></head>
<body><HR>
<H1>Static Call Graph for image .\Objects\N32G033.axf</H1><HR>
<BR><P>#&#060CALLGRAPH&#062# ARM Linker, 6220000: Last Updated: Sun Jun 21 13:55:03 2026
<BR><P>
<H3>Maximum Stack Usage =        280 bytes + Unknown(Cycles, Untraceable Function Pointers)</H3><H3>
Call chain for Maximum Stack Depth:</H3>
main &rArr; capture_433key_judge_answer &rArr; ModuleResetReq &rArr; properties_up &rArr; __2snprintf
<P>
<H3>
Mutually Recursive functions
</H3> <LI><a href="#[4]">PendSV_Handler</a>&nbsp;&nbsp;&nbsp;&rArr;&nbsp;&nbsp;&nbsp;<a href="#[4]">PendSV_Handler</a><BR>
 <LI><a href="#[9]">COMP_IRQHandler</a>&nbsp;&nbsp;&nbsp;&rArr;&nbsp;&nbsp;&nbsp;<a href="#[9]">COMP_IRQHandler</a><BR>
 <LI><a href="#[2]">HardFault_Handler</a>&nbsp;&nbsp;&nbsp;&rArr;&nbsp;&nbsp;&nbsp;<a href="#[2]">HardFault_Handler</a><BR>
</UL>
<P>
<H3>
Function Pointers
</H3><UL>
 <LI><a href="#[e]">ADC_IRQHandler</a> from n32g033_it.o(.text.ADC_IRQHandler) referenced from startup_n32g033.o(RESET)
 <LI><a href="#[9]">COMP_IRQHandler</a> from startup_n32g033.o(.text) referenced from startup_n32g033.o(RESET)
 <LI><a href="#[1a]">DMA_IRQHandler</a> from startup_n32g033.o(.text) referenced from startup_n32g033.o(RESET)
 <LI><a href="#[8]">EXTI0_6_IRQHandler</a> from n32g033_it.o(.text.EXTI0_6_IRQHandler) referenced from startup_n32g033.o(RESET)
 <LI><a href="#[7]">FLASH_IRQHandler</a> from startup_n32g033.o(.text) referenced from startup_n32g033.o(RESET)
 <LI><a href="#[2]">HardFault_Handler</a> from n32g033_it.o(.text.HardFault_Handler) referenced from startup_n32g033.o(RESET)
 <LI><a href="#[17]">I2C1_ER_IRQHandler</a> from startup_n32g033.o(.text) referenced from startup_n32g033.o(RESET)
 <LI><a href="#[16]">I2C1_EV_IRQHandler</a> from startup_n32g033.o(.text) referenced from startup_n32g033.o(RESET)
 <LI><a href="#[19]">I2C2_ER_IRQHandler</a> from startup_n32g033.o(.text) referenced from startup_n32g033.o(RESET)
 <LI><a href="#[18]">I2C2_EV_IRQHandler</a> from startup_n32g033.o(.text) referenced from startup_n32g033.o(RESET)
 <LI><a href="#[10]">IWDG_IRQHandler</a> from startup_n32g033.o(.text) referenced from startup_n32g033.o(RESET)
 <LI><a href="#[1]">NMI_Handler</a> from n32g033_it.o(.text.NMI_Handler) referenced from startup_n32g033.o(RESET)
 <LI><a href="#[6]">PVD_IRQHandler</a> from n32g033_it.o(.text.PVD_IRQHandler) referenced from startup_n32g033.o(RESET)
 <LI><a href="#[4]">PendSV_Handler</a> from startup_n32g033.o(.text) referenced from startup_n32g033.o(RESET)
 <LI><a href="#[0]">Reset_Handler</a> from startup_n32g033.o(.text) referenced from startup_n32g033.o(RESET)
 <LI><a href="#[f]">SPI1_IRQHandler</a> from startup_n32g033.o(.text) referenced from startup_n32g033.o(RESET)
 <LI><a href="#[15]">SPI2_IRQHandler</a> from startup_n32g033.o(.text) referenced from startup_n32g033.o(RESET)
 <LI><a href="#[3]">SVC_Handler</a> from n32g033_it.o(.text.SVC_Handler) referenced from startup_n32g033.o(RESET)
 <LI><a href="#[5]">SysTick_Handler</a> from n32g033_it.o(.text.SysTick_Handler) referenced from startup_n32g033.o(RESET)
 <LI><a href="#[1c]">SystemInit</a> from system_n32g033.o(.text.SystemInit) referenced from startup_n32g033.o(.text)
 <LI><a href="#[c]">TIM1_BRK_UP_TRG_COM_IRQHandler</a> from startup_n32g033.o(.text) referenced from startup_n32g033.o(RESET)
 <LI><a href="#[d]">TIM1_CC_IRQHandler</a> from n32g033_it.o(.text.TIM1_CC_IRQHandler) referenced from startup_n32g033.o(RESET)
 <LI><a href="#[12]">TIM3_IRQHandler</a> from startup_n32g033.o(.text) referenced from startup_n32g033.o(RESET)
 <LI><a href="#[11]">TIM4_IRQHandler</a> from startup_n32g033.o(.text) referenced from startup_n32g033.o(RESET)
 <LI><a href="#[13]">TIM6_IRQHandler</a> from n32g033_it.o(.text.TIM6_IRQHandler) referenced from startup_n32g033.o(RESET)
 <LI><a href="#[a]">UART1_IRQHandler</a> from n32g033_it.o(.text.UART1_IRQHandler) referenced from startup_n32g033.o(RESET)
 <LI><a href="#[b]">UART2_IRQHandler</a> from startup_n32g033.o(.text) referenced from startup_n32g033.o(RESET)
 <LI><a href="#[14]">UART3_IRQHandler</a> from startup_n32g033.o(.text) referenced from startup_n32g033.o(RESET)
 <LI><a href="#[1d]">__main</a> from entry.o(.ARM.Collect$$$$00000000) referenced from startup_n32g033.o(.text)
 <LI><a href="#[1e]">_snputc</a> from printf8.o(i._snputc) referenced from printf8.o(i.__0snprintf$8)
 <LI><a href="#[1b]">main</a> from main.o(.text.main) referenced from entry9a.o(.ARM.Collect$$$$0000000B)
</UL>
<P>
<H3>
Global Symbols
</H3>
<P><STRONG><a name="[1d]"></a>__main</STRONG> (Thumb, 0 bytes, Stack size unknown bytes, entry.o(.ARM.Collect$$$$00000000))
<BR>[Address Reference Count : 1]<UL><LI> startup_n32g033.o(.text)
</UL>
<P><STRONG><a name="[d4]"></a>_main_stk</STRONG> (Thumb, 0 bytes, Stack size unknown bytes, entry2.o(.ARM.Collect$$$$00000001))

<P><STRONG><a name="[1f]"></a>_main_scatterload</STRONG> (Thumb, 0 bytes, Stack size unknown bytes, entry5.o(.ARM.Collect$$$$00000004))
<BR><BR>[Calls]<UL><LI><a href="#[20]">&gt;&gt;</a>&nbsp;&nbsp;&nbsp;__scatterload
</UL>

<P><STRONG><a name="[3d]"></a>__main_after_scatterload</STRONG> (Thumb, 0 bytes, Stack size unknown bytes, entry5.o(.ARM.Collect$$$$00000004))
<BR><BR>[Called By]<UL><LI><a href="#[20]">&gt;&gt;</a>&nbsp;&nbsp;&nbsp;__scatterload
</UL>

<P><STRONG><a name="[d5]"></a>_main_clock</STRONG> (Thumb, 0 bytes, Stack size unknown bytes, entry7b.o(.ARM.Collect$$$$00000008))

<P><STRONG><a name="[d6]"></a>_main_cpp_init</STRONG> (Thumb, 0 bytes, Stack size unknown bytes, entry8b.o(.ARM.Collect$$$$0000000A))

<P><STRONG><a name="[d7]"></a>_main_init</STRONG> (Thumb, 0 bytes, Stack size unknown bytes, entry9a.o(.ARM.Collect$$$$0000000B))

<P><STRONG><a name="[d8]"></a>__rt_final_cpp</STRONG> (Thumb, 0 bytes, Stack size unknown bytes, entry10a.o(.ARM.Collect$$$$0000000D))

<P><STRONG><a name="[d9]"></a>__rt_final_exit</STRONG> (Thumb, 0 bytes, Stack size unknown bytes, entry11a.o(.ARM.Collect$$$$0000000F))

<P><STRONG><a name="[0]"></a>Reset_Handler</STRONG> (Thumb, 8 bytes, Stack size 0 bytes, startup_n32g033.o(.text))
<BR>[Address Reference Count : 1]<UL><LI> startup_n32g033.o(RESET)
</UL>
<P><STRONG><a name="[4]"></a>PendSV_Handler</STRONG> (Thumb, 2 bytes, Stack size 0 bytes, startup_n32g033.o(.text))
<BR><BR>[Calls]<UL><LI><a href="#[4]">&gt;&gt;</a>&nbsp;&nbsp;&nbsp;PendSV_Handler
</UL>
<BR>[Called By]<UL><LI><a href="#[4]">&gt;&gt;</a>&nbsp;&nbsp;&nbsp;PendSV_Handler
</UL>
<BR>[Address Reference Count : 1]<UL><LI> startup_n32g033.o(RESET)
</UL>
<P><STRONG><a name="[9]"></a>COMP_IRQHandler</STRONG> (Thumb, 0 bytes, Stack size 0 bytes, startup_n32g033.o(.text))
<BR><BR>[Calls]<UL><LI><a href="#[9]">&gt;&gt;</a>&nbsp;&nbsp;&nbsp;COMP_IRQHandler
</UL>
<BR>[Called By]<UL><LI><a href="#[9]">&gt;&gt;</a>&nbsp;&nbsp;&nbsp;COMP_IRQHandler
</UL>
<BR>[Address Reference Count : 1]<UL><LI> startup_n32g033.o(RESET)
</UL>
<P><STRONG><a name="[1a]"></a>DMA_IRQHandler</STRONG> (Thumb, 0 bytes, Stack size 0 bytes, startup_n32g033.o(.text))
<BR>[Address Reference Count : 1]<UL><LI> startup_n32g033.o(RESET)
</UL>
<P><STRONG><a name="[7]"></a>FLASH_IRQHandler</STRONG> (Thumb, 0 bytes, Stack size 0 bytes, startup_n32g033.o(.text))
<BR>[Address Reference Count : 1]<UL><LI> startup_n32g033.o(RESET)
</UL>
<P><STRONG><a name="[17]"></a>I2C1_ER_IRQHandler</STRONG> (Thumb, 0 bytes, Stack size 0 bytes, startup_n32g033.o(.text))
<BR>[Address Reference Count : 1]<UL><LI> startup_n32g033.o(RESET)
</UL>
<P><STRONG><a name="[16]"></a>I2C1_EV_IRQHandler</STRONG> (Thumb, 0 bytes, Stack size 0 bytes, startup_n32g033.o(.text))
<BR>[Address Reference Count : 1]<UL><LI> startup_n32g033.o(RESET)
</UL>
<P><STRONG><a name="[19]"></a>I2C2_ER_IRQHandler</STRONG> (Thumb, 0 bytes, Stack size 0 bytes, startup_n32g033.o(.text))
<BR>[Address Reference Count : 1]<UL><LI> startup_n32g033.o(RESET)
</UL>
<P><STRONG><a name="[18]"></a>I2C2_EV_IRQHandler</STRONG> (Thumb, 0 bytes, Stack size 0 bytes, startup_n32g033.o(.text))
<BR>[Address Reference Count : 1]<UL><LI> startup_n32g033.o(RESET)
</UL>
<P><STRONG><a name="[10]"></a>IWDG_IRQHandler</STRONG> (Thumb, 0 bytes, Stack size 0 bytes, startup_n32g033.o(.text))
<BR>[Address Reference Count : 1]<UL><LI> startup_n32g033.o(RESET)
</UL>
<P><STRONG><a name="[f]"></a>SPI1_IRQHandler</STRONG> (Thumb, 0 bytes, Stack size 0 bytes, startup_n32g033.o(.text))
<BR>[Address Reference Count : 1]<UL><LI> startup_n32g033.o(RESET)
</UL>
<P><STRONG><a name="[15]"></a>SPI2_IRQHandler</STRONG> (Thumb, 0 bytes, Stack size 0 bytes, startup_n32g033.o(.text))
<BR>[Address Reference Count : 1]<UL><LI> startup_n32g033.o(RESET)
</UL>
<P><STRONG><a name="[c]"></a>TIM1_BRK_UP_TRG_COM_IRQHandler</STRONG> (Thumb, 0 bytes, Stack size 0 bytes, startup_n32g033.o(.text))
<BR>[Address Reference Count : 1]<UL><LI> startup_n32g033.o(RESET)
</UL>
<P><STRONG><a name="[12]"></a>TIM3_IRQHandler</STRONG> (Thumb, 0 bytes, Stack size 0 bytes, startup_n32g033.o(.text))
<BR>[Address Reference Count : 1]<UL><LI> startup_n32g033.o(RESET)
</UL>
<P><STRONG><a name="[11]"></a>TIM4_IRQHandler</STRONG> (Thumb, 0 bytes, Stack size 0 bytes, startup_n32g033.o(.text))
<BR>[Address Reference Count : 1]<UL><LI> startup_n32g033.o(RESET)
</UL>
<P><STRONG><a name="[b]"></a>UART2_IRQHandler</STRONG> (Thumb, 0 bytes, Stack size 0 bytes, startup_n32g033.o(.text))
<BR>[Address Reference Count : 1]<UL><LI> startup_n32g033.o(RESET)
</UL>
<P><STRONG><a name="[14]"></a>UART3_IRQHandler</STRONG> (Thumb, 0 bytes, Stack size 0 bytes, startup_n32g033.o(.text))
<BR>[Address Reference Count : 1]<UL><LI> startup_n32g033.o(RESET)
</UL>
<P><STRONG><a name="[22]"></a>__aeabi_memset</STRONG> (Thumb, 14 bytes, Stack size 0 bytes, memseta.o(.text))
<BR><BR>[Called By]<UL><LI><a href="#[c8]">&gt;&gt;</a>&nbsp;&nbsp;&nbsp;variable_init
<LI><a href="#[23]">&gt;&gt;</a>&nbsp;&nbsp;&nbsp;_memset$wrapper
<LI><a href="#[21]">&gt;&gt;</a>&nbsp;&nbsp;&nbsp;__aeabi_memclr
</UL>

<P><STRONG><a name="[da]"></a>__aeabi_memset4</STRONG> (Thumb, 0 bytes, Stack size 0 bytes, memseta.o(.text), UNUSED)

<P><STRONG><a name="[db]"></a>__aeabi_memset8</STRONG> (Thumb, 0 bytes, Stack size 0 bytes, memseta.o(.text), UNUSED)

<P><STRONG><a name="[21]"></a>__aeabi_memclr</STRONG> (Thumb, 4 bytes, Stack size 0 bytes, memseta.o(.text))
<BR><BR>[Calls]<UL><LI><a href="#[22]">&gt;&gt;</a>&nbsp;&nbsp;&nbsp;__aeabi_memset
</UL>
<BR>[Called By]<UL><LI><a href="#[c9]">&gt;&gt;</a>&nbsp;&nbsp;&nbsp;r_uart0_service
<LI><a href="#[81]">&gt;&gt;</a>&nbsp;&nbsp;&nbsp;properties_up
<LI><a href="#[8e]">&gt;&gt;</a>&nbsp;&nbsp;&nbsp;Return_Properties
<LI><a href="#[c2]">&gt;&gt;</a>&nbsp;&nbsp;&nbsp;data_handle
</UL>

<P><STRONG><a name="[8f]"></a>__aeabi_memclr4</STRONG> (Thumb, 0 bytes, Stack size 0 bytes, memseta.o(.text))
<BR><BR>[Called By]<UL><LI><a href="#[c8]">&gt;&gt;</a>&nbsp;&nbsp;&nbsp;variable_init
<LI><a href="#[9e]">&gt;&gt;</a>&nbsp;&nbsp;&nbsp;TIM_InitOcStruct
<LI><a href="#[81]">&gt;&gt;</a>&nbsp;&nbsp;&nbsp;properties_up
<LI><a href="#[8e]">&gt;&gt;</a>&nbsp;&nbsp;&nbsp;Return_Properties
</UL>

<P><STRONG><a name="[dc]"></a>__aeabi_memclr8</STRONG> (Thumb, 0 bytes, Stack size 0 bytes, memseta.o(.text), UNUSED)

<P><STRONG><a name="[23]"></a>_memset$wrapper</STRONG> (Thumb, 18 bytes, Stack size 8 bytes, memseta.o(.text), UNUSED)
<BR><BR>[Calls]<UL><LI><a href="#[22]">&gt;&gt;</a>&nbsp;&nbsp;&nbsp;__aeabi_memset
</UL>

<P><STRONG><a name="[91]"></a>strlen</STRONG> (Thumb, 14 bytes, Stack size 0 bytes, strlen.o(.text))
<BR><BR>[Called By]<UL><LI><a href="#[81]">&gt;&gt;</a>&nbsp;&nbsp;&nbsp;properties_up
<LI><a href="#[8e]">&gt;&gt;</a>&nbsp;&nbsp;&nbsp;Return_Properties
</UL>

<P><STRONG><a name="[24]"></a>ADC_ClockModeConfig</STRONG> (Thumb, 8 bytes, Stack size 8 bytes, n32g033_adc.o(.text.ADC_ClockModeConfig))
<BR><BR>[Stack]<UL><LI>Max Depth = 8<LI>Call Chain = ADC_ClockModeConfig
</UL>
<BR>[Calls]<UL><LI><a href="#[25]">&gt;&gt;</a>&nbsp;&nbsp;&nbsp;RCC_ConfigAdcHclk
</UL>
<BR>[Called By]<UL><LI><a href="#[8b]">&gt;&gt;</a>&nbsp;&nbsp;&nbsp;RCC_Configuration
</UL>

<P><STRONG><a name="[dd]"></a>__I$use$fp</STRONG> (Thumb, 0 bytes, Stack size 8 bytes, iusefp.o(.text), UNUSED)

<P><STRONG><a name="[2]"></a>HardFault_Handler</STRONG> (Thumb, 2 bytes, Stack size 0 bytes, n32g033_it.o(.text.HardFault_Handler))
<BR><BR>[Calls]<UL><LI><a href="#[2]">&gt;&gt;</a>&nbsp;&nbsp;&nbsp;HardFault_Handler
</UL>
<BR>[Called By]<UL><LI><a href="#[2]">&gt;&gt;</a>&nbsp;&nbsp;&nbsp;HardFault_Handler
</UL>
<BR>[Address Reference Count : 1]<UL><LI> startup_n32g033.o(RESET)
</UL>
<P><STRONG><a name="[de]"></a>___aeabi_memcpy4$move</STRONG> (Thumb, 0 bytes, Stack size 8 bytes, memmovea.o(.text), UNUSED)

<P><STRONG><a name="[df]"></a>___aeabi_memcpy8$move</STRONG> (Thumb, 0 bytes, Stack size 8 bytes, memmovea.o(.text), UNUSED)

<P><STRONG><a name="[4e]"></a>__aeabi_memcpy</STRONG> (Thumb, 64 bytes, Stack size 8 bytes, memmovea.o(.text))
<BR><BR>[Stack]<UL><LI>Max Depth = 8<LI>Call Chain = __aeabi_memcpy
</UL>
<BR>[Called By]<UL><LI><a href="#[b5]">&gt;&gt;</a>&nbsp;&nbsp;&nbsp;_150ms_work
<LI><a href="#[8a]">&gt;&gt;</a>&nbsp;&nbsp;&nbsp;PowerOn_ModelSet
<LI><a href="#[81]">&gt;&gt;</a>&nbsp;&nbsp;&nbsp;properties_up
<LI><a href="#[4d]">&gt;&gt;</a>&nbsp;&nbsp;&nbsp;Action_deal
<LI><a href="#[93]">&gt;&gt;</a>&nbsp;&nbsp;&nbsp;Set_Properties
<LI><a href="#[8e]">&gt;&gt;</a>&nbsp;&nbsp;&nbsp;Return_Properties
</UL>

<P><STRONG><a name="[bb]"></a>__aeabi_memmove</STRONG> (Thumb, 0 bytes, Stack size 8 bytes, memmovea.o(.text))
<BR><BR>[Stack]<UL><LI>Max Depth = 8<LI>Call Chain = __aeabi_memmove
</UL>
<BR>[Called By]<UL><LI><a href="#[b8]">&gt;&gt;</a>&nbsp;&nbsp;&nbsp;alarm_signal_test_and_beep
</UL>

<P><STRONG><a name="[e0]"></a>__aeabi_memmove4</STRONG> (Thumb, 0 bytes, Stack size 8 bytes, memmovea.o(.text), UNUSED)

<P><STRONG><a name="[e1]"></a>__aeabi_memmove8</STRONG> (Thumb, 0 bytes, Stack size 8 bytes, memmovea.o(.text), UNUSED)

<P><STRONG><a name="[7d]"></a>memcmp</STRONG> (Thumb, 26 bytes, Stack size 12 bytes, memcmp.o(.text))
<BR><BR>[Stack]<UL><LI>Max Depth = 12<LI>Call Chain = memcmp
</UL>
<BR>[Called By]<UL><LI><a href="#[93]">&gt;&gt;</a>&nbsp;&nbsp;&nbsp;Set_Properties
<LI><a href="#[7c]">&gt;&gt;</a>&nbsp;&nbsp;&nbsp;Model_Net_Change
<LI><a href="#[c2]">&gt;&gt;</a>&nbsp;&nbsp;&nbsp;data_handle
</UL>

<P><STRONG><a name="[26]"></a>__aeabi_fadd</STRONG> (Thumb, 162 bytes, Stack size 24 bytes, fadd.o(.text))
<BR><BR>[Stack]<UL><LI>Max Depth = 36<LI>Call Chain = __aeabi_fadd &rArr; _float_epilogue
</UL>
<BR>[Calls]<UL><LI><a href="#[28]">&gt;&gt;</a>&nbsp;&nbsp;&nbsp;_float_round
<LI><a href="#[27]">&gt;&gt;</a>&nbsp;&nbsp;&nbsp;_float_epilogue
</UL>
<BR>[Called By]<UL><LI><a href="#[c7]">&gt;&gt;</a>&nbsp;&nbsp;&nbsp;read_data
<LI><a href="#[ba]">&gt;&gt;</a>&nbsp;&nbsp;&nbsp;motor_current_to_advalue
<LI><a href="#[7f]">&gt;&gt;</a>&nbsp;&nbsp;&nbsp;ModuleResetReq
<LI><a href="#[92]">&gt;&gt;</a>&nbsp;&nbsp;&nbsp;Run_to_position
<LI><a href="#[4d]">&gt;&gt;</a>&nbsp;&nbsp;&nbsp;Action_deal
<LI><a href="#[93]">&gt;&gt;</a>&nbsp;&nbsp;&nbsp;Set_Properties
<LI><a href="#[2a]">&gt;&gt;</a>&nbsp;&nbsp;&nbsp;__aeabi_frsub
<LI><a href="#[29]">&gt;&gt;</a>&nbsp;&nbsp;&nbsp;__aeabi_fsub
</UL>

<P><STRONG><a name="[29]"></a>__aeabi_fsub</STRONG> (Thumb, 8 bytes, Stack size 0 bytes, fadd.o(.text), UNUSED)
<BR><BR>[Calls]<UL><LI><a href="#[26]">&gt;&gt;</a>&nbsp;&nbsp;&nbsp;__aeabi_fadd
</UL>

<P><STRONG><a name="[2a]"></a>__aeabi_frsub</STRONG> (Thumb, 8 bytes, Stack size 0 bytes, fadd.o(.text), UNUSED)
<BR><BR>[Calls]<UL><LI><a href="#[26]">&gt;&gt;</a>&nbsp;&nbsp;&nbsp;__aeabi_fadd
</UL>

<P><STRONG><a name="[52]"></a>__aeabi_fmul</STRONG> (Thumb, 122 bytes, Stack size 16 bytes, fmul.o(.text))
<BR><BR>[Stack]<UL><LI>Max Depth = 16<LI>Call Chain = __aeabi_fmul
</UL>
<BR>[Called By]<UL><LI><a href="#[c7]">&gt;&gt;</a>&nbsp;&nbsp;&nbsp;read_data
<LI><a href="#[7f]">&gt;&gt;</a>&nbsp;&nbsp;&nbsp;ModuleResetReq
<LI><a href="#[92]">&gt;&gt;</a>&nbsp;&nbsp;&nbsp;Run_to_position
<LI><a href="#[4d]">&gt;&gt;</a>&nbsp;&nbsp;&nbsp;Action_deal
<LI><a href="#[93]">&gt;&gt;</a>&nbsp;&nbsp;&nbsp;Set_Properties
</UL>

<P><STRONG><a name="[2b]"></a>__aeabi_fdiv</STRONG> (Thumb, 124 bytes, Stack size 16 bytes, fdiv.o(.text))
<BR><BR>[Stack]<UL><LI>Max Depth = 16<LI>Call Chain = __aeabi_fdiv
</UL>
<BR>[Calls]<UL><LI><a href="#[28]">&gt;&gt;</a>&nbsp;&nbsp;&nbsp;_float_round
</UL>
<BR>[Called By]<UL><LI><a href="#[ba]">&gt;&gt;</a>&nbsp;&nbsp;&nbsp;motor_current_to_advalue
</UL>

<P><STRONG><a name="[2c]"></a>__aeabi_dadd</STRONG> (Thumb, 328 bytes, Stack size 48 bytes, dadd.o(.text))
<BR><BR>[Stack]<UL><LI>Max Depth = 104<LI>Call Chain = __aeabi_dadd &rArr; _double_epilogue &rArr; __aeabi_llsr
</UL>
<BR>[Calls]<UL><LI><a href="#[2e]">&gt;&gt;</a>&nbsp;&nbsp;&nbsp;__aeabi_lasr
<LI><a href="#[2d]">&gt;&gt;</a>&nbsp;&nbsp;&nbsp;__aeabi_llsl
<LI><a href="#[30]">&gt;&gt;</a>&nbsp;&nbsp;&nbsp;_double_round
<LI><a href="#[2f]">&gt;&gt;</a>&nbsp;&nbsp;&nbsp;_double_epilogue
</UL>
<BR>[Called By]<UL><LI><a href="#[ba]">&gt;&gt;</a>&nbsp;&nbsp;&nbsp;motor_current_to_advalue
<LI><a href="#[32]">&gt;&gt;</a>&nbsp;&nbsp;&nbsp;__aeabi_drsub
<LI><a href="#[31]">&gt;&gt;</a>&nbsp;&nbsp;&nbsp;__aeabi_dsub
</UL>

<P><STRONG><a name="[31]"></a>__aeabi_dsub</STRONG> (Thumb, 12 bytes, Stack size 8 bytes, dadd.o(.text), UNUSED)
<BR><BR>[Calls]<UL><LI><a href="#[2c]">&gt;&gt;</a>&nbsp;&nbsp;&nbsp;__aeabi_dadd
</UL>

<P><STRONG><a name="[32]"></a>__aeabi_drsub</STRONG> (Thumb, 12 bytes, Stack size 8 bytes, dadd.o(.text), UNUSED)
<BR><BR>[Calls]<UL><LI><a href="#[2c]">&gt;&gt;</a>&nbsp;&nbsp;&nbsp;__aeabi_dadd
</UL>

<P><STRONG><a name="[33]"></a>__aeabi_dmul</STRONG> (Thumb, 202 bytes, Stack size 72 bytes, dmul.o(.text))
<BR><BR>[Stack]<UL><LI>Max Depth = 128<LI>Call Chain = __aeabi_dmul &rArr; _double_epilogue &rArr; __aeabi_llsr
</UL>
<BR>[Calls]<UL><LI><a href="#[2f]">&gt;&gt;</a>&nbsp;&nbsp;&nbsp;_double_epilogue
</UL>
<BR>[Called By]<UL><LI><a href="#[b5]">&gt;&gt;</a>&nbsp;&nbsp;&nbsp;_150ms_work
<LI><a href="#[ba]">&gt;&gt;</a>&nbsp;&nbsp;&nbsp;motor_current_to_advalue
</UL>

<P><STRONG><a name="[34]"></a>__aeabi_ddiv</STRONG> (Thumb, 234 bytes, Stack size 40 bytes, ddiv.o(.text))
<BR><BR>[Stack]<UL><LI>Max Depth = 48<LI>Call Chain = __aeabi_ddiv &rArr; _double_round
</UL>
<BR>[Calls]<UL><LI><a href="#[30]">&gt;&gt;</a>&nbsp;&nbsp;&nbsp;_double_round
</UL>
<BR>[Called By]<UL><LI><a href="#[b5]">&gt;&gt;</a>&nbsp;&nbsp;&nbsp;_150ms_work
<LI><a href="#[b8]">&gt;&gt;</a>&nbsp;&nbsp;&nbsp;alarm_signal_test_and_beep
<LI><a href="#[ba]">&gt;&gt;</a>&nbsp;&nbsp;&nbsp;motor_current_to_advalue
</UL>

<P><STRONG><a name="[35]"></a>__aeabi_ui2f</STRONG> (Thumb, 14 bytes, Stack size 8 bytes, ffltui.o(.text))
<BR><BR>[Stack]<UL><LI>Max Depth = 20<LI>Call Chain = __aeabi_ui2f &rArr; _float_epilogue
</UL>
<BR>[Calls]<UL><LI><a href="#[27]">&gt;&gt;</a>&nbsp;&nbsp;&nbsp;_float_epilogue
</UL>
<BR>[Called By]<UL><LI><a href="#[b8]">&gt;&gt;</a>&nbsp;&nbsp;&nbsp;alarm_signal_test_and_beep
<LI><a href="#[c7]">&gt;&gt;</a>&nbsp;&nbsp;&nbsp;read_data
<LI><a href="#[ba]">&gt;&gt;</a>&nbsp;&nbsp;&nbsp;motor_current_to_advalue
<LI><a href="#[7f]">&gt;&gt;</a>&nbsp;&nbsp;&nbsp;ModuleResetReq
<LI><a href="#[92]">&gt;&gt;</a>&nbsp;&nbsp;&nbsp;Run_to_position
<LI><a href="#[4d]">&gt;&gt;</a>&nbsp;&nbsp;&nbsp;Action_deal
<LI><a href="#[93]">&gt;&gt;</a>&nbsp;&nbsp;&nbsp;Set_Properties
</UL>

<P><STRONG><a name="[36]"></a>__aeabi_i2d</STRONG> (Thumb, 34 bytes, Stack size 16 bytes, dflti.o(.text))
<BR><BR>[Stack]<UL><LI>Max Depth = 72<LI>Call Chain = __aeabi_i2d &rArr; _double_epilogue &rArr; __aeabi_llsr
</UL>
<BR>[Calls]<UL><LI><a href="#[2f]">&gt;&gt;</a>&nbsp;&nbsp;&nbsp;_double_epilogue
</UL>
<BR>[Called By]<UL><LI><a href="#[b5]">&gt;&gt;</a>&nbsp;&nbsp;&nbsp;_150ms_work
<LI><a href="#[b8]">&gt;&gt;</a>&nbsp;&nbsp;&nbsp;alarm_signal_test_and_beep
</UL>

<P><STRONG><a name="[53]"></a>__aeabi_f2iz</STRONG> (Thumb, 50 bytes, Stack size 0 bytes, ffixi.o(.text))
<BR><BR>[Called By]<UL><LI><a href="#[c7]">&gt;&gt;</a>&nbsp;&nbsp;&nbsp;read_data
<LI><a href="#[7f]">&gt;&gt;</a>&nbsp;&nbsp;&nbsp;ModuleResetReq
<LI><a href="#[92]">&gt;&gt;</a>&nbsp;&nbsp;&nbsp;Run_to_position
<LI><a href="#[4d]">&gt;&gt;</a>&nbsp;&nbsp;&nbsp;Action_deal
<LI><a href="#[93]">&gt;&gt;</a>&nbsp;&nbsp;&nbsp;Set_Properties
</UL>

<P><STRONG><a name="[37]"></a>__aeabi_d2iz</STRONG> (Thumb, 62 bytes, Stack size 16 bytes, dfixi.o(.text))
<BR><BR>[Stack]<UL><LI>Max Depth = 24<LI>Call Chain = __aeabi_d2iz &rArr; __aeabi_llsr
</UL>
<BR>[Calls]<UL><LI><a href="#[38]">&gt;&gt;</a>&nbsp;&nbsp;&nbsp;__aeabi_llsr
</UL>
<BR>[Called By]<UL><LI><a href="#[b5]">&gt;&gt;</a>&nbsp;&nbsp;&nbsp;_150ms_work
<LI><a href="#[b8]">&gt;&gt;</a>&nbsp;&nbsp;&nbsp;alarm_signal_test_and_beep
<LI><a href="#[ba]">&gt;&gt;</a>&nbsp;&nbsp;&nbsp;motor_current_to_advalue
</UL>

<P><STRONG><a name="[cb]"></a>__aeabi_f2d</STRONG> (Thumb, 40 bytes, Stack size 0 bytes, f2d.o(.text))
<BR><BR>[Called By]<UL><LI><a href="#[ba]">&gt;&gt;</a>&nbsp;&nbsp;&nbsp;motor_current_to_advalue
</UL>

<P><STRONG><a name="[6a]"></a>__aeabi_uidiv</STRONG> (Thumb, 0 bytes, Stack size 16 bytes, uidiv_div0.o(.text))
<BR><BR>[Stack]<UL><LI>Max Depth = 16<LI>Call Chain = __aeabi_uidiv
</UL>
<BR>[Called By]<UL><LI><a href="#[8d]">&gt;&gt;</a>&nbsp;&nbsp;&nbsp;RCC_GetClocksFreqValue
<LI><a href="#[6f]">&gt;&gt;</a>&nbsp;&nbsp;&nbsp;light_work
<LI><a href="#[3e]">&gt;&gt;</a>&nbsp;&nbsp;&nbsp;HAL_ADC_IRQHandler_BACK
<LI><a href="#[b4]">&gt;&gt;</a>&nbsp;&nbsp;&nbsp;UART_Init
<LI><a href="#[7c]">&gt;&gt;</a>&nbsp;&nbsp;&nbsp;Model_Net_Change
</UL>

<P><STRONG><a name="[3a]"></a>__aeabi_uidivmod</STRONG> (Thumb, 62 bytes, Stack size 16 bytes, uidiv_div0.o(.text), UNUSED)
<BR><BR>[Called By]<UL><LI><a href="#[39]">&gt;&gt;</a>&nbsp;&nbsp;&nbsp;__aeabi_idivmod$div0
</UL>

<P><STRONG><a name="[5d]"></a>__aeabi_idiv</STRONG> (Thumb, 0 bytes, Stack size 16 bytes, idiv_div0.o(.text))
<BR><BR>[Stack]<UL><LI>Max Depth = 16<LI>Call Chain = __aeabi_idiv
</UL>
<BR>[Called By]<UL><LI><a href="#[6f]">&gt;&gt;</a>&nbsp;&nbsp;&nbsp;light_work
<LI><a href="#[c7]">&gt;&gt;</a>&nbsp;&nbsp;&nbsp;read_data
<LI><a href="#[7f]">&gt;&gt;</a>&nbsp;&nbsp;&nbsp;ModuleResetReq
<LI><a href="#[4f]">&gt;&gt;</a>&nbsp;&nbsp;&nbsp;Cmd_Light
<LI><a href="#[93]">&gt;&gt;</a>&nbsp;&nbsp;&nbsp;Set_Properties
</UL>

<P><STRONG><a name="[39]"></a>__aeabi_idivmod$div0</STRONG> (Thumb, 74 bytes, Stack size 16 bytes, idiv_div0.o(.text), UNUSED)
<BR><BR>[Calls]<UL><LI><a href="#[3a]">&gt;&gt;</a>&nbsp;&nbsp;&nbsp;__aeabi_uidivmod
</UL>

<P><STRONG><a name="[3b]"></a>__aeabi_uldivmod</STRONG> (Thumb, 96 bytes, Stack size 48 bytes, uldiv.o(.text), UNUSED)
<BR><BR>[Calls]<UL><LI><a href="#[38]">&gt;&gt;</a>&nbsp;&nbsp;&nbsp;__aeabi_llsr
<LI><a href="#[2d]">&gt;&gt;</a>&nbsp;&nbsp;&nbsp;__aeabi_llsl
</UL>
<BR>[Called By]<UL><LI><a href="#[d1]">&gt;&gt;</a>&nbsp;&nbsp;&nbsp;_printf_core
</UL>

<P><STRONG><a name="[2d]"></a>__aeabi_llsl</STRONG> (Thumb, 32 bytes, Stack size 8 bytes, llshl.o(.text))
<BR><BR>[Stack]<UL><LI>Max Depth = 8<LI>Call Chain = __aeabi_llsl
</UL>
<BR>[Called By]<UL><LI><a href="#[2c]">&gt;&gt;</a>&nbsp;&nbsp;&nbsp;__aeabi_dadd
<LI><a href="#[3b]">&gt;&gt;</a>&nbsp;&nbsp;&nbsp;__aeabi_uldivmod
<LI><a href="#[2f]">&gt;&gt;</a>&nbsp;&nbsp;&nbsp;_double_epilogue
</UL>

<P><STRONG><a name="[e2]"></a>_ll_shift_l</STRONG> (Thumb, 0 bytes, Stack size 8 bytes, llshl.o(.text), UNUSED)

<P><STRONG><a name="[38]"></a>__aeabi_llsr</STRONG> (Thumb, 34 bytes, Stack size 8 bytes, llushr.o(.text))
<BR><BR>[Stack]<UL><LI>Max Depth = 8<LI>Call Chain = __aeabi_llsr
</UL>
<BR>[Called By]<UL><LI><a href="#[37]">&gt;&gt;</a>&nbsp;&nbsp;&nbsp;__aeabi_d2iz
<LI><a href="#[3b]">&gt;&gt;</a>&nbsp;&nbsp;&nbsp;__aeabi_uldivmod
<LI><a href="#[2f]">&gt;&gt;</a>&nbsp;&nbsp;&nbsp;_double_epilogue
</UL>

<P><STRONG><a name="[e3]"></a>_ll_ushift_r</STRONG> (Thumb, 0 bytes, Stack size 8 bytes, llushr.o(.text), UNUSED)

<P><STRONG><a name="[2e]"></a>__aeabi_lasr</STRONG> (Thumb, 38 bytes, Stack size 8 bytes, llsshr.o(.text))
<BR><BR>[Stack]<UL><LI>Max Depth = 8<LI>Call Chain = __aeabi_lasr
</UL>
<BR>[Called By]<UL><LI><a href="#[2c]">&gt;&gt;</a>&nbsp;&nbsp;&nbsp;__aeabi_dadd
</UL>

<P><STRONG><a name="[e4]"></a>_ll_sshift_r</STRONG> (Thumb, 0 bytes, Stack size 8 bytes, llsshr.o(.text), UNUSED)

<P><STRONG><a name="[28]"></a>_float_round</STRONG> (Thumb, 16 bytes, Stack size 0 bytes, fepilogue.o(.text))
<BR><BR>[Called By]<UL><LI><a href="#[2b]">&gt;&gt;</a>&nbsp;&nbsp;&nbsp;__aeabi_fdiv
<LI><a href="#[26]">&gt;&gt;</a>&nbsp;&nbsp;&nbsp;__aeabi_fadd
</UL>

<P><STRONG><a name="[27]"></a>_float_epilogue</STRONG> (Thumb, 114 bytes, Stack size 12 bytes, fepilogue.o(.text))
<BR><BR>[Stack]<UL><LI>Max Depth = 12<LI>Call Chain = _float_epilogue
</UL>
<BR>[Called By]<UL><LI><a href="#[26]">&gt;&gt;</a>&nbsp;&nbsp;&nbsp;__aeabi_fadd
<LI><a href="#[35]">&gt;&gt;</a>&nbsp;&nbsp;&nbsp;__aeabi_ui2f
</UL>

<P><STRONG><a name="[30]"></a>_double_round</STRONG> (Thumb, 26 bytes, Stack size 8 bytes, depilogue.o(.text))
<BR><BR>[Stack]<UL><LI>Max Depth = 8<LI>Call Chain = _double_round
</UL>
<BR>[Called By]<UL><LI><a href="#[2c]">&gt;&gt;</a>&nbsp;&nbsp;&nbsp;__aeabi_dadd
<LI><a href="#[34]">&gt;&gt;</a>&nbsp;&nbsp;&nbsp;__aeabi_ddiv
<LI><a href="#[2f]">&gt;&gt;</a>&nbsp;&nbsp;&nbsp;_double_epilogue
</UL>

<P><STRONG><a name="[2f]"></a>_double_epilogue</STRONG> (Thumb, 164 bytes, Stack size 48 bytes, depilogue.o(.text))
<BR><BR>[Stack]<UL><LI>Max Depth = 56<LI>Call Chain = _double_epilogue &rArr; __aeabi_llsr
</UL>
<BR>[Calls]<UL><LI><a href="#[3c]">&gt;&gt;</a>&nbsp;&nbsp;&nbsp;__ARM_clz
<LI><a href="#[38]">&gt;&gt;</a>&nbsp;&nbsp;&nbsp;__aeabi_llsr
<LI><a href="#[2d]">&gt;&gt;</a>&nbsp;&nbsp;&nbsp;__aeabi_llsl
<LI><a href="#[30]">&gt;&gt;</a>&nbsp;&nbsp;&nbsp;_double_round
</UL>
<BR>[Called By]<UL><LI><a href="#[2c]">&gt;&gt;</a>&nbsp;&nbsp;&nbsp;__aeabi_dadd
<LI><a href="#[33]">&gt;&gt;</a>&nbsp;&nbsp;&nbsp;__aeabi_dmul
<LI><a href="#[36]">&gt;&gt;</a>&nbsp;&nbsp;&nbsp;__aeabi_i2d
</UL>

<P><STRONG><a name="[20]"></a>__scatterload</STRONG> (Thumb, 38 bytes, Stack size 0 bytes, init.o(.text))
<BR><BR>[Calls]<UL><LI><a href="#[3d]">&gt;&gt;</a>&nbsp;&nbsp;&nbsp;__main_after_scatterload
</UL>
<BR>[Called By]<UL><LI><a href="#[1f]">&gt;&gt;</a>&nbsp;&nbsp;&nbsp;_main_scatterload
</UL>

<P><STRONG><a name="[e5]"></a>__scatterload_rt2</STRONG> (Thumb, 0 bytes, Stack size 0 bytes, init.o(.text), UNUSED)

<P><STRONG><a name="[4b]"></a>ADC_ClearFlag</STRONG> (Thumb, 12 bytes, Stack size 0 bytes, n32g033_adc.o(.text.ADC_ClearFlag))
<BR><BR>[Called By]<UL><LI><a href="#[4a]">&gt;&gt;</a>&nbsp;&nbsp;&nbsp;ADC_StartConversion
</UL>

<P><STRONG><a name="[6b]"></a>ADC_ClearIntPendingBit</STRONG> (Thumb, 8 bytes, Stack size 0 bytes, n32g033_adc.o(.text.ADC_ClearIntPendingBit))
<BR><BR>[Called By]<UL><LI><a href="#[3e]">&gt;&gt;</a>&nbsp;&nbsp;&nbsp;HAL_ADC_IRQHandler_BACK
</UL>

<P><STRONG><a name="[45]"></a>ADC_ConfigInt</STRONG> (Thumb, 20 bytes, Stack size 0 bytes, n32g033_adc.o(.text.ADC_ConfigInt))
<BR><BR>[Called By]<UL><LI><a href="#[3f]">&gt;&gt;</a>&nbsp;&nbsp;&nbsp;ADC_Initial
</UL>

<P><STRONG><a name="[44]"></a>ADC_ConfigRegularChannel</STRONG> (Thumb, 132 bytes, Stack size 24 bytes, n32g033_adc.o(.text.ADC_ConfigRegularChannel))
<BR><BR>[Stack]<UL><LI>Max Depth = 24<LI>Call Chain = ADC_ConfigRegularChannel
</UL>
<BR>[Called By]<UL><LI><a href="#[3f]">&gt;&gt;</a>&nbsp;&nbsp;&nbsp;ADC_Initial
</UL>

<P><STRONG><a name="[48]"></a>ADC_Enable</STRONG> (Thumb, 20 bytes, Stack size 0 bytes, n32g033_adc.o(.text.ADC_Enable))
<BR><BR>[Called By]<UL><LI><a href="#[3f]">&gt;&gt;</a>&nbsp;&nbsp;&nbsp;ADC_Initial
</UL>

<P><STRONG><a name="[4c]"></a>ADC_EnableChannelStartConv</STRONG> (Thumb, 16 bytes, Stack size 0 bytes, n32g033_adc.o(.text.ADC_EnableChannelStartConv))
<BR><BR>[Called By]<UL><LI><a href="#[4a]">&gt;&gt;</a>&nbsp;&nbsp;&nbsp;ADC_StartConversion
</UL>

<P><STRONG><a name="[47]"></a>ADC_EnableSoftwareTrig</STRONG> (Thumb, 24 bytes, Stack size 0 bytes, n32g033_adc.o(.text.ADC_EnableSoftwareTrig))
<BR><BR>[Called By]<UL><LI><a href="#[3e]">&gt;&gt;</a>&nbsp;&nbsp;&nbsp;HAL_ADC_IRQHandler_BACK
<LI><a href="#[4a]">&gt;&gt;</a>&nbsp;&nbsp;&nbsp;ADC_StartConversion
<LI><a href="#[3f]">&gt;&gt;</a>&nbsp;&nbsp;&nbsp;ADC_Initial
</UL>

<P><STRONG><a name="[49]"></a>ADC_GetFlagStatus</STRONG> (Thumb, 12 bytes, Stack size 0 bytes, n32g033_adc.o(.text.ADC_GetFlagStatus))
<BR><BR>[Called By]<UL><LI><a href="#[3f]">&gt;&gt;</a>&nbsp;&nbsp;&nbsp;ADC_Initial
</UL>

<P><STRONG><a name="[69]"></a>ADC_GetGroupConvDat</STRONG> (Thumb, 8 bytes, Stack size 0 bytes, n32g033_adc.o(.text.ADC_GetGroupConvDat))
<BR><BR>[Called By]<UL><LI><a href="#[3e]">&gt;&gt;</a>&nbsp;&nbsp;&nbsp;HAL_ADC_IRQHandler_BACK
</UL>

<P><STRONG><a name="[68]"></a>ADC_GetIntStatus</STRONG> (Thumb, 12 bytes, Stack size 0 bytes, n32g033_adc.o(.text.ADC_GetIntStatus))
<BR><BR>[Called By]<UL><LI><a href="#[3e]">&gt;&gt;</a>&nbsp;&nbsp;&nbsp;HAL_ADC_IRQHandler_BACK
</UL>

<P><STRONG><a name="[e]"></a>ADC_IRQHandler</STRONG> (Thumb, 8 bytes, Stack size 8 bytes, n32g033_it.o(.text.ADC_IRQHandler))
<BR><BR>[Stack]<UL><LI>Max Depth = 40<LI>Call Chain = ADC_IRQHandler &rArr; HAL_ADC_IRQHandler_BACK &rArr; __aeabi_uidiv
</UL>
<BR>[Calls]<UL><LI><a href="#[3e]">&gt;&gt;</a>&nbsp;&nbsp;&nbsp;HAL_ADC_IRQHandler_BACK
</UL>
<BR>[Address Reference Count : 1]<UL><LI> startup_n32g033.o(RESET)
</UL>
<P><STRONG><a name="[43]"></a>ADC_Init</STRONG> (Thumb, 172 bytes, Stack size 20 bytes, n32g033_adc.o(.text.ADC_Init))
<BR><BR>[Stack]<UL><LI>Max Depth = 20<LI>Call Chain = ADC_Init
</UL>
<BR>[Called By]<UL><LI><a href="#[3f]">&gt;&gt;</a>&nbsp;&nbsp;&nbsp;ADC_Initial
</UL>

<P><STRONG><a name="[3f]"></a>ADC_Initial</STRONG> (Thumb, 148 bytes, Stack size 80 bytes, dri_adc.o(.text.ADC_Initial))
<BR><BR>[Stack]<UL><LI>Max Depth = 124<LI>Call Chain = ADC_Initial &rArr; GPIO_InitPeripheral
</UL>
<BR>[Calls]<UL><LI><a href="#[40]">&gt;&gt;</a>&nbsp;&nbsp;&nbsp;RCC_EnableAPBPeriphClk
<LI><a href="#[41]">&gt;&gt;</a>&nbsp;&nbsp;&nbsp;GPIO_InitStruct
<LI><a href="#[42]">&gt;&gt;</a>&nbsp;&nbsp;&nbsp;GPIO_InitPeripheral
<LI><a href="#[44]">&gt;&gt;</a>&nbsp;&nbsp;&nbsp;ADC_ConfigRegularChannel
<LI><a href="#[49]">&gt;&gt;</a>&nbsp;&nbsp;&nbsp;ADC_GetFlagStatus
<LI><a href="#[47]">&gt;&gt;</a>&nbsp;&nbsp;&nbsp;ADC_EnableSoftwareTrig
<LI><a href="#[45]">&gt;&gt;</a>&nbsp;&nbsp;&nbsp;ADC_ConfigInt
<LI><a href="#[48]">&gt;&gt;</a>&nbsp;&nbsp;&nbsp;ADC_Enable
<LI><a href="#[43]">&gt;&gt;</a>&nbsp;&nbsp;&nbsp;ADC_Init
<LI><a href="#[46]">&gt;&gt;</a>&nbsp;&nbsp;&nbsp;NVIC_Init
</UL>
<BR>[Called By]<UL><LI><a href="#[1b]">&gt;&gt;</a>&nbsp;&nbsp;&nbsp;main
</UL>

<P><STRONG><a name="[4a]"></a>ADC_StartConversion</STRONG> (Thumb, 32 bytes, Stack size 8 bytes, dri_adc.o(.text.ADC_StartConversion))
<BR><BR>[Stack]<UL><LI>Max Depth = 8<LI>Call Chain = ADC_StartConversion
</UL>
<BR>[Calls]<UL><LI><a href="#[4c]">&gt;&gt;</a>&nbsp;&nbsp;&nbsp;ADC_EnableChannelStartConv
<LI><a href="#[4b]">&gt;&gt;</a>&nbsp;&nbsp;&nbsp;ADC_ClearFlag
<LI><a href="#[47]">&gt;&gt;</a>&nbsp;&nbsp;&nbsp;ADC_EnableSoftwareTrig
</UL>
<BR>[Called By]<UL><LI><a href="#[1b]">&gt;&gt;</a>&nbsp;&nbsp;&nbsp;main
</UL>

<P><STRONG><a name="[4d]"></a>Action_deal</STRONG> (Thumb, 396 bytes, Stack size 24 bytes, app_uart.o(.text.Action_deal))
<BR><BR>[Stack]<UL><LI>Max Depth = 96<LI>Call Chain = Action_deal &rArr; match_data_clear &rArr; Flash_WriteStruct &rArr; FLASH_ProgramWord
</UL>
<BR>[Calls]<UL><LI><a href="#[54]">&gt;&gt;</a>&nbsp;&nbsp;&nbsp;r_uart0_send_bytes
<LI><a href="#[50]">&gt;&gt;</a>&nbsp;&nbsp;&nbsp;SetupBzhx
<LI><a href="#[4e]">&gt;&gt;</a>&nbsp;&nbsp;&nbsp;__aeabi_memcpy
<LI><a href="#[51]">&gt;&gt;</a>&nbsp;&nbsp;&nbsp;match_data_clear
<LI><a href="#[53]">&gt;&gt;</a>&nbsp;&nbsp;&nbsp;__aeabi_f2iz
<LI><a href="#[26]">&gt;&gt;</a>&nbsp;&nbsp;&nbsp;__aeabi_fadd
<LI><a href="#[52]">&gt;&gt;</a>&nbsp;&nbsp;&nbsp;__aeabi_fmul
<LI><a href="#[35]">&gt;&gt;</a>&nbsp;&nbsp;&nbsp;__aeabi_ui2f
<LI><a href="#[4f]">&gt;&gt;</a>&nbsp;&nbsp;&nbsp;Cmd_Light
</UL>
<BR>[Called By]<UL><LI><a href="#[c2]">&gt;&gt;</a>&nbsp;&nbsp;&nbsp;data_handle
</UL>

<P><STRONG><a name="[55]"></a>BootLoardDeal</STRONG> (Thumb, 148 bytes, Stack size 0 bytes, app_uart.o(.text.BootLoardDeal))
<BR><BR>[Stack]<UL><LI>Max Depth = 64<LI>Call Chain = BootLoardDeal &rArr; Flash_WriteStruct &rArr; FLASH_ProgramWord
</UL>
<BR>[Calls]<UL><LI><a href="#[56]">&gt;&gt;</a>&nbsp;&nbsp;&nbsp;GPIO_ResetBits
<LI><a href="#[59]">&gt;&gt;</a>&nbsp;&nbsp;&nbsp;Flash_WriteStruct
<LI><a href="#[58]">&gt;&gt;</a>&nbsp;&nbsp;&nbsp;UART_ConfigInt
<LI><a href="#[57]">&gt;&gt;</a>&nbsp;&nbsp;&nbsp;TIM_Enable
</UL>
<BR>[Called By]<UL><LI><a href="#[c2]">&gt;&gt;</a>&nbsp;&nbsp;&nbsp;data_handle
</UL>

<P><STRONG><a name="[5a]"></a>CmdBzhx</STRONG> (Thumb, 180 bytes, Stack size 16 bytes, app_buzz.o(.text.CmdBzhx))
<BR><BR>[Stack]<UL><LI>Max Depth = 16<LI>Call Chain = CmdBzhx
</UL>
<BR>[Calls]<UL><LI><a href="#[56]">&gt;&gt;</a>&nbsp;&nbsp;&nbsp;GPIO_ResetBits
<LI><a href="#[5b]">&gt;&gt;</a>&nbsp;&nbsp;&nbsp;GPIO_SetBits
<LI><a href="#[5c]">&gt;&gt;</a>&nbsp;&nbsp;&nbsp;TIM_ConfigPrescaler
<LI><a href="#[57]">&gt;&gt;</a>&nbsp;&nbsp;&nbsp;TIM_Enable
</UL>
<BR>[Called By]<UL><LI><a href="#[1b]">&gt;&gt;</a>&nbsp;&nbsp;&nbsp;main
</UL>

<P><STRONG><a name="[4f]"></a>Cmd_Light</STRONG> (Thumb, 156 bytes, Stack size 16 bytes, app_led.o(.text.Cmd_Light))
<BR><BR>[Stack]<UL><LI>Max Depth = 32<LI>Call Chain = Cmd_Light &rArr; SetupBzhx
</UL>
<BR>[Calls]<UL><LI><a href="#[50]">&gt;&gt;</a>&nbsp;&nbsp;&nbsp;SetupBzhx
<LI><a href="#[5d]">&gt;&gt;</a>&nbsp;&nbsp;&nbsp;__aeabi_idiv
</UL>
<BR>[Called By]<UL><LI><a href="#[c0]">&gt;&gt;</a>&nbsp;&nbsp;&nbsp;capture_433key_judge_answer
<LI><a href="#[4d]">&gt;&gt;</a>&nbsp;&nbsp;&nbsp;Action_deal
<LI><a href="#[93]">&gt;&gt;</a>&nbsp;&nbsp;&nbsp;Set_Properties
</UL>

<P><STRONG><a name="[5e]"></a>Cmd_Motor_Down</STRONG> (Thumb, 184 bytes, Stack size 8 bytes, app_motor.o(.text.Cmd_Motor_Down))
<BR><BR>[Stack]<UL><LI>Max Depth = 24<LI>Call Chain = Cmd_Motor_Down &rArr; SetupBzhx
</UL>
<BR>[Calls]<UL><LI><a href="#[50]">&gt;&gt;</a>&nbsp;&nbsp;&nbsp;SetupBzhx
</UL>
<BR>[Called By]<UL><LI><a href="#[c0]">&gt;&gt;</a>&nbsp;&nbsp;&nbsp;capture_433key_judge_answer
<LI><a href="#[93]">&gt;&gt;</a>&nbsp;&nbsp;&nbsp;Set_Properties
</UL>

<P><STRONG><a name="[5f]"></a>Cmd_Motor_Stop</STRONG> (Thumb, 84 bytes, Stack size 8 bytes, app_motor.o(.text.Cmd_Motor_Stop))
<BR><BR>[Stack]<UL><LI>Max Depth = 24<LI>Call Chain = Cmd_Motor_Stop &rArr; SetupBzhx
</UL>
<BR>[Calls]<UL><LI><a href="#[50]">&gt;&gt;</a>&nbsp;&nbsp;&nbsp;SetupBzhx
</UL>
<BR>[Called By]<UL><LI><a href="#[c0]">&gt;&gt;</a>&nbsp;&nbsp;&nbsp;capture_433key_judge_answer
<LI><a href="#[93]">&gt;&gt;</a>&nbsp;&nbsp;&nbsp;Set_Properties
</UL>

<P><STRONG><a name="[60]"></a>Cmd_Motor_Up</STRONG> (Thumb, 180 bytes, Stack size 16 bytes, app_motor.o(.text.Cmd_Motor_Up))
<BR><BR>[Stack]<UL><LI>Max Depth = 32<LI>Call Chain = Cmd_Motor_Up &rArr; SetupBzhx
</UL>
<BR>[Calls]<UL><LI><a href="#[50]">&gt;&gt;</a>&nbsp;&nbsp;&nbsp;SetupBzhx
</UL>
<BR>[Called By]<UL><LI><a href="#[c0]">&gt;&gt;</a>&nbsp;&nbsp;&nbsp;capture_433key_judge_answer
<LI><a href="#[93]">&gt;&gt;</a>&nbsp;&nbsp;&nbsp;Set_Properties
</UL>

<P><STRONG><a name="[8]"></a>EXTI0_6_IRQHandler</STRONG> (Thumb, 8 bytes, Stack size 8 bytes, n32g033_it.o(.text.EXTI0_6_IRQHandler))
<BR><BR>[Stack]<UL><LI>Max Depth = 64<LI>Call Chain = EXTI0_6_IRQHandler &rArr; HAL_EXIT_IRQHandler_BACK &rArr; light_work &rArr; __aeabi_idiv
</UL>
<BR>[Calls]<UL><LI><a href="#[61]">&gt;&gt;</a>&nbsp;&nbsp;&nbsp;HAL_EXIT_IRQHandler_BACK
</UL>
<BR>[Address Reference Count : 1]<UL><LI> startup_n32g033.o(RESET)
</UL>
<P><STRONG><a name="[71]"></a>EXTI_ClrITPendBit</STRONG> (Thumb, 8 bytes, Stack size 0 bytes, n32g033_exti.o(.text.EXTI_ClrITPendBit))
<BR><BR>[Called By]<UL><LI><a href="#[6]">&gt;&gt;</a>&nbsp;&nbsp;&nbsp;PVD_IRQHandler
<LI><a href="#[61]">&gt;&gt;</a>&nbsp;&nbsp;&nbsp;HAL_EXIT_IRQHandler_BACK
<LI><a href="#[13]">&gt;&gt;</a>&nbsp;&nbsp;&nbsp;TIM6_IRQHandler
</UL>

<P><STRONG><a name="[6d]"></a>EXTI_ClrStatusFlag</STRONG> (Thumb, 8 bytes, Stack size 0 bytes, n32g033_exti.o(.text.EXTI_ClrStatusFlag))
<BR><BR>[Called By]<UL><LI><a href="#[61]">&gt;&gt;</a>&nbsp;&nbsp;&nbsp;HAL_EXIT_IRQHandler_BACK
</UL>

<P><STRONG><a name="[86]"></a>EXTI_GetITStatus</STRONG> (Thumb, 24 bytes, Stack size 0 bytes, n32g033_exti.o(.text.EXTI_GetITStatus))
<BR><BR>[Called By]<UL><LI><a href="#[6]">&gt;&gt;</a>&nbsp;&nbsp;&nbsp;PVD_IRQHandler
<LI><a href="#[13]">&gt;&gt;</a>&nbsp;&nbsp;&nbsp;TIM6_IRQHandler
</UL>

<P><STRONG><a name="[6c]"></a>EXTI_GetStatusFlag</STRONG> (Thumb, 12 bytes, Stack size 0 bytes, n32g033_exti.o(.text.EXTI_GetStatusFlag))
<BR><BR>[Called By]<UL><LI><a href="#[61]">&gt;&gt;</a>&nbsp;&nbsp;&nbsp;HAL_EXIT_IRQHandler_BACK
</UL>

<P><STRONG><a name="[7a]"></a>EXTI_InitPeripheral</STRONG> (Thumb, 92 bytes, Stack size 8 bytes, n32g033_exti.o(.text.EXTI_InitPeripheral))
<BR><BR>[Stack]<UL><LI>Max Depth = 8<LI>Call Chain = EXTI_InitPeripheral
</UL>
<BR>[Called By]<UL><LI><a href="#[78]">&gt;&gt;</a>&nbsp;&nbsp;&nbsp;HOLLInputExtiInit
<LI><a href="#[7b]">&gt;&gt;</a>&nbsp;&nbsp;&nbsp;KeyInputExtiInit
<LI><a href="#[87]">&gt;&gt;</a>&nbsp;&nbsp;&nbsp;PVD_Init
<LI><a href="#[85]">&gt;&gt;</a>&nbsp;&nbsp;&nbsp;NVIC_Configuration
</UL>

<P><STRONG><a name="[62]"></a>FLASH_EraseOnePage</STRONG> (Thumb, 92 bytes, Stack size 24 bytes, n32g033_flash.o(.text.FLASH_EraseOnePage))
<BR><BR>[Stack]<UL><LI>Max Depth = 24<LI>Call Chain = FLASH_EraseOnePage
</UL>
<BR>[Calls]<UL><LI><a href="#[63]">&gt;&gt;</a>&nbsp;&nbsp;&nbsp;FLASH_WaitForLastOpt
</UL>
<BR>[Called By]<UL><LI><a href="#[c7]">&gt;&gt;</a>&nbsp;&nbsp;&nbsp;read_data
<LI><a href="#[b7]">&gt;&gt;</a>&nbsp;&nbsp;&nbsp;save_current_position
<LI><a href="#[c1]">&gt;&gt;</a>&nbsp;&nbsp;&nbsp;match_data_del
<LI><a href="#[80]">&gt;&gt;</a>&nbsp;&nbsp;&nbsp;save_data
</UL>

<P><STRONG><a name="[66]"></a>FLASH_Lock</STRONG> (Thumb, 12 bytes, Stack size 0 bytes, n32g033_flash.o(.text.FLASH_Lock))
<BR><BR>[Called By]<UL><LI><a href="#[59]">&gt;&gt;</a>&nbsp;&nbsp;&nbsp;Flash_WriteStruct
</UL>

<P><STRONG><a name="[64]"></a>FLASH_ProgramWord</STRONG> (Thumb, 68 bytes, Stack size 24 bytes, n32g033_flash.o(.text.FLASH_ProgramWord))
<BR><BR>[Stack]<UL><LI>Max Depth = 24<LI>Call Chain = FLASH_ProgramWord
</UL>
<BR>[Calls]<UL><LI><a href="#[63]">&gt;&gt;</a>&nbsp;&nbsp;&nbsp;FLASH_WaitForLastOpt
</UL>
<BR>[Called By]<UL><LI><a href="#[59]">&gt;&gt;</a>&nbsp;&nbsp;&nbsp;Flash_WriteStruct
</UL>

<P><STRONG><a name="[65]"></a>FLASH_Unlock</STRONG> (Thumb, 12 bytes, Stack size 0 bytes, n32g033_flash.o(.text.FLASH_Unlock))
<BR><BR>[Called By]<UL><LI><a href="#[59]">&gt;&gt;</a>&nbsp;&nbsp;&nbsp;Flash_WriteStruct
</UL>

<P><STRONG><a name="[63]"></a>FLASH_WaitForLastOpt</STRONG> (Thumb, 84 bytes, Stack size 0 bytes, n32g033_flash.o(.text.FLASH_WaitForLastOpt))
<BR><BR>[Called By]<UL><LI><a href="#[64]">&gt;&gt;</a>&nbsp;&nbsp;&nbsp;FLASH_ProgramWord
<LI><a href="#[62]">&gt;&gt;</a>&nbsp;&nbsp;&nbsp;FLASH_EraseOnePage
</UL>

<P><STRONG><a name="[59]"></a>Flash_WriteStruct</STRONG> (Thumb, 156 bytes, Stack size 40 bytes, dri_flash.o(.text.Flash_WriteStruct))
<BR><BR>[Stack]<UL><LI>Max Depth = 64<LI>Call Chain = Flash_WriteStruct &rArr; FLASH_ProgramWord
</UL>
<BR>[Calls]<UL><LI><a href="#[64]">&gt;&gt;</a>&nbsp;&nbsp;&nbsp;FLASH_ProgramWord
<LI><a href="#[66]">&gt;&gt;</a>&nbsp;&nbsp;&nbsp;FLASH_Lock
<LI><a href="#[65]">&gt;&gt;</a>&nbsp;&nbsp;&nbsp;FLASH_Unlock
</UL>
<BR>[Called By]<UL><LI><a href="#[6]">&gt;&gt;</a>&nbsp;&nbsp;&nbsp;PVD_IRQHandler
<LI><a href="#[c7]">&gt;&gt;</a>&nbsp;&nbsp;&nbsp;read_data
<LI><a href="#[b7]">&gt;&gt;</a>&nbsp;&nbsp;&nbsp;save_current_position
<LI><a href="#[c1]">&gt;&gt;</a>&nbsp;&nbsp;&nbsp;match_data_del
<LI><a href="#[80]">&gt;&gt;</a>&nbsp;&nbsp;&nbsp;save_data
<LI><a href="#[51]">&gt;&gt;</a>&nbsp;&nbsp;&nbsp;match_data_clear
<LI><a href="#[55]">&gt;&gt;</a>&nbsp;&nbsp;&nbsp;BootLoardDeal
</UL>

<P><STRONG><a name="[79]"></a>GPIO_ConfigEXTILine</STRONG> (Thumb, 140 bytes, Stack size 16 bytes, n32g033_gpio.o(.text.GPIO_ConfigEXTILine))
<BR><BR>[Stack]<UL><LI>Max Depth = 16<LI>Call Chain = GPIO_ConfigEXTILine
</UL>
<BR>[Called By]<UL><LI><a href="#[78]">&gt;&gt;</a>&nbsp;&nbsp;&nbsp;HOLLInputExtiInit
<LI><a href="#[7b]">&gt;&gt;</a>&nbsp;&nbsp;&nbsp;KeyInputExtiInit
</UL>

<P><STRONG><a name="[67]"></a>GPIO_Configuration</STRONG> (Thumb, 244 bytes, Stack size 48 bytes, dri_gpio.o(.text.GPIO_Configuration))
<BR><BR>[Stack]<UL><LI>Max Depth = 92<LI>Call Chain = GPIO_Configuration &rArr; GPIO_InitPeripheral
</UL>
<BR>[Calls]<UL><LI><a href="#[41]">&gt;&gt;</a>&nbsp;&nbsp;&nbsp;GPIO_InitStruct
<LI><a href="#[42]">&gt;&gt;</a>&nbsp;&nbsp;&nbsp;GPIO_InitPeripheral
</UL>
<BR>[Called By]<UL><LI><a href="#[1b]">&gt;&gt;</a>&nbsp;&nbsp;&nbsp;main
</UL>

<P><STRONG><a name="[42]"></a>GPIO_InitPeripheral</STRONG> (Thumb, 200 bytes, Stack size 44 bytes, n32g033_gpio.o(.text.GPIO_InitPeripheral))
<BR><BR>[Stack]<UL><LI>Max Depth = 44<LI>Call Chain = GPIO_InitPeripheral
</UL>
<BR>[Called By]<UL><LI><a href="#[78]">&gt;&gt;</a>&nbsp;&nbsp;&nbsp;HOLLInputExtiInit
<LI><a href="#[7b]">&gt;&gt;</a>&nbsp;&nbsp;&nbsp;KeyInputExtiInit
<LI><a href="#[3f]">&gt;&gt;</a>&nbsp;&nbsp;&nbsp;ADC_Initial
<LI><a href="#[c5]">&gt;&gt;</a>&nbsp;&nbsp;&nbsp;log_init
<LI><a href="#[67]">&gt;&gt;</a>&nbsp;&nbsp;&nbsp;GPIO_Configuration
</UL>

<P><STRONG><a name="[41]"></a>GPIO_InitStruct</STRONG> (Thumb, 16 bytes, Stack size 0 bytes, n32g033_gpio.o(.text.GPIO_InitStruct))
<BR><BR>[Called By]<UL><LI><a href="#[78]">&gt;&gt;</a>&nbsp;&nbsp;&nbsp;HOLLInputExtiInit
<LI><a href="#[7b]">&gt;&gt;</a>&nbsp;&nbsp;&nbsp;KeyInputExtiInit
<LI><a href="#[3f]">&gt;&gt;</a>&nbsp;&nbsp;&nbsp;ADC_Initial
<LI><a href="#[c5]">&gt;&gt;</a>&nbsp;&nbsp;&nbsp;log_init
<LI><a href="#[67]">&gt;&gt;</a>&nbsp;&nbsp;&nbsp;GPIO_Configuration
</UL>

<P><STRONG><a name="[6e]"></a>GPIO_ReadInputDataBit</STRONG> (Thumb, 10 bytes, Stack size 0 bytes, n32g033_gpio.o(.text.GPIO_ReadInputDataBit))
<BR><BR>[Called By]<UL><LI><a href="#[61]">&gt;&gt;</a>&nbsp;&nbsp;&nbsp;HAL_EXIT_IRQHandler_BACK
<LI><a href="#[76]">&gt;&gt;</a>&nbsp;&nbsp;&nbsp;Record_PulseWidth
<LI><a href="#[b8]">&gt;&gt;</a>&nbsp;&nbsp;&nbsp;alarm_signal_test_and_beep
<LI><a href="#[c4]">&gt;&gt;</a>&nbsp;&nbsp;&nbsp;limit_protect
</UL>

<P><STRONG><a name="[56]"></a>GPIO_ResetBits</STRONG> (Thumb, 4 bytes, Stack size 0 bytes, n32g033_gpio.o(.text.GPIO_ResetBits))
<BR><BR>[Called By]<UL><LI><a href="#[6f]">&gt;&gt;</a>&nbsp;&nbsp;&nbsp;light_work
<LI><a href="#[6]">&gt;&gt;</a>&nbsp;&nbsp;&nbsp;PVD_IRQHandler
<LI><a href="#[5a]">&gt;&gt;</a>&nbsp;&nbsp;&nbsp;CmdBzhx
<LI><a href="#[50]">&gt;&gt;</a>&nbsp;&nbsp;&nbsp;SetupBzhx
<LI><a href="#[c8]">&gt;&gt;</a>&nbsp;&nbsp;&nbsp;variable_init
<LI><a href="#[9d]">&gt;&gt;</a>&nbsp;&nbsp;&nbsp;TIM3_PWM_LED
<LI><a href="#[55]">&gt;&gt;</a>&nbsp;&nbsp;&nbsp;BootLoardDeal
</UL>

<P><STRONG><a name="[5b]"></a>GPIO_SetBits</STRONG> (Thumb, 4 bytes, Stack size 0 bytes, n32g033_gpio.o(.text.GPIO_SetBits))
<BR><BR>[Called By]<UL><LI><a href="#[6f]">&gt;&gt;</a>&nbsp;&nbsp;&nbsp;light_work
<LI><a href="#[5a]">&gt;&gt;</a>&nbsp;&nbsp;&nbsp;CmdBzhx
<LI><a href="#[7c]">&gt;&gt;</a>&nbsp;&nbsp;&nbsp;Model_Net_Change
</UL>

<P><STRONG><a name="[3e]"></a>HAL_ADC_IRQHandler_BACK</STRONG> (Thumb, 140 bytes, Stack size 16 bytes, it_adc.o(.text.HAL_ADC_IRQHandler_BACK))
<BR><BR>[Stack]<UL><LI>Max Depth = 32<LI>Call Chain = HAL_ADC_IRQHandler_BACK &rArr; __aeabi_uidiv
</UL>
<BR>[Calls]<UL><LI><a href="#[6b]">&gt;&gt;</a>&nbsp;&nbsp;&nbsp;ADC_ClearIntPendingBit
<LI><a href="#[68]">&gt;&gt;</a>&nbsp;&nbsp;&nbsp;ADC_GetIntStatus
<LI><a href="#[69]">&gt;&gt;</a>&nbsp;&nbsp;&nbsp;ADC_GetGroupConvDat
<LI><a href="#[47]">&gt;&gt;</a>&nbsp;&nbsp;&nbsp;ADC_EnableSoftwareTrig
<LI><a href="#[6a]">&gt;&gt;</a>&nbsp;&nbsp;&nbsp;__aeabi_uidiv
</UL>
<BR>[Called By]<UL><LI><a href="#[e]">&gt;&gt;</a>&nbsp;&nbsp;&nbsp;ADC_IRQHandler
</UL>

<P><STRONG><a name="[61]"></a>HAL_EXIT_IRQHandler_BACK</STRONG> (Thumb, 224 bytes, Stack size 16 bytes, it_exit.o(.text.HAL_EXIT_IRQHandler_BACK))
<BR><BR>[Stack]<UL><LI>Max Depth = 56<LI>Call Chain = HAL_EXIT_IRQHandler_BACK &rArr; light_work &rArr; __aeabi_idiv
</UL>
<BR>[Calls]<UL><LI><a href="#[6e]">&gt;&gt;</a>&nbsp;&nbsp;&nbsp;GPIO_ReadInputDataBit
<LI><a href="#[71]">&gt;&gt;</a>&nbsp;&nbsp;&nbsp;EXTI_ClrITPendBit
<LI><a href="#[6d]">&gt;&gt;</a>&nbsp;&nbsp;&nbsp;EXTI_ClrStatusFlag
<LI><a href="#[6c]">&gt;&gt;</a>&nbsp;&nbsp;&nbsp;EXTI_GetStatusFlag
<LI><a href="#[70]">&gt;&gt;</a>&nbsp;&nbsp;&nbsp;motor_work
<LI><a href="#[6f]">&gt;&gt;</a>&nbsp;&nbsp;&nbsp;light_work
</UL>
<BR>[Called By]<UL><LI><a href="#[8]">&gt;&gt;</a>&nbsp;&nbsp;&nbsp;EXTI0_6_IRQHandler
</UL>

<P><STRONG><a name="[72]"></a>HAL_TIM1_CC_IRQHandler_BACK</STRONG> (Thumb, 100 bytes, Stack size 16 bytes, it_433.o(.text.HAL_TIM1_CC_IRQHandler_BACK))
<BR><BR>[Stack]<UL><LI>Max Depth = 32<LI>Call Chain = HAL_TIM1_CC_IRQHandler_BACK &rArr; Record_PulseWidth
</UL>
<BR>[Calls]<UL><LI><a href="#[76]">&gt;&gt;</a>&nbsp;&nbsp;&nbsp;Record_PulseWidth
<LI><a href="#[73]">&gt;&gt;</a>&nbsp;&nbsp;&nbsp;TIM_ClrIntPendingBit
<LI><a href="#[74]">&gt;&gt;</a>&nbsp;&nbsp;&nbsp;TIM_GetCap2
<LI><a href="#[75]">&gt;&gt;</a>&nbsp;&nbsp;&nbsp;TIM_GetCap1
</UL>
<BR>[Called By]<UL><LI><a href="#[d]">&gt;&gt;</a>&nbsp;&nbsp;&nbsp;TIM1_CC_IRQHandler
</UL>

<P><STRONG><a name="[77]"></a>HAL_TIM_CNT_IRQHandler_BACK</STRONG> (Thumb, 596 bytes, Stack size 16 bytes, it_timer.o(.text.HAL_TIM_CNT_IRQHandler_BACK))
<BR><BR>[Stack]<UL><LI>Max Depth = 32<LI>Call Chain = HAL_TIM_CNT_IRQHandler_BACK &rArr; SetupBzhx
</UL>
<BR>[Calls]<UL><LI><a href="#[50]">&gt;&gt;</a>&nbsp;&nbsp;&nbsp;SetupBzhx
</UL>
<BR>[Called By]<UL><LI><a href="#[13]">&gt;&gt;</a>&nbsp;&nbsp;&nbsp;TIM6_IRQHandler
</UL>

<P><STRONG><a name="[78]"></a>HOLLInputExtiInit</STRONG> (Thumb, 80 bytes, Stack size 48 bytes, dri_gpio.o(.text.HOLLInputExtiInit))
<BR><BR>[Stack]<UL><LI>Max Depth = 92<LI>Call Chain = HOLLInputExtiInit &rArr; GPIO_InitPeripheral
</UL>
<BR>[Calls]<UL><LI><a href="#[40]">&gt;&gt;</a>&nbsp;&nbsp;&nbsp;RCC_EnableAPBPeriphClk
<LI><a href="#[79]">&gt;&gt;</a>&nbsp;&nbsp;&nbsp;GPIO_ConfigEXTILine
<LI><a href="#[41]">&gt;&gt;</a>&nbsp;&nbsp;&nbsp;GPIO_InitStruct
<LI><a href="#[42]">&gt;&gt;</a>&nbsp;&nbsp;&nbsp;GPIO_InitPeripheral
<LI><a href="#[7a]">&gt;&gt;</a>&nbsp;&nbsp;&nbsp;EXTI_InitPeripheral
<LI><a href="#[46]">&gt;&gt;</a>&nbsp;&nbsp;&nbsp;NVIC_Init
</UL>
<BR>[Called By]<UL><LI><a href="#[1b]">&gt;&gt;</a>&nbsp;&nbsp;&nbsp;main
</UL>

<P><STRONG><a name="[ca]"></a>IWDG_ReloadKey</STRONG> (Thumb, 8 bytes, Stack size 0 bytes, n32g033_iwdg.o(.text.IWDG_ReloadKey))
<BR><BR>[Called By]<UL><LI><a href="#[1b]">&gt;&gt;</a>&nbsp;&nbsp;&nbsp;main
</UL>

<P><STRONG><a name="[7e]"></a>Judge_Nightlight_Mode</STRONG> (Thumb, 160 bytes, Stack size 24 bytes, app_uart.o(.text.Judge_Nightlight_Mode))
<BR><BR>[Stack]<UL><LI>Max Depth = 24<LI>Call Chain = Judge_Nightlight_Mode
</UL>
<BR>[Called By]<UL><LI><a href="#[93]">&gt;&gt;</a>&nbsp;&nbsp;&nbsp;Set_Properties
<LI><a href="#[7c]">&gt;&gt;</a>&nbsp;&nbsp;&nbsp;Model_Net_Change
</UL>

<P><STRONG><a name="[bd]"></a>Keelop_KEY</STRONG> (Thumb, 44 bytes, Stack size 0 bytes, keelop_crc.o(.text.Keelop_KEY))
<BR><BR>[Called By]<UL><LI><a href="#[bc]">&gt;&gt;</a>&nbsp;&nbsp;&nbsp;analysis_capture_command
<LI><a href="#[bf]">&gt;&gt;</a>&nbsp;&nbsp;&nbsp;judge_remote_control
</UL>

<P><STRONG><a name="[7b]"></a>KeyInputExtiInit</STRONG> (Thumb, 80 bytes, Stack size 48 bytes, dri_gpio.o(.text.KeyInputExtiInit))
<BR><BR>[Stack]<UL><LI>Max Depth = 92<LI>Call Chain = KeyInputExtiInit &rArr; GPIO_InitPeripheral
</UL>
<BR>[Calls]<UL><LI><a href="#[40]">&gt;&gt;</a>&nbsp;&nbsp;&nbsp;RCC_EnableAPBPeriphClk
<LI><a href="#[79]">&gt;&gt;</a>&nbsp;&nbsp;&nbsp;GPIO_ConfigEXTILine
<LI><a href="#[41]">&gt;&gt;</a>&nbsp;&nbsp;&nbsp;GPIO_InitStruct
<LI><a href="#[42]">&gt;&gt;</a>&nbsp;&nbsp;&nbsp;GPIO_InitPeripheral
<LI><a href="#[7a]">&gt;&gt;</a>&nbsp;&nbsp;&nbsp;EXTI_InitPeripheral
<LI><a href="#[46]">&gt;&gt;</a>&nbsp;&nbsp;&nbsp;NVIC_Init
</UL>
<BR>[Called By]<UL><LI><a href="#[1b]">&gt;&gt;</a>&nbsp;&nbsp;&nbsp;main
</UL>

<P><STRONG><a name="[7c]"></a>Model_Net_Change</STRONG> (Thumb, 332 bytes, Stack size 24 bytes, app_uart.o(.text.Model_Net_Change))
<BR><BR>[Stack]<UL><LI>Max Depth = 48<LI>Call Chain = Model_Net_Change &rArr; Judge_Nightlight_Mode
</UL>
<BR>[Calls]<UL><LI><a href="#[5b]">&gt;&gt;</a>&nbsp;&nbsp;&nbsp;GPIO_SetBits
<LI><a href="#[50]">&gt;&gt;</a>&nbsp;&nbsp;&nbsp;SetupBzhx
<LI><a href="#[7d]">&gt;&gt;</a>&nbsp;&nbsp;&nbsp;memcmp
<LI><a href="#[7e]">&gt;&gt;</a>&nbsp;&nbsp;&nbsp;Judge_Nightlight_Mode
<LI><a href="#[6a]">&gt;&gt;</a>&nbsp;&nbsp;&nbsp;__aeabi_uidiv
</UL>
<BR>[Called By]<UL><LI><a href="#[c2]">&gt;&gt;</a>&nbsp;&nbsp;&nbsp;data_handle
</UL>

<P><STRONG><a name="[7f]"></a>ModuleResetReq</STRONG> (Thumb, 364 bytes, Stack size 24 bytes, app_uart.o(.text.ModuleResetReq))
<BR><BR>[Stack]<UL><LI>Max Depth = 256<LI>Call Chain = ModuleResetReq &rArr; properties_up &rArr; __2snprintf
</UL>
<BR>[Calls]<UL><LI><a href="#[54]">&gt;&gt;</a>&nbsp;&nbsp;&nbsp;r_uart0_send_bytes
<LI><a href="#[80]">&gt;&gt;</a>&nbsp;&nbsp;&nbsp;save_data
<LI><a href="#[81]">&gt;&gt;</a>&nbsp;&nbsp;&nbsp;properties_up
<LI><a href="#[53]">&gt;&gt;</a>&nbsp;&nbsp;&nbsp;__aeabi_f2iz
<LI><a href="#[26]">&gt;&gt;</a>&nbsp;&nbsp;&nbsp;__aeabi_fadd
<LI><a href="#[52]">&gt;&gt;</a>&nbsp;&nbsp;&nbsp;__aeabi_fmul
<LI><a href="#[35]">&gt;&gt;</a>&nbsp;&nbsp;&nbsp;__aeabi_ui2f
<LI><a href="#[5d]">&gt;&gt;</a>&nbsp;&nbsp;&nbsp;__aeabi_idiv
</UL>
<BR>[Called By]<UL><LI><a href="#[c0]">&gt;&gt;</a>&nbsp;&nbsp;&nbsp;capture_433key_judge_answer
</UL>

<P><STRONG><a name="[82]"></a>Motor_speed</STRONG> (Thumb, 432 bytes, Stack size 16 bytes, app_motor.o(.text.Motor_speed))
<BR><BR>[Stack]<UL><LI>Max Depth = 16<LI>Call Chain = Motor_speed
</UL>
<BR>[Calls]<UL><LI><a href="#[84]">&gt;&gt;</a>&nbsp;&nbsp;&nbsp;TIM_SetCmp4
<LI><a href="#[83]">&gt;&gt;</a>&nbsp;&nbsp;&nbsp;TIM_SetCmp3
</UL>
<BR>[Called By]<UL><LI><a href="#[1b]">&gt;&gt;</a>&nbsp;&nbsp;&nbsp;main
</UL>

<P><STRONG><a name="[1]"></a>NMI_Handler</STRONG> (Thumb, 2 bytes, Stack size 0 bytes, n32g033_it.o(.text.NMI_Handler))
<BR>[Address Reference Count : 1]<UL><LI> startup_n32g033.o(RESET)
</UL>
<P><STRONG><a name="[85]"></a>NVIC_Configuration</STRONG> (Thumb, 100 bytes, Stack size 32 bytes, main.o(.text.NVIC_Configuration))
<BR><BR>[Stack]<UL><LI>Max Depth = 48<LI>Call Chain = NVIC_Configuration &rArr; NVIC_Init
</UL>
<BR>[Calls]<UL><LI><a href="#[7a]">&gt;&gt;</a>&nbsp;&nbsp;&nbsp;EXTI_InitPeripheral
<LI><a href="#[46]">&gt;&gt;</a>&nbsp;&nbsp;&nbsp;NVIC_Init
</UL>
<BR>[Called By]<UL><LI><a href="#[1b]">&gt;&gt;</a>&nbsp;&nbsp;&nbsp;main
</UL>

<P><STRONG><a name="[46]"></a>NVIC_Init</STRONG> (Thumb, 104 bytes, Stack size 16 bytes, misc.o(.text.NVIC_Init))
<BR><BR>[Stack]<UL><LI>Max Depth = 16<LI>Call Chain = NVIC_Init
</UL>
<BR>[Called By]<UL><LI><a href="#[78]">&gt;&gt;</a>&nbsp;&nbsp;&nbsp;HOLLInputExtiInit
<LI><a href="#[7b]">&gt;&gt;</a>&nbsp;&nbsp;&nbsp;KeyInputExtiInit
<LI><a href="#[3f]">&gt;&gt;</a>&nbsp;&nbsp;&nbsp;ADC_Initial
<LI><a href="#[87]">&gt;&gt;</a>&nbsp;&nbsp;&nbsp;PVD_Init
<LI><a href="#[85]">&gt;&gt;</a>&nbsp;&nbsp;&nbsp;NVIC_Configuration
</UL>

<P><STRONG><a name="[6]"></a>PVD_IRQHandler</STRONG> (Thumb, 116 bytes, Stack size 24 bytes, n32g033_it.o(.text.PVD_IRQHandler))
<BR><BR>[Stack]<UL><LI>Max Depth = 88<LI>Call Chain = PVD_IRQHandler &rArr; Flash_WriteStruct &rArr; FLASH_ProgramWord
</UL>
<BR>[Calls]<UL><LI><a href="#[56]">&gt;&gt;</a>&nbsp;&nbsp;&nbsp;GPIO_ResetBits
<LI><a href="#[71]">&gt;&gt;</a>&nbsp;&nbsp;&nbsp;EXTI_ClrITPendBit
<LI><a href="#[86]">&gt;&gt;</a>&nbsp;&nbsp;&nbsp;EXTI_GetITStatus
<LI><a href="#[59]">&gt;&gt;</a>&nbsp;&nbsp;&nbsp;Flash_WriteStruct
<LI><a href="#[57]">&gt;&gt;</a>&nbsp;&nbsp;&nbsp;TIM_Enable
</UL>
<BR>[Address Reference Count : 1]<UL><LI> startup_n32g033.o(RESET)
</UL>
<P><STRONG><a name="[87]"></a>PVD_Init</STRONG> (Thumb, 64 bytes, Stack size 24 bytes, dri_pvd.o(.text.PVD_Init))
<BR><BR>[Stack]<UL><LI>Max Depth = 40<LI>Call Chain = PVD_Init &rArr; NVIC_Init
</UL>
<BR>[Calls]<UL><LI><a href="#[40]">&gt;&gt;</a>&nbsp;&nbsp;&nbsp;RCC_EnableAPBPeriphClk
<LI><a href="#[88]">&gt;&gt;</a>&nbsp;&nbsp;&nbsp;PWR_PVDLevelConfig
<LI><a href="#[89]">&gt;&gt;</a>&nbsp;&nbsp;&nbsp;PWR_PvdEnable
<LI><a href="#[7a]">&gt;&gt;</a>&nbsp;&nbsp;&nbsp;EXTI_InitPeripheral
<LI><a href="#[46]">&gt;&gt;</a>&nbsp;&nbsp;&nbsp;NVIC_Init
</UL>
<BR>[Called By]<UL><LI><a href="#[1b]">&gt;&gt;</a>&nbsp;&nbsp;&nbsp;main
</UL>

<P><STRONG><a name="[88]"></a>PWR_PVDLevelConfig</STRONG> (Thumb, 16 bytes, Stack size 0 bytes, n32g033_pwr.o(.text.PWR_PVDLevelConfig))
<BR><BR>[Called By]<UL><LI><a href="#[87]">&gt;&gt;</a>&nbsp;&nbsp;&nbsp;PVD_Init
</UL>

<P><STRONG><a name="[89]"></a>PWR_PvdEnable</STRONG> (Thumb, 24 bytes, Stack size 0 bytes, n32g033_pwr.o(.text.PWR_PvdEnable))
<BR><BR>[Called By]<UL><LI><a href="#[87]">&gt;&gt;</a>&nbsp;&nbsp;&nbsp;PVD_Init
</UL>

<P><STRONG><a name="[8a]"></a>PowerOn_ModelSet</STRONG> (Thumb, 80 bytes, Stack size 8 bytes, app_uart.o(.text.PowerOn_ModelSet))
<BR><BR>[Stack]<UL><LI>Max Depth = 32<LI>Call Chain = PowerOn_ModelSet &rArr; r_uart0_send_bytes
</UL>
<BR>[Calls]<UL><LI><a href="#[54]">&gt;&gt;</a>&nbsp;&nbsp;&nbsp;r_uart0_send_bytes
<LI><a href="#[4e]">&gt;&gt;</a>&nbsp;&nbsp;&nbsp;__aeabi_memcpy
</UL>
<BR>[Called By]<UL><LI><a href="#[1b]">&gt;&gt;</a>&nbsp;&nbsp;&nbsp;main
</UL>

<P><STRONG><a name="[cd]"></a>Queue_Read_Byte</STRONG> (Thumb, 40 bytes, Stack size 0 bytes, dri_uart.o(.text.Queue_Read_Byte))
<BR><BR>[Called By]<UL><LI><a href="#[c9]">&gt;&gt;</a>&nbsp;&nbsp;&nbsp;r_uart0_service
</UL>

<P><STRONG><a name="[25]"></a>RCC_ConfigAdcHclk</STRONG> (Thumb, 16 bytes, Stack size 0 bytes, n32g033_rcc.o(.text.RCC_ConfigAdcHclk))
<BR><BR>[Called By]<UL><LI><a href="#[24]">&gt;&gt;</a>&nbsp;&nbsp;&nbsp;ADC_ClockModeConfig
</UL>

<P><STRONG><a name="[8b]"></a>RCC_Configuration</STRONG> (Thumb, 54 bytes, Stack size 8 bytes, main.o(.text.RCC_Configuration))
<BR><BR>[Stack]<UL><LI>Max Depth = 16<LI>Call Chain = RCC_Configuration &rArr; ADC_ClockModeConfig
</UL>
<BR>[Calls]<UL><LI><a href="#[40]">&gt;&gt;</a>&nbsp;&nbsp;&nbsp;RCC_EnableAPBPeriphClk
<LI><a href="#[8c]">&gt;&gt;</a>&nbsp;&nbsp;&nbsp;RCC_EnableAHBPeriphClk
<LI><a href="#[24]">&gt;&gt;</a>&nbsp;&nbsp;&nbsp;ADC_ClockModeConfig
</UL>
<BR>[Called By]<UL><LI><a href="#[1b]">&gt;&gt;</a>&nbsp;&nbsp;&nbsp;main
</UL>

<P><STRONG><a name="[8c]"></a>RCC_EnableAHBPeriphClk</STRONG> (Thumb, 20 bytes, Stack size 0 bytes, n32g033_rcc.o(.text.RCC_EnableAHBPeriphClk))
<BR><BR>[Called By]<UL><LI><a href="#[8b]">&gt;&gt;</a>&nbsp;&nbsp;&nbsp;RCC_Configuration
</UL>

<P><STRONG><a name="[40]"></a>RCC_EnableAPBPeriphClk</STRONG> (Thumb, 20 bytes, Stack size 0 bytes, n32g033_rcc.o(.text.RCC_EnableAPBPeriphClk))
<BR><BR>[Called By]<UL><LI><a href="#[78]">&gt;&gt;</a>&nbsp;&nbsp;&nbsp;HOLLInputExtiInit
<LI><a href="#[7b]">&gt;&gt;</a>&nbsp;&nbsp;&nbsp;KeyInputExtiInit
<LI><a href="#[3f]">&gt;&gt;</a>&nbsp;&nbsp;&nbsp;ADC_Initial
<LI><a href="#[87]">&gt;&gt;</a>&nbsp;&nbsp;&nbsp;PVD_Init
<LI><a href="#[c5]">&gt;&gt;</a>&nbsp;&nbsp;&nbsp;log_init
<LI><a href="#[8b]">&gt;&gt;</a>&nbsp;&nbsp;&nbsp;RCC_Configuration
</UL>

<P><STRONG><a name="[8d]"></a>RCC_GetClocksFreqValue</STRONG> (Thumb, 80 bytes, Stack size 8 bytes, n32g033_rcc.o(.text.RCC_GetClocksFreqValue))
<BR><BR>[Stack]<UL><LI>Max Depth = 24<LI>Call Chain = RCC_GetClocksFreqValue &rArr; __aeabi_uidiv
</UL>
<BR>[Calls]<UL><LI><a href="#[6a]">&gt;&gt;</a>&nbsp;&nbsp;&nbsp;__aeabi_uidiv
</UL>
<BR>[Called By]<UL><LI><a href="#[b4]">&gt;&gt;</a>&nbsp;&nbsp;&nbsp;UART_Init
</UL>

<P><STRONG><a name="[be]"></a>RF_DEC</STRONG> (Thumb, 196 bytes, Stack size 24 bytes, keelop_crc.o(.text.RF_DEC))
<BR><BR>[Stack]<UL><LI>Max Depth = 24<LI>Call Chain = RF_DEC
</UL>
<BR>[Called By]<UL><LI><a href="#[bc]">&gt;&gt;</a>&nbsp;&nbsp;&nbsp;analysis_capture_command
<LI><a href="#[bf]">&gt;&gt;</a>&nbsp;&nbsp;&nbsp;judge_remote_control
</UL>

<P><STRONG><a name="[cf]"></a>Read_FLASH_MUIData</STRONG> (Thumb, 44 bytes, Stack size 16 bytes, dri_flash.o(.text.Read_FLASH_MUIData))
<BR><BR>[Stack]<UL><LI>Max Depth = 16<LI>Call Chain = Read_FLASH_MUIData
</UL>
<BR>[Called By]<UL><LI><a href="#[c7]">&gt;&gt;</a>&nbsp;&nbsp;&nbsp;read_data
</UL>

<P><STRONG><a name="[76]"></a>Record_PulseWidth</STRONG> (Thumb, 368 bytes, Stack size 16 bytes, app_433.o(.text.Record_PulseWidth))
<BR><BR>[Stack]<UL><LI>Max Depth = 16<LI>Call Chain = Record_PulseWidth
</UL>
<BR>[Calls]<UL><LI><a href="#[6e]">&gt;&gt;</a>&nbsp;&nbsp;&nbsp;GPIO_ReadInputDataBit
</UL>
<BR>[Called By]<UL><LI><a href="#[72]">&gt;&gt;</a>&nbsp;&nbsp;&nbsp;HAL_TIM1_CC_IRQHandler_BACK
</UL>

<P><STRONG><a name="[8e]"></a>Return_Properties</STRONG> (Thumb, 2704 bytes, Stack size 184 bytes, app_uart.o(.text.Return_Properties))
<BR><BR>[Stack]<UL><LI>Max Depth = 224<LI>Call Chain = Return_Properties &rArr; __2snprintf
</UL>
<BR>[Calls]<UL><LI><a href="#[54]">&gt;&gt;</a>&nbsp;&nbsp;&nbsp;r_uart0_send_bytes
<LI><a href="#[91]">&gt;&gt;</a>&nbsp;&nbsp;&nbsp;strlen
<LI><a href="#[8f]">&gt;&gt;</a>&nbsp;&nbsp;&nbsp;__aeabi_memclr4
<LI><a href="#[21]">&gt;&gt;</a>&nbsp;&nbsp;&nbsp;__aeabi_memclr
<LI><a href="#[4e]">&gt;&gt;</a>&nbsp;&nbsp;&nbsp;__aeabi_memcpy
<LI><a href="#[90]">&gt;&gt;</a>&nbsp;&nbsp;&nbsp;__2snprintf
</UL>
<BR>[Called By]<UL><LI><a href="#[c2]">&gt;&gt;</a>&nbsp;&nbsp;&nbsp;data_handle
</UL>

<P><STRONG><a name="[92]"></a>Run_to_position</STRONG> (Thumb, 432 bytes, Stack size 16 bytes, app_uart.o(.text.Run_to_position))
<BR><BR>[Stack]<UL><LI>Max Depth = 52<LI>Call Chain = Run_to_position &rArr; __aeabi_fadd &rArr; _float_epilogue
</UL>
<BR>[Calls]<UL><LI><a href="#[50]">&gt;&gt;</a>&nbsp;&nbsp;&nbsp;SetupBzhx
<LI><a href="#[53]">&gt;&gt;</a>&nbsp;&nbsp;&nbsp;__aeabi_f2iz
<LI><a href="#[26]">&gt;&gt;</a>&nbsp;&nbsp;&nbsp;__aeabi_fadd
<LI><a href="#[52]">&gt;&gt;</a>&nbsp;&nbsp;&nbsp;__aeabi_fmul
<LI><a href="#[35]">&gt;&gt;</a>&nbsp;&nbsp;&nbsp;__aeabi_ui2f
</UL>
<BR>[Called By]<UL><LI><a href="#[93]">&gt;&gt;</a>&nbsp;&nbsp;&nbsp;Set_Properties
</UL>

<P><STRONG><a name="[3]"></a>SVC_Handler</STRONG> (Thumb, 2 bytes, Stack size 0 bytes, n32g033_it.o(.text.SVC_Handler))
<BR>[Address Reference Count : 1]<UL><LI> startup_n32g033.o(RESET)
</UL>
<P><STRONG><a name="[93]"></a>Set_Properties</STRONG> (Thumb, 2448 bytes, Stack size 40 bytes, app_uart.o(.text.Set_Properties))
<BR><BR>[Stack]<UL><LI>Max Depth = 92<LI>Call Chain = Set_Properties &rArr; Run_to_position &rArr; __aeabi_fadd &rArr; _float_epilogue
</UL>
<BR>[Calls]<UL><LI><a href="#[54]">&gt;&gt;</a>&nbsp;&nbsp;&nbsp;r_uart0_send_bytes
<LI><a href="#[50]">&gt;&gt;</a>&nbsp;&nbsp;&nbsp;SetupBzhx
<LI><a href="#[7d]">&gt;&gt;</a>&nbsp;&nbsp;&nbsp;memcmp
<LI><a href="#[4e]">&gt;&gt;</a>&nbsp;&nbsp;&nbsp;__aeabi_memcpy
<LI><a href="#[53]">&gt;&gt;</a>&nbsp;&nbsp;&nbsp;__aeabi_f2iz
<LI><a href="#[26]">&gt;&gt;</a>&nbsp;&nbsp;&nbsp;__aeabi_fadd
<LI><a href="#[52]">&gt;&gt;</a>&nbsp;&nbsp;&nbsp;__aeabi_fmul
<LI><a href="#[35]">&gt;&gt;</a>&nbsp;&nbsp;&nbsp;__aeabi_ui2f
<LI><a href="#[5e]">&gt;&gt;</a>&nbsp;&nbsp;&nbsp;Cmd_Motor_Down
<LI><a href="#[5f]">&gt;&gt;</a>&nbsp;&nbsp;&nbsp;Cmd_Motor_Stop
<LI><a href="#[4f]">&gt;&gt;</a>&nbsp;&nbsp;&nbsp;Cmd_Light
<LI><a href="#[7e]">&gt;&gt;</a>&nbsp;&nbsp;&nbsp;Judge_Nightlight_Mode
<LI><a href="#[92]">&gt;&gt;</a>&nbsp;&nbsp;&nbsp;Run_to_position
<LI><a href="#[60]">&gt;&gt;</a>&nbsp;&nbsp;&nbsp;Cmd_Motor_Up
<LI><a href="#[5d]">&gt;&gt;</a>&nbsp;&nbsp;&nbsp;__aeabi_idiv
</UL>
<BR>[Called By]<UL><LI><a href="#[c2]">&gt;&gt;</a>&nbsp;&nbsp;&nbsp;data_handle
</UL>

<P><STRONG><a name="[50]"></a>SetupBzhx</STRONG> (Thumb, 128 bytes, Stack size 16 bytes, app_buzz.o(.text.SetupBzhx))
<BR><BR>[Stack]<UL><LI>Max Depth = 16<LI>Call Chain = SetupBzhx
</UL>
<BR>[Calls]<UL><LI><a href="#[56]">&gt;&gt;</a>&nbsp;&nbsp;&nbsp;GPIO_ResetBits
<LI><a href="#[57]">&gt;&gt;</a>&nbsp;&nbsp;&nbsp;TIM_Enable
</UL>
<BR>[Called By]<UL><LI><a href="#[77]">&gt;&gt;</a>&nbsp;&nbsp;&nbsp;HAL_TIM_CNT_IRQHandler_BACK
<LI><a href="#[b8]">&gt;&gt;</a>&nbsp;&nbsp;&nbsp;alarm_signal_test_and_beep
<LI><a href="#[c0]">&gt;&gt;</a>&nbsp;&nbsp;&nbsp;capture_433key_judge_answer
<LI><a href="#[c4]">&gt;&gt;</a>&nbsp;&nbsp;&nbsp;limit_protect
<LI><a href="#[1b]">&gt;&gt;</a>&nbsp;&nbsp;&nbsp;main
<LI><a href="#[5e]">&gt;&gt;</a>&nbsp;&nbsp;&nbsp;Cmd_Motor_Down
<LI><a href="#[5f]">&gt;&gt;</a>&nbsp;&nbsp;&nbsp;Cmd_Motor_Stop
<LI><a href="#[4f]">&gt;&gt;</a>&nbsp;&nbsp;&nbsp;Cmd_Light
<LI><a href="#[92]">&gt;&gt;</a>&nbsp;&nbsp;&nbsp;Run_to_position
<LI><a href="#[60]">&gt;&gt;</a>&nbsp;&nbsp;&nbsp;Cmd_Motor_Up
<LI><a href="#[4d]">&gt;&gt;</a>&nbsp;&nbsp;&nbsp;Action_deal
<LI><a href="#[93]">&gt;&gt;</a>&nbsp;&nbsp;&nbsp;Set_Properties
<LI><a href="#[7c]">&gt;&gt;</a>&nbsp;&nbsp;&nbsp;Model_Net_Change
</UL>

<P><STRONG><a name="[5]"></a>SysTick_Handler</STRONG> (Thumb, 2 bytes, Stack size 0 bytes, n32g033_it.o(.text.SysTick_Handler))
<BR>[Address Reference Count : 1]<UL><LI> startup_n32g033.o(RESET)
</UL>
<P><STRONG><a name="[1c]"></a>SystemInit</STRONG> (Thumb, 124 bytes, Stack size 20 bytes, system_n32g033.o(.text.SystemInit))
<BR><BR>[Stack]<UL><LI>Max Depth = 20<LI>Call Chain = SystemInit
</UL>
<BR>[Called By]<UL><LI><a href="#[1b]">&gt;&gt;</a>&nbsp;&nbsp;&nbsp;main
</UL>
<BR>[Address Reference Count : 1]<UL><LI> startup_n32g033.o(.text)
</UL>
<P><STRONG><a name="[d]"></a>TIM1_CC_IRQHandler</STRONG> (Thumb, 8 bytes, Stack size 8 bytes, n32g033_it.o(.text.TIM1_CC_IRQHandler))
<BR><BR>[Stack]<UL><LI>Max Depth = 40<LI>Call Chain = TIM1_CC_IRQHandler &rArr; HAL_TIM1_CC_IRQHandler_BACK &rArr; Record_PulseWidth
</UL>
<BR>[Calls]<UL><LI><a href="#[72]">&gt;&gt;</a>&nbsp;&nbsp;&nbsp;HAL_TIM1_CC_IRQHandler_BACK
</UL>
<BR>[Address Reference Count : 1]<UL><LI> startup_n32g033.o(RESET)
</UL>
<P><STRONG><a name="[94]"></a>TIM1_Input_433</STRONG> (Thumb, 116 bytes, Stack size 24 bytes, dri_timer.o(.text.TIM1_Input_433))
<BR><BR>[Stack]<UL><LI>Max Depth = 52<LI>Call Chain = TIM1_Input_433 &rArr; TIM_ConfigPwmIc
</UL>
<BR>[Calls]<UL><LI><a href="#[9b]">&gt;&gt;</a>&nbsp;&nbsp;&nbsp;TIM_SelectMasterSlaveMode
<LI><a href="#[9a]">&gt;&gt;</a>&nbsp;&nbsp;&nbsp;TIM_SelectSlaveMode
<LI><a href="#[99]">&gt;&gt;</a>&nbsp;&nbsp;&nbsp;TIM_SelectInputTrig
<LI><a href="#[9c]">&gt;&gt;</a>&nbsp;&nbsp;&nbsp;TIM_ConfigInt
<LI><a href="#[57]">&gt;&gt;</a>&nbsp;&nbsp;&nbsp;TIM_Enable
<LI><a href="#[97]">&gt;&gt;</a>&nbsp;&nbsp;&nbsp;TIM_InitIcStruct
<LI><a href="#[95]">&gt;&gt;</a>&nbsp;&nbsp;&nbsp;TIM_InitTimBaseStruct
<LI><a href="#[98]">&gt;&gt;</a>&nbsp;&nbsp;&nbsp;TIM_ConfigPwmIc
<LI><a href="#[96]">&gt;&gt;</a>&nbsp;&nbsp;&nbsp;TIM_InitTimeBase
</UL>
<BR>[Called By]<UL><LI><a href="#[ae]">&gt;&gt;</a>&nbsp;&nbsp;&nbsp;TIM_Configuration
</UL>

<P><STRONG><a name="[9d]"></a>TIM3_PWM_LED</STRONG> (Thumb, 168 bytes, Stack size 24 bytes, dri_timer.o(.text.TIM3_PWM_LED))
<BR><BR>[Stack]<UL><LI>Max Depth = 56<LI>Call Chain = TIM3_PWM_LED &rArr; TIM_InitOc1
</UL>
<BR>[Calls]<UL><LI><a href="#[56]">&gt;&gt;</a>&nbsp;&nbsp;&nbsp;GPIO_ResetBits
<LI><a href="#[a6]">&gt;&gt;</a>&nbsp;&nbsp;&nbsp;TIM_SetCmp2
<LI><a href="#[a5]">&gt;&gt;</a>&nbsp;&nbsp;&nbsp;TIM_SetCmp1
<LI><a href="#[a2]">&gt;&gt;</a>&nbsp;&nbsp;&nbsp;TIM_ConfigOc2Preload
<LI><a href="#[a0]">&gt;&gt;</a>&nbsp;&nbsp;&nbsp;TIM_ConfigOc1Preload
<LI><a href="#[a3]">&gt;&gt;</a>&nbsp;&nbsp;&nbsp;TIM_ConfigArPreload
<LI><a href="#[a4]">&gt;&gt;</a>&nbsp;&nbsp;&nbsp;TIM_EnableCtrlPwmOutputs
<LI><a href="#[57]">&gt;&gt;</a>&nbsp;&nbsp;&nbsp;TIM_Enable
<LI><a href="#[9e]">&gt;&gt;</a>&nbsp;&nbsp;&nbsp;TIM_InitOcStruct
<LI><a href="#[95]">&gt;&gt;</a>&nbsp;&nbsp;&nbsp;TIM_InitTimBaseStruct
<LI><a href="#[a1]">&gt;&gt;</a>&nbsp;&nbsp;&nbsp;TIM_InitOc2
<LI><a href="#[9f]">&gt;&gt;</a>&nbsp;&nbsp;&nbsp;TIM_InitOc1
<LI><a href="#[96]">&gt;&gt;</a>&nbsp;&nbsp;&nbsp;TIM_InitTimeBase
</UL>
<BR>[Called By]<UL><LI><a href="#[1b]">&gt;&gt;</a>&nbsp;&nbsp;&nbsp;main
</UL>

<P><STRONG><a name="[a7]"></a>TIM3_PWM_MOTOR</STRONG> (Thumb, 112 bytes, Stack size 24 bytes, dri_timer.o(.text.TIM3_PWM_MOTOR))
<BR><BR>[Stack]<UL><LI>Max Depth = 48<LI>Call Chain = TIM3_PWM_MOTOR &rArr; TIM_InitOc4
</UL>
<BR>[Calls]<UL><LI><a href="#[ab]">&gt;&gt;</a>&nbsp;&nbsp;&nbsp;TIM_ConfigOc4Preload
<LI><a href="#[a9]">&gt;&gt;</a>&nbsp;&nbsp;&nbsp;TIM_ConfigOc3Preload
<LI><a href="#[a3]">&gt;&gt;</a>&nbsp;&nbsp;&nbsp;TIM_ConfigArPreload
<LI><a href="#[a4]">&gt;&gt;</a>&nbsp;&nbsp;&nbsp;TIM_EnableCtrlPwmOutputs
<LI><a href="#[57]">&gt;&gt;</a>&nbsp;&nbsp;&nbsp;TIM_Enable
<LI><a href="#[9e]">&gt;&gt;</a>&nbsp;&nbsp;&nbsp;TIM_InitOcStruct
<LI><a href="#[aa]">&gt;&gt;</a>&nbsp;&nbsp;&nbsp;TIM_InitOc4
<LI><a href="#[a8]">&gt;&gt;</a>&nbsp;&nbsp;&nbsp;TIM_InitOc3
</UL>
<BR>[Called By]<UL><LI><a href="#[1b]">&gt;&gt;</a>&nbsp;&nbsp;&nbsp;main
</UL>

<P><STRONG><a name="[ac]"></a>TIM4_PWM_BUZZ</STRONG> (Thumb, 120 bytes, Stack size 24 bytes, dri_timer.o(.text.TIM4_PWM_BUZZ))
<BR><BR>[Stack]<UL><LI>Max Depth = 48<LI>Call Chain = TIM4_PWM_BUZZ &rArr; TIM_InitOc3
</UL>
<BR>[Calls]<UL><LI><a href="#[a9]">&gt;&gt;</a>&nbsp;&nbsp;&nbsp;TIM_ConfigOc3Preload
<LI><a href="#[a3]">&gt;&gt;</a>&nbsp;&nbsp;&nbsp;TIM_ConfigArPreload
<LI><a href="#[5c]">&gt;&gt;</a>&nbsp;&nbsp;&nbsp;TIM_ConfigPrescaler
<LI><a href="#[a4]">&gt;&gt;</a>&nbsp;&nbsp;&nbsp;TIM_EnableCtrlPwmOutputs
<LI><a href="#[57]">&gt;&gt;</a>&nbsp;&nbsp;&nbsp;TIM_Enable
<LI><a href="#[9e]">&gt;&gt;</a>&nbsp;&nbsp;&nbsp;TIM_InitOcStruct
<LI><a href="#[95]">&gt;&gt;</a>&nbsp;&nbsp;&nbsp;TIM_InitTimBaseStruct
<LI><a href="#[a8]">&gt;&gt;</a>&nbsp;&nbsp;&nbsp;TIM_InitOc3
<LI><a href="#[96]">&gt;&gt;</a>&nbsp;&nbsp;&nbsp;TIM_InitTimeBase
</UL>
<BR>[Called By]<UL><LI><a href="#[1b]">&gt;&gt;</a>&nbsp;&nbsp;&nbsp;main
</UL>

<P><STRONG><a name="[13]"></a>TIM6_IRQHandler</STRONG> (Thumb, 60 bytes, Stack size 16 bytes, n32g033_it.o(.text.TIM6_IRQHandler))
<BR><BR>[Stack]<UL><LI>Max Depth = 48<LI>Call Chain = TIM6_IRQHandler &rArr; HAL_TIM_CNT_IRQHandler_BACK &rArr; SetupBzhx
</UL>
<BR>[Calls]<UL><LI><a href="#[71]">&gt;&gt;</a>&nbsp;&nbsp;&nbsp;EXTI_ClrITPendBit
<LI><a href="#[86]">&gt;&gt;</a>&nbsp;&nbsp;&nbsp;EXTI_GetITStatus
<LI><a href="#[77]">&gt;&gt;</a>&nbsp;&nbsp;&nbsp;HAL_TIM_CNT_IRQHandler_BACK
<LI><a href="#[73]">&gt;&gt;</a>&nbsp;&nbsp;&nbsp;TIM_ClrIntPendingBit
<LI><a href="#[ad]">&gt;&gt;</a>&nbsp;&nbsp;&nbsp;TIM_GetIntStatus
</UL>
<BR>[Address Reference Count : 1]<UL><LI> startup_n32g033.o(RESET)
</UL>
<P><STRONG><a name="[73]"></a>TIM_ClrIntPendingBit</STRONG> (Thumb, 156 bytes, Stack size 0 bytes, n32g033_tim.o(.text.TIM_ClrIntPendingBit))
<BR><BR>[Called By]<UL><LI><a href="#[13]">&gt;&gt;</a>&nbsp;&nbsp;&nbsp;TIM6_IRQHandler
<LI><a href="#[72]">&gt;&gt;</a>&nbsp;&nbsp;&nbsp;HAL_TIM1_CC_IRQHandler_BACK
</UL>

<P><STRONG><a name="[a3]"></a>TIM_ConfigArPreload</STRONG> (Thumb, 20 bytes, Stack size 0 bytes, n32g033_tim.o(.text.TIM_ConfigArPreload))
<BR><BR>[Called By]<UL><LI><a href="#[ac]">&gt;&gt;</a>&nbsp;&nbsp;&nbsp;TIM4_PWM_BUZZ
<LI><a href="#[a7]">&gt;&gt;</a>&nbsp;&nbsp;&nbsp;TIM3_PWM_MOTOR
<LI><a href="#[9d]">&gt;&gt;</a>&nbsp;&nbsp;&nbsp;TIM3_PWM_LED
</UL>

<P><STRONG><a name="[9c]"></a>TIM_ConfigInt</STRONG> (Thumb, 18 bytes, Stack size 0 bytes, n32g033_tim.o(.text.TIM_ConfigInt))
<BR><BR>[Called By]<UL><LI><a href="#[94]">&gt;&gt;</a>&nbsp;&nbsp;&nbsp;TIM1_Input_433
<LI><a href="#[ae]">&gt;&gt;</a>&nbsp;&nbsp;&nbsp;TIM_Configuration
</UL>

<P><STRONG><a name="[a0]"></a>TIM_ConfigOc1Preload</STRONG> (Thumb, 12 bytes, Stack size 0 bytes, n32g033_tim.o(.text.TIM_ConfigOc1Preload))
<BR><BR>[Called By]<UL><LI><a href="#[9d]">&gt;&gt;</a>&nbsp;&nbsp;&nbsp;TIM3_PWM_LED
</UL>

<P><STRONG><a name="[a2]"></a>TIM_ConfigOc2Preload</STRONG> (Thumb, 16 bytes, Stack size 0 bytes, n32g033_tim.o(.text.TIM_ConfigOc2Preload))
<BR><BR>[Called By]<UL><LI><a href="#[9d]">&gt;&gt;</a>&nbsp;&nbsp;&nbsp;TIM3_PWM_LED
</UL>

<P><STRONG><a name="[a9]"></a>TIM_ConfigOc3Preload</STRONG> (Thumb, 12 bytes, Stack size 0 bytes, n32g033_tim.o(.text.TIM_ConfigOc3Preload))
<BR><BR>[Called By]<UL><LI><a href="#[ac]">&gt;&gt;</a>&nbsp;&nbsp;&nbsp;TIM4_PWM_BUZZ
<LI><a href="#[a7]">&gt;&gt;</a>&nbsp;&nbsp;&nbsp;TIM3_PWM_MOTOR
</UL>

<P><STRONG><a name="[ab]"></a>TIM_ConfigOc4Preload</STRONG> (Thumb, 16 bytes, Stack size 0 bytes, n32g033_tim.o(.text.TIM_ConfigOc4Preload))
<BR><BR>[Called By]<UL><LI><a href="#[a7]">&gt;&gt;</a>&nbsp;&nbsp;&nbsp;TIM3_PWM_MOTOR
</UL>

<P><STRONG><a name="[5c]"></a>TIM_ConfigPrescaler</STRONG> (Thumb, 6 bytes, Stack size 0 bytes, n32g033_tim.o(.text.TIM_ConfigPrescaler))
<BR><BR>[Called By]<UL><LI><a href="#[5a]">&gt;&gt;</a>&nbsp;&nbsp;&nbsp;CmdBzhx
<LI><a href="#[ac]">&gt;&gt;</a>&nbsp;&nbsp;&nbsp;TIM4_PWM_BUZZ
<LI><a href="#[ae]">&gt;&gt;</a>&nbsp;&nbsp;&nbsp;TIM_Configuration
</UL>

<P><STRONG><a name="[98]"></a>TIM_ConfigPwmIc</STRONG> (Thumb, 252 bytes, Stack size 28 bytes, n32g033_tim.o(.text.TIM_ConfigPwmIc))
<BR><BR>[Stack]<UL><LI>Max Depth = 28<LI>Call Chain = TIM_ConfigPwmIc
</UL>
<BR>[Called By]<UL><LI><a href="#[94]">&gt;&gt;</a>&nbsp;&nbsp;&nbsp;TIM1_Input_433
</UL>

<P><STRONG><a name="[ae]"></a>TIM_Configuration</STRONG> (Thumb, 76 bytes, Stack size 24 bytes, dri_timer.o(.text.TIM_Configuration))
<BR><BR>[Stack]<UL><LI>Max Depth = 76<LI>Call Chain = TIM_Configuration &rArr; TIM1_Input_433 &rArr; TIM_ConfigPwmIc
</UL>
<BR>[Calls]<UL><LI><a href="#[94]">&gt;&gt;</a>&nbsp;&nbsp;&nbsp;TIM1_Input_433
<LI><a href="#[5c]">&gt;&gt;</a>&nbsp;&nbsp;&nbsp;TIM_ConfigPrescaler
<LI><a href="#[9c]">&gt;&gt;</a>&nbsp;&nbsp;&nbsp;TIM_ConfigInt
<LI><a href="#[57]">&gt;&gt;</a>&nbsp;&nbsp;&nbsp;TIM_Enable
<LI><a href="#[95]">&gt;&gt;</a>&nbsp;&nbsp;&nbsp;TIM_InitTimBaseStruct
<LI><a href="#[96]">&gt;&gt;</a>&nbsp;&nbsp;&nbsp;TIM_InitTimeBase
</UL>
<BR>[Called By]<UL><LI><a href="#[1b]">&gt;&gt;</a>&nbsp;&nbsp;&nbsp;main
</UL>

<P><STRONG><a name="[57]"></a>TIM_Enable</STRONG> (Thumb, 16 bytes, Stack size 0 bytes, n32g033_tim.o(.text.TIM_Enable))
<BR><BR>[Called By]<UL><LI><a href="#[6]">&gt;&gt;</a>&nbsp;&nbsp;&nbsp;PVD_IRQHandler
<LI><a href="#[94]">&gt;&gt;</a>&nbsp;&nbsp;&nbsp;TIM1_Input_433
<LI><a href="#[5a]">&gt;&gt;</a>&nbsp;&nbsp;&nbsp;CmdBzhx
<LI><a href="#[50]">&gt;&gt;</a>&nbsp;&nbsp;&nbsp;SetupBzhx
<LI><a href="#[ac]">&gt;&gt;</a>&nbsp;&nbsp;&nbsp;TIM4_PWM_BUZZ
<LI><a href="#[a7]">&gt;&gt;</a>&nbsp;&nbsp;&nbsp;TIM3_PWM_MOTOR
<LI><a href="#[9d]">&gt;&gt;</a>&nbsp;&nbsp;&nbsp;TIM3_PWM_LED
<LI><a href="#[ae]">&gt;&gt;</a>&nbsp;&nbsp;&nbsp;TIM_Configuration
<LI><a href="#[55]">&gt;&gt;</a>&nbsp;&nbsp;&nbsp;BootLoardDeal
</UL>

<P><STRONG><a name="[a4]"></a>TIM_EnableCtrlPwmOutputs</STRONG> (Thumb, 20 bytes, Stack size 0 bytes, n32g033_tim.o(.text.TIM_EnableCtrlPwmOutputs))
<BR><BR>[Called By]<UL><LI><a href="#[ac]">&gt;&gt;</a>&nbsp;&nbsp;&nbsp;TIM4_PWM_BUZZ
<LI><a href="#[a7]">&gt;&gt;</a>&nbsp;&nbsp;&nbsp;TIM3_PWM_MOTOR
<LI><a href="#[9d]">&gt;&gt;</a>&nbsp;&nbsp;&nbsp;TIM3_PWM_LED
</UL>

<P><STRONG><a name="[75]"></a>TIM_GetCap1</STRONG> (Thumb, 24 bytes, Stack size 0 bytes, n32g033_tim.o(.text.TIM_GetCap1))
<BR><BR>[Called By]<UL><LI><a href="#[72]">&gt;&gt;</a>&nbsp;&nbsp;&nbsp;HAL_TIM1_CC_IRQHandler_BACK
</UL>

<P><STRONG><a name="[74]"></a>TIM_GetCap2</STRONG> (Thumb, 24 bytes, Stack size 0 bytes, n32g033_tim.o(.text.TIM_GetCap2))
<BR><BR>[Called By]<UL><LI><a href="#[72]">&gt;&gt;</a>&nbsp;&nbsp;&nbsp;HAL_TIM1_CC_IRQHandler_BACK
</UL>

<P><STRONG><a name="[ad]"></a>TIM_GetIntStatus</STRONG> (Thumb, 112 bytes, Stack size 16 bytes, n32g033_tim.o(.text.TIM_GetIntStatus))
<BR><BR>[Stack]<UL><LI>Max Depth = 16<LI>Call Chain = TIM_GetIntStatus
</UL>
<BR>[Called By]<UL><LI><a href="#[13]">&gt;&gt;</a>&nbsp;&nbsp;&nbsp;TIM6_IRQHandler
</UL>

<P><STRONG><a name="[97]"></a>TIM_InitIcStruct</STRONG> (Thumb, 16 bytes, Stack size 0 bytes, n32g033_tim.o(.text.TIM_InitIcStruct))
<BR><BR>[Called By]<UL><LI><a href="#[94]">&gt;&gt;</a>&nbsp;&nbsp;&nbsp;TIM1_Input_433
</UL>

<P><STRONG><a name="[9f]"></a>TIM_InitOc1</STRONG> (Thumb, 100 bytes, Stack size 32 bytes, n32g033_tim.o(.text.TIM_InitOc1))
<BR><BR>[Stack]<UL><LI>Max Depth = 32<LI>Call Chain = TIM_InitOc1
</UL>
<BR>[Called By]<UL><LI><a href="#[9d]">&gt;&gt;</a>&nbsp;&nbsp;&nbsp;TIM3_PWM_LED
</UL>

<P><STRONG><a name="[a1]"></a>TIM_InitOc2</STRONG> (Thumb, 104 bytes, Stack size 24 bytes, n32g033_tim.o(.text.TIM_InitOc2))
<BR><BR>[Stack]<UL><LI>Max Depth = 24<LI>Call Chain = TIM_InitOc2
</UL>
<BR>[Called By]<UL><LI><a href="#[9d]">&gt;&gt;</a>&nbsp;&nbsp;&nbsp;TIM3_PWM_LED
</UL>

<P><STRONG><a name="[a8]"></a>TIM_InitOc3</STRONG> (Thumb, 124 bytes, Stack size 24 bytes, n32g033_tim.o(.text.TIM_InitOc3))
<BR><BR>[Stack]<UL><LI>Max Depth = 24<LI>Call Chain = TIM_InitOc3
</UL>
<BR>[Called By]<UL><LI><a href="#[ac]">&gt;&gt;</a>&nbsp;&nbsp;&nbsp;TIM4_PWM_BUZZ
<LI><a href="#[a7]">&gt;&gt;</a>&nbsp;&nbsp;&nbsp;TIM3_PWM_MOTOR
</UL>

<P><STRONG><a name="[aa]"></a>TIM_InitOc4</STRONG> (Thumb, 128 bytes, Stack size 24 bytes, n32g033_tim.o(.text.TIM_InitOc4))
<BR><BR>[Stack]<UL><LI>Max Depth = 24<LI>Call Chain = TIM_InitOc4
</UL>
<BR>[Called By]<UL><LI><a href="#[a7]">&gt;&gt;</a>&nbsp;&nbsp;&nbsp;TIM3_PWM_MOTOR
</UL>

<P><STRONG><a name="[9e]"></a>TIM_InitOcStruct</STRONG> (Thumb, 10 bytes, Stack size 8 bytes, n32g033_tim.o(.text.TIM_InitOcStruct))
<BR><BR>[Stack]<UL><LI>Max Depth = 8<LI>Call Chain = TIM_InitOcStruct
</UL>
<BR>[Calls]<UL><LI><a href="#[8f]">&gt;&gt;</a>&nbsp;&nbsp;&nbsp;__aeabi_memclr4
</UL>
<BR>[Called By]<UL><LI><a href="#[ac]">&gt;&gt;</a>&nbsp;&nbsp;&nbsp;TIM4_PWM_BUZZ
<LI><a href="#[a7]">&gt;&gt;</a>&nbsp;&nbsp;&nbsp;TIM3_PWM_MOTOR
<LI><a href="#[9d]">&gt;&gt;</a>&nbsp;&nbsp;&nbsp;TIM3_PWM_LED
</UL>

<P><STRONG><a name="[95]"></a>TIM_InitTimBaseStruct</STRONG> (Thumb, 20 bytes, Stack size 0 bytes, n32g033_tim.o(.text.TIM_InitTimBaseStruct))
<BR><BR>[Called By]<UL><LI><a href="#[94]">&gt;&gt;</a>&nbsp;&nbsp;&nbsp;TIM1_Input_433
<LI><a href="#[ac]">&gt;&gt;</a>&nbsp;&nbsp;&nbsp;TIM4_PWM_BUZZ
<LI><a href="#[9d]">&gt;&gt;</a>&nbsp;&nbsp;&nbsp;TIM3_PWM_LED
<LI><a href="#[ae]">&gt;&gt;</a>&nbsp;&nbsp;&nbsp;TIM_Configuration
</UL>

<P><STRONG><a name="[96]"></a>TIM_InitTimeBase</STRONG> (Thumb, 104 bytes, Stack size 8 bytes, n32g033_tim.o(.text.TIM_InitTimeBase))
<BR><BR>[Stack]<UL><LI>Max Depth = 8<LI>Call Chain = TIM_InitTimeBase
</UL>
<BR>[Called By]<UL><LI><a href="#[94]">&gt;&gt;</a>&nbsp;&nbsp;&nbsp;TIM1_Input_433
<LI><a href="#[ac]">&gt;&gt;</a>&nbsp;&nbsp;&nbsp;TIM4_PWM_BUZZ
<LI><a href="#[9d]">&gt;&gt;</a>&nbsp;&nbsp;&nbsp;TIM3_PWM_LED
<LI><a href="#[ae]">&gt;&gt;</a>&nbsp;&nbsp;&nbsp;TIM_Configuration
</UL>

<P><STRONG><a name="[99]"></a>TIM_SelectInputTrig</STRONG> (Thumb, 12 bytes, Stack size 0 bytes, n32g033_tim.o(.text.TIM_SelectInputTrig))
<BR><BR>[Called By]<UL><LI><a href="#[94]">&gt;&gt;</a>&nbsp;&nbsp;&nbsp;TIM1_Input_433
</UL>

<P><STRONG><a name="[9b]"></a>TIM_SelectMasterSlaveMode</STRONG> (Thumb, 18 bytes, Stack size 0 bytes, n32g033_tim.o(.text.TIM_SelectMasterSlaveMode))
<BR><BR>[Called By]<UL><LI><a href="#[94]">&gt;&gt;</a>&nbsp;&nbsp;&nbsp;TIM1_Input_433
</UL>

<P><STRONG><a name="[9a]"></a>TIM_SelectSlaveMode</STRONG> (Thumb, 16 bytes, Stack size 0 bytes, n32g033_tim.o(.text.TIM_SelectSlaveMode))
<BR><BR>[Called By]<UL><LI><a href="#[94]">&gt;&gt;</a>&nbsp;&nbsp;&nbsp;TIM1_Input_433
</UL>

<P><STRONG><a name="[a5]"></a>TIM_SetCmp1</STRONG> (Thumb, 28 bytes, Stack size 0 bytes, n32g033_tim.o(.text.TIM_SetCmp1))
<BR><BR>[Called By]<UL><LI><a href="#[9d]">&gt;&gt;</a>&nbsp;&nbsp;&nbsp;TIM3_PWM_LED
</UL>

<P><STRONG><a name="[a6]"></a>TIM_SetCmp2</STRONG> (Thumb, 28 bytes, Stack size 0 bytes, n32g033_tim.o(.text.TIM_SetCmp2))
<BR><BR>[Called By]<UL><LI><a href="#[9d]">&gt;&gt;</a>&nbsp;&nbsp;&nbsp;TIM3_PWM_LED
</UL>

<P><STRONG><a name="[83]"></a>TIM_SetCmp3</STRONG> (Thumb, 28 bytes, Stack size 0 bytes, n32g033_tim.o(.text.TIM_SetCmp3))
<BR><BR>[Called By]<UL><LI><a href="#[82]">&gt;&gt;</a>&nbsp;&nbsp;&nbsp;Motor_speed
</UL>

<P><STRONG><a name="[84]"></a>TIM_SetCmp4</STRONG> (Thumb, 12 bytes, Stack size 0 bytes, n32g033_tim.o(.text.TIM_SetCmp4))
<BR><BR>[Called By]<UL><LI><a href="#[82]">&gt;&gt;</a>&nbsp;&nbsp;&nbsp;Motor_speed
</UL>

<P><STRONG><a name="[a]"></a>UART1_IRQHandler</STRONG> (Thumb, 104 bytes, Stack size 16 bytes, n32g033_it.o(.text.UART1_IRQHandler))
<BR><BR>[Stack]<UL><LI>Max Depth = 24<LI>Call Chain = UART1_IRQHandler &rArr; r_uart0_receive_input
</UL>
<BR>[Calls]<UL><LI><a href="#[b2]">&gt;&gt;</a>&nbsp;&nbsp;&nbsp;r_uart0_receive_input
<LI><a href="#[b0]">&gt;&gt;</a>&nbsp;&nbsp;&nbsp;UART_ClrFlag
<LI><a href="#[af]">&gt;&gt;</a>&nbsp;&nbsp;&nbsp;UART_GetFlagStatus
<LI><a href="#[b1]">&gt;&gt;</a>&nbsp;&nbsp;&nbsp;UART_ReceiveData
<LI><a href="#[b3]">&gt;&gt;</a>&nbsp;&nbsp;&nbsp;UART_SendData
</UL>
<BR>[Address Reference Count : 1]<UL><LI> startup_n32g033.o(RESET)
</UL>
<P><STRONG><a name="[b0]"></a>UART_ClrFlag</STRONG> (Thumb, 6 bytes, Stack size 0 bytes, n32g033_uart.o(.text.UART_ClrFlag))
<BR><BR>[Called By]<UL><LI><a href="#[a]">&gt;&gt;</a>&nbsp;&nbsp;&nbsp;UART1_IRQHandler
</UL>

<P><STRONG><a name="[58]"></a>UART_ConfigInt</STRONG> (Thumb, 40 bytes, Stack size 8 bytes, n32g033_uart.o(.text.UART_ConfigInt))
<BR><BR>[Stack]<UL><LI>Max Depth = 8<LI>Call Chain = UART_ConfigInt
</UL>
<BR>[Called By]<UL><LI><a href="#[c5]">&gt;&gt;</a>&nbsp;&nbsp;&nbsp;log_init
<LI><a href="#[55]">&gt;&gt;</a>&nbsp;&nbsp;&nbsp;BootLoardDeal
</UL>

<P><STRONG><a name="[c6]"></a>UART_Enable</STRONG> (Thumb, 16 bytes, Stack size 0 bytes, n32g033_uart.o(.text.UART_Enable))
<BR><BR>[Called By]<UL><LI><a href="#[c5]">&gt;&gt;</a>&nbsp;&nbsp;&nbsp;log_init
</UL>

<P><STRONG><a name="[af]"></a>UART_GetFlagStatus</STRONG> (Thumb, 10 bytes, Stack size 0 bytes, n32g033_uart.o(.text.UART_GetFlagStatus))
<BR><BR>[Called By]<UL><LI><a href="#[a]">&gt;&gt;</a>&nbsp;&nbsp;&nbsp;UART1_IRQHandler
<LI><a href="#[54]">&gt;&gt;</a>&nbsp;&nbsp;&nbsp;r_uart0_send_bytes
</UL>

<P><STRONG><a name="[b4]"></a>UART_Init</STRONG> (Thumb, 148 bytes, Stack size 32 bytes, n32g033_uart.o(.text.UART_Init))
<BR><BR>[Stack]<UL><LI>Max Depth = 56<LI>Call Chain = UART_Init &rArr; RCC_GetClocksFreqValue &rArr; __aeabi_uidiv
</UL>
<BR>[Calls]<UL><LI><a href="#[8d]">&gt;&gt;</a>&nbsp;&nbsp;&nbsp;RCC_GetClocksFreqValue
<LI><a href="#[6a]">&gt;&gt;</a>&nbsp;&nbsp;&nbsp;__aeabi_uidiv
</UL>
<BR>[Called By]<UL><LI><a href="#[c5]">&gt;&gt;</a>&nbsp;&nbsp;&nbsp;log_init
</UL>

<P><STRONG><a name="[b1]"></a>UART_ReceiveData</STRONG> (Thumb, 8 bytes, Stack size 0 bytes, n32g033_uart.o(.text.UART_ReceiveData))
<BR><BR>[Called By]<UL><LI><a href="#[a]">&gt;&gt;</a>&nbsp;&nbsp;&nbsp;UART1_IRQHandler
</UL>

<P><STRONG><a name="[b3]"></a>UART_SendData</STRONG> (Thumb, 8 bytes, Stack size 0 bytes, n32g033_uart.o(.text.UART_SendData))
<BR><BR>[Called By]<UL><LI><a href="#[a]">&gt;&gt;</a>&nbsp;&nbsp;&nbsp;UART1_IRQHandler
<LI><a href="#[54]">&gt;&gt;</a>&nbsp;&nbsp;&nbsp;r_uart0_send_bytes
</UL>

<P><STRONG><a name="[b5]"></a>_150ms_work</STRONG> (Thumb, 364 bytes, Stack size 16 bytes, app_uart.o(.text._150ms_work))
<BR><BR>[Stack]<UL><LI>Max Depth = 248<LI>Call Chain = _150ms_work &rArr; properties_up &rArr; __2snprintf
</UL>
<BR>[Calls]<UL><LI><a href="#[54]">&gt;&gt;</a>&nbsp;&nbsp;&nbsp;r_uart0_send_bytes
<LI><a href="#[4e]">&gt;&gt;</a>&nbsp;&nbsp;&nbsp;__aeabi_memcpy
<LI><a href="#[81]">&gt;&gt;</a>&nbsp;&nbsp;&nbsp;properties_up
<LI><a href="#[37]">&gt;&gt;</a>&nbsp;&nbsp;&nbsp;__aeabi_d2iz
<LI><a href="#[34]">&gt;&gt;</a>&nbsp;&nbsp;&nbsp;__aeabi_ddiv
<LI><a href="#[33]">&gt;&gt;</a>&nbsp;&nbsp;&nbsp;__aeabi_dmul
<LI><a href="#[36]">&gt;&gt;</a>&nbsp;&nbsp;&nbsp;__aeabi_i2d
</UL>
<BR>[Called By]<UL><LI><a href="#[1b]">&gt;&gt;</a>&nbsp;&nbsp;&nbsp;main
</UL>

<P><STRONG><a name="[b6]"></a>_220AC_Power_down_save</STRONG> (Thumb, 68 bytes, Stack size 16 bytes, app_flash.o(.text._220AC_Power_down_save))
<BR><BR>[Stack]<UL><LI>Max Depth = 96<LI>Call Chain = _220AC_Power_down_save &rArr; save_current_position &rArr; Flash_WriteStruct &rArr; FLASH_ProgramWord
</UL>
<BR>[Calls]<UL><LI><a href="#[b7]">&gt;&gt;</a>&nbsp;&nbsp;&nbsp;save_current_position
<LI><a href="#[80]">&gt;&gt;</a>&nbsp;&nbsp;&nbsp;save_data
</UL>
<BR>[Called By]<UL><LI><a href="#[1b]">&gt;&gt;</a>&nbsp;&nbsp;&nbsp;main
</UL>

<P><STRONG><a name="[b8]"></a>alarm_signal_test_and_beep</STRONG> (Thumb, 1400 bytes, Stack size 24 bytes, app_limt.o(.text.alarm_signal_test_and_beep))
<BR><BR>[Stack]<UL><LI>Max Depth = 168<LI>Call Chain = alarm_signal_test_and_beep &rArr; motor_current_to_advalue &rArr; __aeabi_dmul &rArr; _double_epilogue &rArr; __aeabi_llsr
</UL>
<BR>[Calls]<UL><LI><a href="#[6e]">&gt;&gt;</a>&nbsp;&nbsp;&nbsp;GPIO_ReadInputDataBit
<LI><a href="#[50]">&gt;&gt;</a>&nbsp;&nbsp;&nbsp;SetupBzhx
<LI><a href="#[bb]">&gt;&gt;</a>&nbsp;&nbsp;&nbsp;__aeabi_memmove
<LI><a href="#[ba]">&gt;&gt;</a>&nbsp;&nbsp;&nbsp;motor_current_to_advalue
<LI><a href="#[b9]">&gt;&gt;</a>&nbsp;&nbsp;&nbsp;motor_stop
<LI><a href="#[37]">&gt;&gt;</a>&nbsp;&nbsp;&nbsp;__aeabi_d2iz
<LI><a href="#[34]">&gt;&gt;</a>&nbsp;&nbsp;&nbsp;__aeabi_ddiv
<LI><a href="#[36]">&gt;&gt;</a>&nbsp;&nbsp;&nbsp;__aeabi_i2d
<LI><a href="#[35]">&gt;&gt;</a>&nbsp;&nbsp;&nbsp;__aeabi_ui2f
</UL>
<BR>[Called By]<UL><LI><a href="#[1b]">&gt;&gt;</a>&nbsp;&nbsp;&nbsp;main
</UL>

<P><STRONG><a name="[bc]"></a>analysis_capture_command</STRONG> (Thumb, 456 bytes, Stack size 40 bytes, app_433.o(.text.analysis_capture_command))
<BR><BR>[Stack]<UL><LI>Max Depth = 112<LI>Call Chain = analysis_capture_command &rArr; judge_remote_control &rArr; RF_DEC
</UL>
<BR>[Calls]<UL><LI><a href="#[bd]">&gt;&gt;</a>&nbsp;&nbsp;&nbsp;Keelop_KEY
<LI><a href="#[be]">&gt;&gt;</a>&nbsp;&nbsp;&nbsp;RF_DEC
<LI><a href="#[bf]">&gt;&gt;</a>&nbsp;&nbsp;&nbsp;judge_remote_control
</UL>
<BR>[Called By]<UL><LI><a href="#[c0]">&gt;&gt;</a>&nbsp;&nbsp;&nbsp;capture_433key_judge_answer
</UL>

<P><STRONG><a name="[c0]"></a>capture_433key_judge_answer</STRONG> (Thumb, 792 bytes, Stack size 24 bytes, app_433.o(.text.capture_433key_judge_answer))
<BR><BR>[Stack]<UL><LI>Max Depth = 280<LI>Call Chain = capture_433key_judge_answer &rArr; ModuleResetReq &rArr; properties_up &rArr; __2snprintf
</UL>
<BR>[Calls]<UL><LI><a href="#[50]">&gt;&gt;</a>&nbsp;&nbsp;&nbsp;SetupBzhx
<LI><a href="#[c1]">&gt;&gt;</a>&nbsp;&nbsp;&nbsp;match_data_del
<LI><a href="#[bc]">&gt;&gt;</a>&nbsp;&nbsp;&nbsp;analysis_capture_command
<LI><a href="#[7f]">&gt;&gt;</a>&nbsp;&nbsp;&nbsp;ModuleResetReq
<LI><a href="#[51]">&gt;&gt;</a>&nbsp;&nbsp;&nbsp;match_data_clear
<LI><a href="#[5e]">&gt;&gt;</a>&nbsp;&nbsp;&nbsp;Cmd_Motor_Down
<LI><a href="#[5f]">&gt;&gt;</a>&nbsp;&nbsp;&nbsp;Cmd_Motor_Stop
<LI><a href="#[4f]">&gt;&gt;</a>&nbsp;&nbsp;&nbsp;Cmd_Light
<LI><a href="#[60]">&gt;&gt;</a>&nbsp;&nbsp;&nbsp;Cmd_Motor_Up
</UL>
<BR>[Called By]<UL><LI><a href="#[1b]">&gt;&gt;</a>&nbsp;&nbsp;&nbsp;main
</UL>

<P><STRONG><a name="[c2]"></a>data_handle</STRONG> (Thumb, 444 bytes, Stack size 16 bytes, app_uart.o(.text.data_handle))
<BR><BR>[Stack]<UL><LI>Max Depth = 240<LI>Call Chain = data_handle &rArr; Return_Properties &rArr; __2snprintf
</UL>
<BR>[Calls]<UL><LI><a href="#[54]">&gt;&gt;</a>&nbsp;&nbsp;&nbsp;r_uart0_send_bytes
<LI><a href="#[c3]">&gt;&gt;</a>&nbsp;&nbsp;&nbsp;r_uart0_protocol_init
<LI><a href="#[7d]">&gt;&gt;</a>&nbsp;&nbsp;&nbsp;memcmp
<LI><a href="#[21]">&gt;&gt;</a>&nbsp;&nbsp;&nbsp;__aeabi_memclr
<LI><a href="#[55]">&gt;&gt;</a>&nbsp;&nbsp;&nbsp;BootLoardDeal
<LI><a href="#[4d]">&gt;&gt;</a>&nbsp;&nbsp;&nbsp;Action_deal
<LI><a href="#[93]">&gt;&gt;</a>&nbsp;&nbsp;&nbsp;Set_Properties
<LI><a href="#[8e]">&gt;&gt;</a>&nbsp;&nbsp;&nbsp;Return_Properties
<LI><a href="#[7c]">&gt;&gt;</a>&nbsp;&nbsp;&nbsp;Model_Net_Change
</UL>
<BR>[Called By]<UL><LI><a href="#[c9]">&gt;&gt;</a>&nbsp;&nbsp;&nbsp;r_uart0_service
</UL>

<P><STRONG><a name="[cc]"></a>get_queue_total_data</STRONG> (Thumb, 16 bytes, Stack size 0 bytes, dri_uart.o(.text.get_queue_total_data))
<BR><BR>[Called By]<UL><LI><a href="#[c9]">&gt;&gt;</a>&nbsp;&nbsp;&nbsp;r_uart0_service
</UL>

<P><STRONG><a name="[bf]"></a>judge_remote_control</STRONG> (Thumb, 176 bytes, Stack size 48 bytes, app_433.o(.text.judge_remote_control))
<BR><BR>[Stack]<UL><LI>Max Depth = 72<LI>Call Chain = judge_remote_control &rArr; RF_DEC
</UL>
<BR>[Calls]<UL><LI><a href="#[bd]">&gt;&gt;</a>&nbsp;&nbsp;&nbsp;Keelop_KEY
<LI><a href="#[be]">&gt;&gt;</a>&nbsp;&nbsp;&nbsp;RF_DEC
</UL>
<BR>[Called By]<UL><LI><a href="#[bc]">&gt;&gt;</a>&nbsp;&nbsp;&nbsp;analysis_capture_command
</UL>

<P><STRONG><a name="[6f]"></a>light_work</STRONG> (Thumb, 540 bytes, Stack size 24 bytes, app_led.o(.text.light_work))
<BR><BR>[Stack]<UL><LI>Max Depth = 40<LI>Call Chain = light_work &rArr; __aeabi_idiv
</UL>
<BR>[Calls]<UL><LI><a href="#[56]">&gt;&gt;</a>&nbsp;&nbsp;&nbsp;GPIO_ResetBits
<LI><a href="#[5b]">&gt;&gt;</a>&nbsp;&nbsp;&nbsp;GPIO_SetBits
<LI><a href="#[5d]">&gt;&gt;</a>&nbsp;&nbsp;&nbsp;__aeabi_idiv
<LI><a href="#[6a]">&gt;&gt;</a>&nbsp;&nbsp;&nbsp;__aeabi_uidiv
</UL>
<BR>[Called By]<UL><LI><a href="#[61]">&gt;&gt;</a>&nbsp;&nbsp;&nbsp;HAL_EXIT_IRQHandler_BACK
</UL>

<P><STRONG><a name="[c4]"></a>limit_protect</STRONG> (Thumb, 424 bytes, Stack size 24 bytes, app_limt.o(.text.limit_protect))
<BR><BR>[Stack]<UL><LI>Max Depth = 40<LI>Call Chain = limit_protect &rArr; SetupBzhx
</UL>
<BR>[Calls]<UL><LI><a href="#[6e]">&gt;&gt;</a>&nbsp;&nbsp;&nbsp;GPIO_ReadInputDataBit
<LI><a href="#[50]">&gt;&gt;</a>&nbsp;&nbsp;&nbsp;SetupBzhx
</UL>
<BR>[Called By]<UL><LI><a href="#[1b]">&gt;&gt;</a>&nbsp;&nbsp;&nbsp;main
</UL>

<P><STRONG><a name="[c5]"></a>log_init</STRONG> (Thumb, 112 bytes, Stack size 64 bytes, dri_uart.o(.text.log_init))
<BR><BR>[Stack]<UL><LI>Max Depth = 120<LI>Call Chain = log_init &rArr; UART_Init &rArr; RCC_GetClocksFreqValue &rArr; __aeabi_uidiv
</UL>
<BR>[Calls]<UL><LI><a href="#[40]">&gt;&gt;</a>&nbsp;&nbsp;&nbsp;RCC_EnableAPBPeriphClk
<LI><a href="#[41]">&gt;&gt;</a>&nbsp;&nbsp;&nbsp;GPIO_InitStruct
<LI><a href="#[42]">&gt;&gt;</a>&nbsp;&nbsp;&nbsp;GPIO_InitPeripheral
<LI><a href="#[58]">&gt;&gt;</a>&nbsp;&nbsp;&nbsp;UART_ConfigInt
<LI><a href="#[c6]">&gt;&gt;</a>&nbsp;&nbsp;&nbsp;UART_Enable
<LI><a href="#[b4]">&gt;&gt;</a>&nbsp;&nbsp;&nbsp;UART_Init
</UL>
<BR>[Called By]<UL><LI><a href="#[1b]">&gt;&gt;</a>&nbsp;&nbsp;&nbsp;main
</UL>

<P><STRONG><a name="[1b]"></a>main</STRONG> (Thumb, 300 bytes, Stack size 0 bytes, main.o(.text.main))
<BR><BR>[Stack]<UL><LI>Max Depth = 280<LI>Call Chain = main &rArr; capture_433key_judge_answer &rArr; ModuleResetReq &rArr; properties_up &rArr; __2snprintf
</UL>
<BR>[Calls]<UL><LI><a href="#[ca]">&gt;&gt;</a>&nbsp;&nbsp;&nbsp;IWDG_ReloadKey
<LI><a href="#[1c]">&gt;&gt;</a>&nbsp;&nbsp;&nbsp;SystemInit
<LI><a href="#[b5]">&gt;&gt;</a>&nbsp;&nbsp;&nbsp;_150ms_work
<LI><a href="#[8a]">&gt;&gt;</a>&nbsp;&nbsp;&nbsp;PowerOn_ModelSet
<LI><a href="#[5a]">&gt;&gt;</a>&nbsp;&nbsp;&nbsp;CmdBzhx
<LI><a href="#[b8]">&gt;&gt;</a>&nbsp;&nbsp;&nbsp;alarm_signal_test_and_beep
<LI><a href="#[c0]">&gt;&gt;</a>&nbsp;&nbsp;&nbsp;capture_433key_judge_answer
<LI><a href="#[82]">&gt;&gt;</a>&nbsp;&nbsp;&nbsp;Motor_speed
<LI><a href="#[b6]">&gt;&gt;</a>&nbsp;&nbsp;&nbsp;_220AC_Power_down_save
<LI><a href="#[4a]">&gt;&gt;</a>&nbsp;&nbsp;&nbsp;ADC_StartConversion
<LI><a href="#[c4]">&gt;&gt;</a>&nbsp;&nbsp;&nbsp;limit_protect
<LI><a href="#[c9]">&gt;&gt;</a>&nbsp;&nbsp;&nbsp;r_uart0_service
<LI><a href="#[50]">&gt;&gt;</a>&nbsp;&nbsp;&nbsp;SetupBzhx
<LI><a href="#[78]">&gt;&gt;</a>&nbsp;&nbsp;&nbsp;HOLLInputExtiInit
<LI><a href="#[7b]">&gt;&gt;</a>&nbsp;&nbsp;&nbsp;KeyInputExtiInit
<LI><a href="#[c3]">&gt;&gt;</a>&nbsp;&nbsp;&nbsp;r_uart0_protocol_init
<LI><a href="#[c8]">&gt;&gt;</a>&nbsp;&nbsp;&nbsp;variable_init
<LI><a href="#[c7]">&gt;&gt;</a>&nbsp;&nbsp;&nbsp;read_data
<LI><a href="#[3f]">&gt;&gt;</a>&nbsp;&nbsp;&nbsp;ADC_Initial
<LI><a href="#[ac]">&gt;&gt;</a>&nbsp;&nbsp;&nbsp;TIM4_PWM_BUZZ
<LI><a href="#[a7]">&gt;&gt;</a>&nbsp;&nbsp;&nbsp;TIM3_PWM_MOTOR
<LI><a href="#[9d]">&gt;&gt;</a>&nbsp;&nbsp;&nbsp;TIM3_PWM_LED
<LI><a href="#[ae]">&gt;&gt;</a>&nbsp;&nbsp;&nbsp;TIM_Configuration
<LI><a href="#[87]">&gt;&gt;</a>&nbsp;&nbsp;&nbsp;PVD_Init
<LI><a href="#[c5]">&gt;&gt;</a>&nbsp;&nbsp;&nbsp;log_init
<LI><a href="#[85]">&gt;&gt;</a>&nbsp;&nbsp;&nbsp;NVIC_Configuration
<LI><a href="#[67]">&gt;&gt;</a>&nbsp;&nbsp;&nbsp;GPIO_Configuration
<LI><a href="#[8b]">&gt;&gt;</a>&nbsp;&nbsp;&nbsp;RCC_Configuration
</UL>
<BR>[Address Reference Count : 1]<UL><LI> entry9a.o(.ARM.Collect$$$$0000000B)
</UL>
<P><STRONG><a name="[51]"></a>match_data_clear</STRONG> (Thumb, 76 bytes, Stack size 8 bytes, app_flash.o(.text.match_data_clear))
<BR><BR>[Stack]<UL><LI>Max Depth = 72<LI>Call Chain = match_data_clear &rArr; Flash_WriteStruct &rArr; FLASH_ProgramWord
</UL>
<BR>[Calls]<UL><LI><a href="#[59]">&gt;&gt;</a>&nbsp;&nbsp;&nbsp;Flash_WriteStruct
</UL>
<BR>[Called By]<UL><LI><a href="#[c0]">&gt;&gt;</a>&nbsp;&nbsp;&nbsp;capture_433key_judge_answer
<LI><a href="#[4d]">&gt;&gt;</a>&nbsp;&nbsp;&nbsp;Action_deal
</UL>

<P><STRONG><a name="[c1]"></a>match_data_del</STRONG> (Thumb, 272 bytes, Stack size 32 bytes, app_flash.o(.text.match_data_del))
<BR><BR>[Stack]<UL><LI>Max Depth = 96<LI>Call Chain = match_data_del &rArr; Flash_WriteStruct &rArr; FLASH_ProgramWord
</UL>
<BR>[Calls]<UL><LI><a href="#[62]">&gt;&gt;</a>&nbsp;&nbsp;&nbsp;FLASH_EraseOnePage
<LI><a href="#[59]">&gt;&gt;</a>&nbsp;&nbsp;&nbsp;Flash_WriteStruct
</UL>
<BR>[Called By]<UL><LI><a href="#[c0]">&gt;&gt;</a>&nbsp;&nbsp;&nbsp;capture_433key_judge_answer
</UL>

<P><STRONG><a name="[ce]"></a>mcu_common_uart_data_unpack</STRONG> (Thumb, 68 bytes, Stack size 0 bytes, dri_uart.o(.text.mcu_common_uart_data_unpack))
<BR><BR>[Called By]<UL><LI><a href="#[c9]">&gt;&gt;</a>&nbsp;&nbsp;&nbsp;r_uart0_service
</UL>

<P><STRONG><a name="[ba]"></a>motor_current_to_advalue</STRONG> (Thumb, 112 bytes, Stack size 16 bytes, app_adc_1.o(.text.motor_current_to_advalue))
<BR><BR>[Stack]<UL><LI>Max Depth = 144<LI>Call Chain = motor_current_to_advalue &rArr; __aeabi_dmul &rArr; _double_epilogue &rArr; __aeabi_llsr
</UL>
<BR>[Calls]<UL><LI><a href="#[2c]">&gt;&gt;</a>&nbsp;&nbsp;&nbsp;__aeabi_dadd
<LI><a href="#[cb]">&gt;&gt;</a>&nbsp;&nbsp;&nbsp;__aeabi_f2d
<LI><a href="#[2b]">&gt;&gt;</a>&nbsp;&nbsp;&nbsp;__aeabi_fdiv
<LI><a href="#[37]">&gt;&gt;</a>&nbsp;&nbsp;&nbsp;__aeabi_d2iz
<LI><a href="#[34]">&gt;&gt;</a>&nbsp;&nbsp;&nbsp;__aeabi_ddiv
<LI><a href="#[33]">&gt;&gt;</a>&nbsp;&nbsp;&nbsp;__aeabi_dmul
<LI><a href="#[26]">&gt;&gt;</a>&nbsp;&nbsp;&nbsp;__aeabi_fadd
<LI><a href="#[35]">&gt;&gt;</a>&nbsp;&nbsp;&nbsp;__aeabi_ui2f
</UL>
<BR>[Called By]<UL><LI><a href="#[b8]">&gt;&gt;</a>&nbsp;&nbsp;&nbsp;alarm_signal_test_and_beep
<LI><a href="#[c7]">&gt;&gt;</a>&nbsp;&nbsp;&nbsp;read_data
</UL>

<P><STRONG><a name="[b9]"></a>motor_stop</STRONG> (Thumb, 8 bytes, Stack size 0 bytes, app_motor.o(.text.motor_stop))
<BR><BR>[Called By]<UL><LI><a href="#[b8]">&gt;&gt;</a>&nbsp;&nbsp;&nbsp;alarm_signal_test_and_beep
</UL>

<P><STRONG><a name="[70]"></a>motor_work</STRONG> (Thumb, 216 bytes, Stack size 16 bytes, app_motor.o(.text.motor_work))
<BR><BR>[Stack]<UL><LI>Max Depth = 16<LI>Call Chain = motor_work
</UL>
<BR>[Called By]<UL><LI><a href="#[61]">&gt;&gt;</a>&nbsp;&nbsp;&nbsp;HAL_EXIT_IRQHandler_BACK
</UL>

<P><STRONG><a name="[81]"></a>properties_up</STRONG> (Thumb, 2480 bytes, Stack size 192 bytes, app_uart.o(.text.properties_up))
<BR><BR>[Stack]<UL><LI>Max Depth = 232<LI>Call Chain = properties_up &rArr; __2snprintf
</UL>
<BR>[Calls]<UL><LI><a href="#[54]">&gt;&gt;</a>&nbsp;&nbsp;&nbsp;r_uart0_send_bytes
<LI><a href="#[91]">&gt;&gt;</a>&nbsp;&nbsp;&nbsp;strlen
<LI><a href="#[8f]">&gt;&gt;</a>&nbsp;&nbsp;&nbsp;__aeabi_memclr4
<LI><a href="#[21]">&gt;&gt;</a>&nbsp;&nbsp;&nbsp;__aeabi_memclr
<LI><a href="#[4e]">&gt;&gt;</a>&nbsp;&nbsp;&nbsp;__aeabi_memcpy
<LI><a href="#[90]">&gt;&gt;</a>&nbsp;&nbsp;&nbsp;__2snprintf
</UL>
<BR>[Called By]<UL><LI><a href="#[b5]">&gt;&gt;</a>&nbsp;&nbsp;&nbsp;_150ms_work
<LI><a href="#[7f]">&gt;&gt;</a>&nbsp;&nbsp;&nbsp;ModuleResetReq
</UL>

<P><STRONG><a name="[c3]"></a>r_uart0_protocol_init</STRONG> (Thumb, 12 bytes, Stack size 0 bytes, dri_uart.o(.text.r_uart0_protocol_init))
<BR><BR>[Called By]<UL><LI><a href="#[1b]">&gt;&gt;</a>&nbsp;&nbsp;&nbsp;main
<LI><a href="#[c2]">&gt;&gt;</a>&nbsp;&nbsp;&nbsp;data_handle
</UL>

<P><STRONG><a name="[b2]"></a>r_uart0_receive_input</STRONG> (Thumb, 44 bytes, Stack size 8 bytes, dri_uart.o(.text.r_uart0_receive_input))
<BR><BR>[Stack]<UL><LI>Max Depth = 8<LI>Call Chain = r_uart0_receive_input
</UL>
<BR>[Called By]<UL><LI><a href="#[a]">&gt;&gt;</a>&nbsp;&nbsp;&nbsp;UART1_IRQHandler
</UL>

<P><STRONG><a name="[54]"></a>r_uart0_send_bytes</STRONG> (Thumb, 56 bytes, Stack size 24 bytes, dri_uart.o(.text.r_uart0_send_bytes))
<BR><BR>[Stack]<UL><LI>Max Depth = 24<LI>Call Chain = r_uart0_send_bytes
</UL>
<BR>[Calls]<UL><LI><a href="#[af]">&gt;&gt;</a>&nbsp;&nbsp;&nbsp;UART_GetFlagStatus
<LI><a href="#[b3]">&gt;&gt;</a>&nbsp;&nbsp;&nbsp;UART_SendData
</UL>
<BR>[Called By]<UL><LI><a href="#[b5]">&gt;&gt;</a>&nbsp;&nbsp;&nbsp;_150ms_work
<LI><a href="#[8a]">&gt;&gt;</a>&nbsp;&nbsp;&nbsp;PowerOn_ModelSet
<LI><a href="#[7f]">&gt;&gt;</a>&nbsp;&nbsp;&nbsp;ModuleResetReq
<LI><a href="#[81]">&gt;&gt;</a>&nbsp;&nbsp;&nbsp;properties_up
<LI><a href="#[4d]">&gt;&gt;</a>&nbsp;&nbsp;&nbsp;Action_deal
<LI><a href="#[93]">&gt;&gt;</a>&nbsp;&nbsp;&nbsp;Set_Properties
<LI><a href="#[8e]">&gt;&gt;</a>&nbsp;&nbsp;&nbsp;Return_Properties
<LI><a href="#[c2]">&gt;&gt;</a>&nbsp;&nbsp;&nbsp;data_handle
</UL>

<P><STRONG><a name="[c9]"></a>r_uart0_service</STRONG> (Thumb, 44 bytes, Stack size 8 bytes, app_uart.o(.text.r_uart0_service))
<BR><BR>[Stack]<UL><LI>Max Depth = 248<LI>Call Chain = r_uart0_service &rArr; data_handle &rArr; Return_Properties &rArr; __2snprintf
</UL>
<BR>[Calls]<UL><LI><a href="#[cd]">&gt;&gt;</a>&nbsp;&nbsp;&nbsp;Queue_Read_Byte
<LI><a href="#[cc]">&gt;&gt;</a>&nbsp;&nbsp;&nbsp;get_queue_total_data
<LI><a href="#[ce]">&gt;&gt;</a>&nbsp;&nbsp;&nbsp;mcu_common_uart_data_unpack
<LI><a href="#[21]">&gt;&gt;</a>&nbsp;&nbsp;&nbsp;__aeabi_memclr
<LI><a href="#[c2]">&gt;&gt;</a>&nbsp;&nbsp;&nbsp;data_handle
</UL>
<BR>[Called By]<UL><LI><a href="#[1b]">&gt;&gt;</a>&nbsp;&nbsp;&nbsp;main
</UL>

<P><STRONG><a name="[c7]"></a>read_data</STRONG> (Thumb, 524 bytes, Stack size 24 bytes, app_flash.o(.text.read_data))
<BR><BR>[Stack]<UL><LI>Max Depth = 168<LI>Call Chain = read_data &rArr; motor_current_to_advalue &rArr; __aeabi_dmul &rArr; _double_epilogue &rArr; __aeabi_llsr
</UL>
<BR>[Calls]<UL><LI><a href="#[62]">&gt;&gt;</a>&nbsp;&nbsp;&nbsp;FLASH_EraseOnePage
<LI><a href="#[59]">&gt;&gt;</a>&nbsp;&nbsp;&nbsp;Flash_WriteStruct
<LI><a href="#[cf]">&gt;&gt;</a>&nbsp;&nbsp;&nbsp;Read_FLASH_MUIData
<LI><a href="#[ba]">&gt;&gt;</a>&nbsp;&nbsp;&nbsp;motor_current_to_advalue
<LI><a href="#[53]">&gt;&gt;</a>&nbsp;&nbsp;&nbsp;__aeabi_f2iz
<LI><a href="#[26]">&gt;&gt;</a>&nbsp;&nbsp;&nbsp;__aeabi_fadd
<LI><a href="#[52]">&gt;&gt;</a>&nbsp;&nbsp;&nbsp;__aeabi_fmul
<LI><a href="#[35]">&gt;&gt;</a>&nbsp;&nbsp;&nbsp;__aeabi_ui2f
<LI><a href="#[5d]">&gt;&gt;</a>&nbsp;&nbsp;&nbsp;__aeabi_idiv
</UL>
<BR>[Called By]<UL><LI><a href="#[1b]">&gt;&gt;</a>&nbsp;&nbsp;&nbsp;main
</UL>

<P><STRONG><a name="[b7]"></a>save_current_position</STRONG> (Thumb, 40 bytes, Stack size 16 bytes, app_flash.o(.text.save_current_position))
<BR><BR>[Stack]<UL><LI>Max Depth = 80<LI>Call Chain = save_current_position &rArr; Flash_WriteStruct &rArr; FLASH_ProgramWord
</UL>
<BR>[Calls]<UL><LI><a href="#[62]">&gt;&gt;</a>&nbsp;&nbsp;&nbsp;FLASH_EraseOnePage
<LI><a href="#[59]">&gt;&gt;</a>&nbsp;&nbsp;&nbsp;Flash_WriteStruct
</UL>
<BR>[Called By]<UL><LI><a href="#[b6]">&gt;&gt;</a>&nbsp;&nbsp;&nbsp;_220AC_Power_down_save
</UL>

<P><STRONG><a name="[80]"></a>save_data</STRONG> (Thumb, 40 bytes, Stack size 16 bytes, app_flash.o(.text.save_data))
<BR><BR>[Stack]<UL><LI>Max Depth = 80<LI>Call Chain = save_data &rArr; Flash_WriteStruct &rArr; FLASH_ProgramWord
</UL>
<BR>[Calls]<UL><LI><a href="#[62]">&gt;&gt;</a>&nbsp;&nbsp;&nbsp;FLASH_EraseOnePage
<LI><a href="#[59]">&gt;&gt;</a>&nbsp;&nbsp;&nbsp;Flash_WriteStruct
</UL>
<BR>[Called By]<UL><LI><a href="#[b6]">&gt;&gt;</a>&nbsp;&nbsp;&nbsp;_220AC_Power_down_save
<LI><a href="#[7f]">&gt;&gt;</a>&nbsp;&nbsp;&nbsp;ModuleResetReq
</UL>

<P><STRONG><a name="[c8]"></a>variable_init</STRONG> (Thumb, 104 bytes, Stack size 16 bytes, app_flash.o(.text.variable_init))
<BR><BR>[Stack]<UL><LI>Max Depth = 16<LI>Call Chain = variable_init
</UL>
<BR>[Calls]<UL><LI><a href="#[56]">&gt;&gt;</a>&nbsp;&nbsp;&nbsp;GPIO_ResetBits
<LI><a href="#[8f]">&gt;&gt;</a>&nbsp;&nbsp;&nbsp;__aeabi_memclr4
<LI><a href="#[22]">&gt;&gt;</a>&nbsp;&nbsp;&nbsp;__aeabi_memset
</UL>
<BR>[Called By]<UL><LI><a href="#[1b]">&gt;&gt;</a>&nbsp;&nbsp;&nbsp;main
</UL>

<P><STRONG><a name="[d0]"></a>__0snprintf$8</STRONG> (Thumb, 50 bytes, Stack size 40 bytes, printf8.o(i.__0snprintf$8), UNUSED)
<BR><BR>[Calls]<UL><LI><a href="#[d1]">&gt;&gt;</a>&nbsp;&nbsp;&nbsp;_printf_core
</UL>

<P><STRONG><a name="[e6]"></a>__1snprintf$8</STRONG> (Thumb, 0 bytes, Stack size 40 bytes, printf8.o(i.__0snprintf$8), UNUSED)

<P><STRONG><a name="[90]"></a>__2snprintf</STRONG> (Thumb, 0 bytes, Stack size 40 bytes, printf8.o(i.__0snprintf$8))
<BR><BR>[Stack]<UL><LI>Max Depth = 40<LI>Call Chain = __2snprintf
</UL>
<BR>[Called By]<UL><LI><a href="#[81]">&gt;&gt;</a>&nbsp;&nbsp;&nbsp;properties_up
<LI><a href="#[8e]">&gt;&gt;</a>&nbsp;&nbsp;&nbsp;Return_Properties
</UL>

<P><STRONG><a name="[3c]"></a>__ARM_clz</STRONG> (Thumb, 46 bytes, Stack size 0 bytes, depilogue.o(i.__ARM_clz))
<BR><BR>[Called By]<UL><LI><a href="#[2f]">&gt;&gt;</a>&nbsp;&nbsp;&nbsp;_double_epilogue
</UL>

<P><STRONG><a name="[e7]"></a>__scatterload_copy</STRONG> (Thumb, 14 bytes, Stack size unknown bytes, handlers.o(i.__scatterload_copy), UNUSED)

<P><STRONG><a name="[e8]"></a>__scatterload_null</STRONG> (Thumb, 2 bytes, Stack size unknown bytes, handlers.o(i.__scatterload_null), UNUSED)

<P><STRONG><a name="[e9]"></a>__scatterload_zeroinit</STRONG> (Thumb, 14 bytes, Stack size unknown bytes, handlers.o(i.__scatterload_zeroinit), UNUSED)
<P>
<H3>
Local Symbols
</H3>
<P><STRONG><a name="[d1]"></a>_printf_core</STRONG> (Thumb, 1020 bytes, Stack size 104 bytes, printf8.o(i._printf_core), UNUSED)
<BR><BR>[Calls]<UL><LI><a href="#[3b]">&gt;&gt;</a>&nbsp;&nbsp;&nbsp;__aeabi_uldivmod
<LI><a href="#[d2]">&gt;&gt;</a>&nbsp;&nbsp;&nbsp;_printf_pre_padding
<LI><a href="#[d3]">&gt;&gt;</a>&nbsp;&nbsp;&nbsp;_printf_post_padding
</UL>
<BR>[Called By]<UL><LI><a href="#[d0]">&gt;&gt;</a>&nbsp;&nbsp;&nbsp;__0snprintf$8
</UL>

<P><STRONG><a name="[d3]"></a>_printf_post_padding</STRONG> (Thumb, 32 bytes, Stack size 24 bytes, printf8.o(i._printf_post_padding), UNUSED)
<BR><BR>[Called By]<UL><LI><a href="#[d1]">&gt;&gt;</a>&nbsp;&nbsp;&nbsp;_printf_core
</UL>

<P><STRONG><a name="[d2]"></a>_printf_pre_padding</STRONG> (Thumb, 44 bytes, Stack size 40 bytes, printf8.o(i._printf_pre_padding), UNUSED)
<BR><BR>[Called By]<UL><LI><a href="#[d1]">&gt;&gt;</a>&nbsp;&nbsp;&nbsp;_printf_core
</UL>

<P><STRONG><a name="[1e]"></a>_snputc</STRONG> (Thumb, 22 bytes, Stack size 0 bytes, printf8.o(i._snputc))
<BR>[Address Reference Count : 1]<UL><LI> printf8.o(i.__0snprintf$8)
</UL><P>
<H3>
Undefined Global Symbols
</H3><HR></body></html>
