Component: Arm Compiler for Embedded 6.22 Tool: armlink [5ee90200]

==============================================================================

Section Cross References

    startup_n32g033.o(RESET) refers to startup_n32g033.o(STACK) for __initial_sp
    startup_n32g033.o(RESET) refers to startup_n32g033.o(.text) for Reset_Handler
    startup_n32g033.o(RESET) refers to n32g033_it.o(.text.NMI_Handler) for NMI_Handler
    startup_n32g033.o(RESET) refers to n32g033_it.o(.text.HardFault_Handler) for HardFault_Handler
    startup_n32g033.o(RESET) refers to n32g033_it.o(.text.SVC_Handler) for SVC_Handler
    startup_n32g033.o(RESET) refers to n32g033_it.o(.text.SysTick_Handler) for SysTick_Handler
    startup_n32g033.o(RESET) refers to n32g033_it.o(.text.PVD_IRQHandler) for PVD_IRQHandler
    startup_n32g033.o(RESET) refers to n32g033_it.o(.text.EXTI0_6_IRQHandler) for EXTI0_6_IRQHandler
    startup_n32g033.o(RESET) refers to n32g033_it.o(.text.UART1_IRQHandler) for UART1_IRQHandler
    startup_n32g033.o(RESET) refers to n32g033_it.o(.text.UART2_IRQHandler) for UART2_IRQHandler
    startup_n32g033.o(RESET) refers to n32g033_it.o(.text.TIM1_CC_IRQHandler) for TIM1_CC_IRQHandler
    startup_n32g033.o(RESET) refers to n32g033_it.o(.text.ADC_IRQHandler) for ADC_IRQHandler
    startup_n32g033.o(RESET) refers to n32g033_it.o(.text.TIM6_IRQHandler) for TIM6_IRQHandler
    startup_n32g033.o(.text) refers to system_n32g033.o(.text.SystemInit) for SystemInit
    startup_n32g033.o(.text) refers to entry.o(.ARM.Collect$$$$00000000) for __main
    system_n32g033.o(.ARM.exidx.text.Delay_ms) refers to system_n32g033.o(.text.Delay_ms) for [Anonymous Symbol]
    system_n32g033.o(.ARM.exidx.text.SystemInit) refers to system_n32g033.o(.text.SystemInit) for [Anonymous Symbol]
    system_n32g033.o(.text.SystemCoreClockUpdate) refers to system_n32g033.o(.data.SystemCoreClock) for SystemCoreClock
    system_n32g033.o(.text.SystemCoreClockUpdate) refers to system_n32g033.o(.rodata.AHBPrescTable) for AHBPrescTable
    system_n32g033.o(.ARM.exidx.text.SystemCoreClockUpdate) refers to system_n32g033.o(.text.SystemCoreClockUpdate) for [Anonymous Symbol]
    misc.o(.ARM.exidx.text.NVIC_Init) refers to misc.o(.text.NVIC_Init) for [Anonymous Symbol]
    misc.o(.ARM.exidx.text.SysTick_CLKSourceConfig) refers to misc.o(.text.SysTick_CLKSourceConfig) for [Anonymous Symbol]
    n32g033_adc.o(.text.ADC_DeInit) refers to n32g033_rcc.o(.text.RCC_EnableAHBPeriphReset) for RCC_EnableAHBPeriphReset
    n32g033_adc.o(.ARM.exidx.text.ADC_DeInit) refers to n32g033_adc.o(.text.ADC_DeInit) for [Anonymous Symbol]
    n32g033_adc.o(.ARM.exidx.text.ADC_Init) refers to n32g033_adc.o(.text.ADC_Init) for [Anonymous Symbol]
    n32g033_adc.o(.ARM.exidx.text.ADC_InitStruct) refers to n32g033_adc.o(.text.ADC_InitStruct) for [Anonymous Symbol]
    n32g033_adc.o(.ARM.exidx.text.ADC_Enable) refers to n32g033_adc.o(.text.ADC_Enable) for [Anonymous Symbol]
    n32g033_adc.o(.ARM.exidx.text.ADC_ConfigInt) refers to n32g033_adc.o(.text.ADC_ConfigInt) for [Anonymous Symbol]
    n32g033_adc.o(.ARM.exidx.text.ADC_EnableSoftwareTrig) refers to n32g033_adc.o(.text.ADC_EnableSoftwareTrig) for [Anonymous Symbol]
    n32g033_adc.o(.ARM.exidx.text.ADC_EnableExternalLineTrig) refers to n32g033_adc.o(.text.ADC_EnableExternalLineTrig) for [Anonymous Symbol]
    n32g033_adc.o(.ARM.exidx.text.ADC_GetSoftwareTrigStatus) refers to n32g033_adc.o(.text.ADC_GetSoftwareTrigStatus) for [Anonymous Symbol]
    n32g033_adc.o(.ARM.exidx.text.ADC_GetExtiLineTrigStatus) refers to n32g033_adc.o(.text.ADC_GetExtiLineTrigStatus) for [Anonymous Symbol]
    n32g033_adc.o(.ARM.exidx.text.ADC_GetDat) refers to n32g033_adc.o(.text.ADC_GetDat) for [Anonymous Symbol]
    n32g033_adc.o(.ARM.exidx.text.ADC_GetGroupConvDat) refers to n32g033_adc.o(.text.ADC_GetGroupConvDat) for [Anonymous Symbol]
    n32g033_adc.o(.ARM.exidx.text.ADC_ConfigAnalogWatchdogModeChannel) refers to n32g033_adc.o(.text.ADC_ConfigAnalogWatchdogModeChannel) for [Anonymous Symbol]
    n32g033_adc.o(.ARM.exidx.text.ADC_ConfigAnalogWatchdogThresholds) refers to n32g033_adc.o(.text.ADC_ConfigAnalogWatchdogThresholds) for [Anonymous Symbol]
    n32g033_adc.o(.ARM.exidx.text.ADC_GetFlagStatus) refers to n32g033_adc.o(.text.ADC_GetFlagStatus) for [Anonymous Symbol]
    n32g033_adc.o(.ARM.exidx.text.ADC_ClearFlag) refers to n32g033_adc.o(.text.ADC_ClearFlag) for [Anonymous Symbol]
    n32g033_adc.o(.ARM.exidx.text.ADC_GetIntStatus) refers to n32g033_adc.o(.text.ADC_GetIntStatus) for [Anonymous Symbol]
    n32g033_adc.o(.ARM.exidx.text.ADC_ClearIntPendingBit) refers to n32g033_adc.o(.text.ADC_ClearIntPendingBit) for [Anonymous Symbol]
    n32g033_adc.o(.ARM.exidx.text.ADC_ConfigRegularChannel) refers to n32g033_adc.o(.text.ADC_ConfigRegularChannel) for [Anonymous Symbol]
    n32g033_adc.o(.ARM.exidx.text.ADC_EnableInternalInputBuffer) refers to n32g033_adc.o(.text.ADC_EnableInternalInputBuffer) for [Anonymous Symbol]
[...]
    __arm_cp.0_7                             0x0800715c   Number         4  app_flash.o(.text.read_data)
    __arm_cp.0_8                             0x08007160   Number         4  app_flash.o(.text.read_data)
    __arm_cp.0_9                             0x08007164   Number         4  app_flash.o(.text.read_data)
    __arm_cp.0_12                            0x08007168   Number         4  app_flash.o(.text.read_data)
    __arm_cp.0_13                            0x0800716c   Number         4  app_flash.o(.text.read_data)
    __arm_cp.0_14                            0x08007170   Number         4  app_flash.o(.text.read_data)
    __arm_cp.0_15                            0x08007174   Number         4  app_flash.o(.text.read_data)
    __arm_cp.0_16                            0x08007178   Number         4  app_flash.o(.text.read_data)
    __arm_cp.0_18                            0x0800717c   Number         4  app_flash.o(.text.read_data)
    __arm_cp.0_19                            0x08007180   Number         4  app_flash.o(.text.read_data)
    [Anonymous Symbol]                       0x08007184   Section        0  app_flash.o(.text.save_current_position)
    __arm_cp.2_0                             0x080071ac   Number         4  app_flash.o(.text.save_current_position)
    __arm_cp.2_1                             0x080071b0   Number         4  app_flash.o(.text.save_current_position)
    __arm_cp.2_2                             0x080071b4   Number         4  app_flash.o(.text.save_current_position)
    [Anonymous Symbol]                       0x080071b8   Section        0  app_flash.o(.text.save_data)
    __arm_cp.1_0                             0x080071e0   Number         4  app_flash.o(.text.save_data)
    __arm_cp.1_1                             0x080071e4   Number         4  app_flash.o(.text.save_data)
    __arm_cp.1_2                             0x080071e8   Number         4  app_flash.o(.text.save_data)
    [Anonymous Symbol]                       0x080071ec   Section        0  app_uart2.o(.text.uart2_data_unpack)
    [Anonymous Symbol]                       0x08007238   Section        0  dri_uart2.o(.text.uart2_init)
    __arm_cp.4_0                             0x080072a4   Number         4  dri_uart2.o(.text.uart2_init)
    __arm_cp.4_3                             0x080072a8   Number         4  dri_uart2.o(.text.uart2_init)
    [Anonymous Symbol]                       0x080072ac   Section        0  app_uart2.o(.text.uart2_protocol_init)
    __arm_cp.0_1                             0x080072c0   Number         4  app_uart2.o(.text.uart2_protocol_init)
    [Anonymous Symbol]                       0x080072c4   Section        0  dri_uart2.o(.text.uart2_ringbuf_get)
    [Anonymous Symbol]                       0x080072f0   Section        0  dri_uart2.o(.text.uart2_ringbuf_init)
    [Anonymous Symbol]                       0x08007304   Section        0  dri_uart2.o(.text.uart2_ringbuf_put)
    __arm_cp.1_0                             0x0800732c   Number         4  dri_uart2.o(.text.uart2_ringbuf_put)
    [Anonymous Symbol]                       0x08007330   Section        0  dri_uart2.o(.text.uart2_send_bytes)
    [Anonymous Symbol]                       0x08007360   Section        0  dri_uart2.o(.text.uart2_send_string)
    __arm_cp.6_0                             0x0800738c   Number         4  dri_uart2.o(.text.uart2_send_string)
    [Anonymous Symbol]                       0x08007390   Section        0  app_uart2.o(.text.uart2_service)
    __arm_cp.1_0                             0x080073d8   Number         4  app_uart2.o(.text.uart2_service)
    __arm_cp.1_1                             0x080073dc   Number         4  app_uart2.o(.text.uart2_service)
    __arm_cp.1_2                             0x080073e0   Number         4  app_uart2.o(.text.uart2_service)
    __arm_cp.1_3                             0x080073e4   Number         4  app_uart2.o(.text.uart2_service)
    [Anonymous Symbol]                       0x080073e8   Section        0  app_flash.o(.text.variable_init)
    __arm_cp.6_0                             0x08007450   Number         4  app_flash.o(.text.variable_init)
    __arm_cp.6_1                             0x08007454   Number         4  app_flash.o(.text.variable_init)
    __arm_cp.6_2                             0x08007458   Number         4  app_flash.o(.text.variable_init)
    __arm_cp.6_3                             0x0800745c   Number         4  app_flash.o(.text.variable_init)
    __arm_cp.6_4                             0x08007460   Number         4  app_flash.o(.text.variable_init)
    __arm_cp.6_5                             0x08007464   Number         4  app_flash.o(.text.variable_init)
    __arm_cp.6_6                             0x08007468   Number         4  app_flash.o(.text.variable_init)
    __arm_cp.6_7                             0x0800746c   Number         4  app_flash.o(.text.variable_init)
    __arm_cp.6_8                             0x08007470   Number         4  app_flash.o(.text.variable_init)
    __arm_cp.6_9                             0x08007474   Number         4  app_flash.o(.text.variable_init)
    __arm_cp.6_10                            0x08007478   Number         4  app_flash.o(.text.variable_init)
    __arm_cp.6_11                            0x0800747c   Number         4  app_flash.o(.text.variable_init)
    __arm_cp.6_12                            0x08007480   Number         4  app_flash.o(.text.variable_init)
    __arm_cp.6_13                            0x08007484   Number         4  app_flash.o(.text.variable_init)
    i.__0snprintf$8                          0x08007488   Section        0  printf8.o(i.__0snprintf$8)
    i.__ARM_clz                              0x080074c0   Section        0  depilogue.o(i.__ARM_clz)
    i.__scatterload_copy                     0x080074ee   Section       14  handlers.o(i.__scatterload_copy)
    i.__scatterload_null                     0x080074fc   Section        2  handlers.o(i.__scatterload_null)
    i.__scatterload_zeroinit                 0x080074fe   Section       14  handlers.o(i.__scatterload_zeroinit)
    _printf_core                             0x0800750d   Thumb Code  1020  printf8.o(i._printf_core)
    i._printf_core                           0x0800750c   Section        0  printf8.o(i._printf_core)
    _printf_post_padding                     0x08007935   Thumb Code    32  printf8.o(i._printf_post_padding)
    i._printf_post_padding                   0x08007934   Section        0  printf8.o(i._printf_post_padding)
    _printf_pre_padding                      0x08007955   Thumb Code    44  printf8.o(i._printf_pre_padding)
    i._printf_pre_padding                    0x08007954   Section        0  printf8.o(i._printf_pre_padding)
    _snputc                                  0x08007981   Thumb Code    22  printf8.o(i._snputc)
    i._snputc                                0x08007980   Section        0  printf8.o(i._snputc)
    [Anonymous Symbol]                       0x08007a1e   Section        0  n32g033_rcc.o(.rodata.cst16)
    sinPwmTable                              0x08007a2e   Data         202  app_motor.o(.rodata.sinPwmTable)
    [Anonymous Symbol]                       0x08007a2e   Section        0  app_motor.o(.rodata.sinPwmTable)
    [Anonymous Symbol]                       0x08007af8   Section        0  app_uart.o(.rodata.str1.1)
    [Anonymous Symbol]                       0x08007e65   Section        0  app_uart2.o(.rodata.str1.1)
    [Anonymous Symbol]                       0x08007e74   Section        0  app_uart.o(.rodata.str1.4)
    HAL_EXIT_IRQHandler_BACK.down_pluse_flag 0x20000218   Data           1  it_exit.o(.bss.HAL_EXIT_IRQHandler_BACK.down_pluse_flag)
    [Anonymous Symbol]                       0x20000218   Section        0  it_exit.o(.bss.HAL_EXIT_IRQHandler_BACK.down_pluse_flag)
    HAL_EXIT_IRQHandler_BACK.temp_level      0x20000219   Data           1  it_exit.o(.bss.HAL_EXIT_IRQHandler_BACK.temp_level)
    [Anonymous Symbol]                       0x20000219   Section        0  it_exit.o(.bss.HAL_EXIT_IRQHandler_BACK.temp_level)
    Motor_speed.pwmModeActive                0x20000248   Data           1  app_motor.o(.bss.Motor_speed.pwmModeActive)
    [Anonymous Symbol]                       0x20000248   Section        0  app_motor.o(.bss.Motor_speed.pwmModeActive)
    Motor_speed.stepCounter                  0x2000024a   Data           2  app_motor.o(.bss.Motor_speed.stepCounter)
    [Anonymous Symbol]                       0x2000024a   Section        0  app_motor.o(.bss.Motor_speed.stepCounter)
    Record_PulseWidth.real_tau0_ch7_width    0x20000288   Data           2  app_433.o(.bss.Record_PulseWidth.real_tau0_ch7_width)
    [Anonymous Symbol]                       0x20000288   Section        0  app_433.o(.bss.Record_PulseWidth.real_tau0_ch7_width)
    alarm_signal_test_and_beep._10ms_step    0x2000035c   Data           1  app_limt.o(.bss.alarm_signal_test_and_beep._10ms_step)
    [Anonymous Symbol]                       0x2000035c   Section        0  app_limt.o(.bss.alarm_signal_test_and_beep._10ms_step)
    alarm_signal_test_and_beep.sum           0x2000035e   Data           2  app_limt.o(.bss.alarm_signal_test_and_beep.sum)
    [Anonymous Symbol]                       0x2000035e   Section        0  app_limt.o(.bss.alarm_signal_test_and_beep.sum)
    capture_433key_judge_answer.Capture_433KEY_LONG_TICKS 0x20000374   Data           2  app_433.o(.bss.capture_433key_judge_answer.Capture_433KEY_LONG_TICKS)
    [Anonymous Symbol]                       0x20000374   Section        0  app_433.o(.bss.capture_433key_judge_answer.Capture_433KEY_LONG_TICKS)
    last_motor_state                         0x20000389   Data           1  app_motor.o(.bss.last_motor_state)
    [Anonymous Symbol]                       0x20000389   Section        0  app_motor.o(.bss.last_motor_state)
    STACK                                    0x20000848   Section     1024  startup_n32g033.o(STACK)

    Global Symbols

    Symbol Name                              Value     Ov Type        Size  Object(Section)

    BuildAttributes$$THM_ISAv3M$S$PE$A:L22$X:L11$S22$IEEE1$IW$~IW$USESV6$~STKCKD$USESV7$~SHL$OTIME$ROPI$EBA8$MICROLIB$REQ8$PRES8$EABIv2 0x00000000   Number         0  anon$$obj.o ABSOLUTE
    _printf_a                                0x00000000   Number         0  printfstubs.o ABSOLUTE
    _printf_c                                0x00000000   Number         0  printfstubs.o ABSOLUTE
    _printf_charcount                        0x00000000   Number         0  printfstubs.o ABSOLUTE
    _printf_d                                0x00000000   Number         0  printfstubs.o ABSOLUTE
    _printf_e                                0x00000000   Number         0  printfstubs.o ABSOLUTE
    _printf_f                                0x00000000   Number         0  printfstubs.o ABSOLUTE
    _printf_flags                            0x00000000   Number         0  printfstubs.o ABSOLUTE
    _printf_fp_dec                           0x00000000   Number         0  printfstubs.o ABSOLUTE
    _printf_fp_hex                           0x00000000   Number         0  printfstubs.o ABSOLUTE
    _printf_g                                0x00000000   Number         0  printfstubs.o ABSOLUTE
    _printf_i                                0x00000000   Number         0  printfstubs.o ABSOLUTE
    _printf_int_dec                          0x00000000   Number         0  printfstubs.o ABSOLUTE
    _printf_l                                0x00000000   Number         0  printfstubs.o ABSOLUTE
    _printf_lc                               0x00000000   Number         0  printfstubs.o ABSOLUTE
    _printf_ll                               0x00000000   Number         0  printfstubs.o ABSOLUTE
    _printf_lld                              0x00000000   Number         0  printfstubs.o ABSOLUTE
    _printf_lli                              0x00000000   Number         0  printfstubs.o ABSOLUTE
    _printf_llo                              0x00000000   Number         0  printfstubs.o ABSOLUTE
    _printf_llu                              0x00000000   Number         0  printfstubs.o ABSOLUTE
    _printf_llx                              0x00000000   Number         0  printfstubs.o ABSOLUTE
    _printf_longlong_dec                     0x00000000   Number         0  printfstubs.o ABSOLUTE
    _printf_longlong_hex                     0x00000000   Number         0  printfstubs.o ABSOLUTE
    _printf_longlong_oct                     0x00000000   Number         0  printfstubs.o ABSOLUTE
    _printf_ls                               0x00000000   Number         0  printfstubs.o ABSOLUTE
    _printf_mbtowc                           0x00000000   Number         0  printfstubs.o ABSOLUTE
    _printf_n                                0x00000000   Number         0  printfstubs.o ABSOLUTE
    _printf_o                                0x00000000   Number         0  printfstubs.o ABSOLUTE
    _printf_p                                0x00000000   Number         0  printfstubs.o ABSOLUTE
    _printf_percent                          0x00000000   Number         0  printfstubs.o ABSOLUTE
    _printf_pre_padding                      0x00000000   Number         0  printfstubs.o ABSOLUTE
    _printf_return_value                     0x00000000   Number         0  printfstubs.o ABSOLUTE
    _printf_s                                0x00000000   Number         0  printfstubs.o ABSOLUTE
    _printf_sizespec                         0x00000000   Number         0  printfstubs.o ABSOLUTE
    _printf_str                              0x00000000   Number         0  printfstubs.o ABSOLUTE
    _printf_truncate_signed                  0x00000000   Number         0  printfstubs.o ABSOLUTE
    _printf_truncate_unsigned                0x00000000   Number         0  printfstubs.o ABSOLUTE
    _printf_u                                0x00000000   Number         0  printfstubs.o ABSOLUTE
    _printf_wc                               0x00000000   Number         0  printfstubs.o ABSOLUTE
    _printf_wctomb                           0x00000000   Number         0  printfstubs.o ABSOLUTE
    _printf_widthprec                        0x00000000   Number         0  printfstubs.o ABSOLUTE
    _printf_x                                0x00000000   Number         0  printfstubs.o ABSOLUTE
    __cpp_initialize__aeabi_                  - Undefined Weak Reference
    __cxa_finalize                            - Undefined Weak Reference
    __decompress                              - Undefined Weak Reference
    _clock_init                               - Undefined Weak Reference
    _microlib_exit                            - Undefined Weak Reference
    __Vectors_Size                           0x00000094   Number         0  startup_n32g033.o ABSOLUTE
    __Vectors                                0x08000000   Data           4  startup_n32g033.o(RESET)
    __Vectors_End                            0x08000094   Data           0  startup_n32g033.o(RESET)
    __main                                   0x08000095   Thumb Code     0  entry.o(.ARM.Collect$$$$00000000)
    _main_stk                                0x08000095   Thumb Code     0  entry2.o(.ARM.Collect$$$$00000001)
    _main_scatterload                        0x08000099   Thumb Code     0  entry5.o(.ARM.Collect$$$$00000004)
    __main_after_scatterload                 0x0800009d   Thumb Code     0  entry5.o(.ARM.Collect$$$$00000004)
    _main_clock                              0x0800009d   Thumb Code     0  entry7b.o(.ARM.Collect$$$$00000008)
    _main_cpp_init                           0x0800009d   Thumb Code     0  entry8b.o(.ARM.Collect$$$$0000000A)
    _main_init                               0x0800009d   Thumb Code     0  entry9a.o(.ARM.Collect$$$$0000000B)
    __rt_final_cpp                           0x080000a5   Thumb Code     0  entry10a.o(.ARM.Collect$$$$0000000D)
    __rt_final_exit                          0x080000a5   Thumb Code     0  entry11a.o(.ARM.Collect$$$$0000000F)
    Reset_Handler                            0x080000a9   Thumb Code     8  startup_n32g033.o(.text)
    PendSV_Handler                           0x080000b7   Thumb Code     2  startup_n32g033.o(.text)
    COMP_IRQHandler                          0x080000bb   Thumb Code     0  startup_n32g033.o(.text)
    DMA_IRQHandler                           0x080000bb   Thumb Code     0  startup_n32g033.o(.text)
    FLASH_IRQHandler                         0x080000bb   Thumb Code     0  startup_n32g033.o(.text)
    I2C1_ER_IRQHandler                       0x080000bb   Thumb Code     0  startup_n32g033.o(.text)
    I2C1_EV_IRQHandler                       0x080000bb   Thumb Code     0  startup_n32g033.o(.text)
    I2C2_ER_IRQHandler                       0x080000bb   Thumb Code     0  startup_n32g033.o(.text)
    I2C2_EV_IRQHandler                       0x080000bb   Thumb Code     0  startup_n32g033.o(.text)
    IWDG_IRQHandler                          0x080000bb   Thumb Code     0  startup_n32g033.o(.text)
    SPI1_IRQHandler                          0x080000bb   Thumb Code     0  startup_n32g033.o(.text)
    SPI2_IRQHandler                          0x080000bb   Thumb Code     0  startup_n32g033.o(.text)
    TIM1_BRK_UP_TRG_COM_IRQHandler           0x080000bb   Thumb Code     0  startup_n32g033.o(.text)
    TIM3_IRQHandler                          0x080000bb   Thumb Code     0  startup_n32g033.o(.text)
    TIM4_IRQHandler                          0x080000bb   Thumb Code     0  startup_n32g033.o(.text)
    UART3_IRQHandler                         0x080000bb   Thumb Code     0  startup_n32g033.o(.text)
    ___aeabi_memcpy4$move                    0x080000c5   Thumb Code     0  memmovea.o(.text)
    ___aeabi_memcpy8$move                    0x080000c5   Thumb Code     0  memmovea.o(.text)
    __aeabi_memcpy                           0x080000c5   Thumb Code    64  memmovea.o(.text)
    __aeabi_memmove                          0x080000c5   Thumb Code     0  memmovea.o(.text)
    __aeabi_memmove4                         0x080000c5   Thumb Code     0  memmovea.o(.text)
    __aeabi_memmove8                         0x080000c5   Thumb Code     0  memmovea.o(.text)
    __aeabi_memset                           0x08000105   Thumb Code    14  memseta.o(.text)
    __aeabi_memset4                          0x08000105   Thumb Code     0  memseta.o(.text)
    __aeabi_memset8                          0x08000105   Thumb Code     0  memseta.o(.text)
    __aeabi_memclr                           0x08000113   Thumb Code     4  memseta.o(.text)
    __aeabi_memclr4                          0x08000113   Thumb Code     0  memseta.o(.text)
    __aeabi_memclr8                          0x08000113   Thumb Code     0  memseta.o(.text)
    _memset$wrapper                          0x08000117   Thumb Code    18  memseta.o(.text)
    strlen                                   0x08000129   Thumb Code    14  strlen.o(.text)
    memcmp                                   0x08000137   Thumb Code    26  memcmp.o(.text)
    __aeabi_fadd                             0x08000151   Thumb Code   162  fadd.o(.text)
    __aeabi_fsub                             0x080001f3   Thumb Code     8  fadd.o(.text)
    __aeabi_frsub                            0x080001fb   Thumb Code     8  fadd.o(.text)
    __aeabi_fmul                             0x08000203   Thumb Code   122  fmul.o(.text)
    __aeabi_fdiv                             0x0800027d   Thumb Code   124  fdiv.o(.text)
    __aeabi_dadd                             0x080002f9   Thumb Code   328  dadd.o(.text)
    __aeabi_dsub                             0x08000441   Thumb Code    12  dadd.o(.text)
    __aeabi_drsub                            0x0800044d   Thumb Code    12  dadd.o(.text)
    __aeabi_dmul                             0x0800045d   Thumb Code   202  dmul.o(.text)
    __aeabi_ddiv                             0x0800052d   Thumb Code   234  ddiv.o(.text)
    __aeabi_ui2f                             0x0800061d   Thumb Code    14  ffltui.o(.text)
    __aeabi_i2d                              0x0800062d   Thumb Code    34  dflti.o(.text)
    __aeabi_f2iz                             0x08000655   Thumb Code    50  ffixi.o(.text)
    __aeabi_d2iz                             0x08000689   Thumb Code    62  dfixi.o(.text)
    __aeabi_f2d                              0x080006d1   Thumb Code    40  f2d.o(.text)
    __aeabi_uidiv                            0x080006f9   Thumb Code     0  uidiv_div0.o(.text)
    __aeabi_uidivmod                         0x080006f9   Thumb Code    62  uidiv_div0.o(.text)
    __aeabi_idiv                             0x08000739   Thumb Code     0  idiv_div0.o(.text)
    __aeabi_idivmod$div0                     0x08000739   Thumb Code    74  idiv_div0.o(.text)
    __aeabi_uldivmod                         0x08000789   Thumb Code    96  uldiv.o(.text)
    __aeabi_llsl                             0x080007e9   Thumb Code    32  llshl.o(.text)
    _ll_shift_l                              0x080007e9   Thumb Code     0  llshl.o(.text)
    __aeabi_llsr                             0x08000809   Thumb Code    34  llushr.o(.text)
    _ll_ushift_r                             0x08000809   Thumb Code     0  llushr.o(.text)
    __aeabi_lasr                             0x0800082b   Thumb Code    38  llsshr.o(.text)
    _ll_sshift_r                             0x0800082b   Thumb Code     0  llsshr.o(.text)
    __I$use$fp                               0x08000851   Thumb Code     0  iusefp.o(.text)
    _float_round                             0x08000851   Thumb Code    16  fepilogue.o(.text)
    _float_epilogue                          0x08000861   Thumb Code   114  fepilogue.o(.text)
    _double_round                            0x080008d3   Thumb Code    26  depilogue.o(.text)
    _double_epilogue                         0x080008ed   Thumb Code   164  depilogue.o(.text)
    __scatterload                            0x08000991   Thumb Code    38  init.o(.text)
    __scatterload_rt2                        0x08000991   Thumb Code     0  init.o(.text)
    ADC_ClearFlag                            0x080009c1   Thumb Code    12  n32g033_adc.o(.text.ADC_ClearFlag)
    ADC_ClearIntPendingBit                   0x080009d1   Thumb Code     8  n32g033_adc.o(.text.ADC_ClearIntPendingBit)
    ADC_ClockModeConfig                      0x080009d9   Thumb Code     8  n32g033_adc.o(.text.ADC_ClockModeConfig)
    ADC_ConfigInt                            0x080009e1   Thumb Code    20  n32g033_adc.o(.text.ADC_ConfigInt)
    ADC_ConfigRegularChannel                 0x080009f9   Thumb Code   132  n32g033_adc.o(.text.ADC_ConfigRegularChannel)
    ADC_Enable                               0x08000a81   Thumb Code    20  n32g033_adc.o(.text.ADC_Enable)
    ADC_EnableChannelStartConv               0x08000a95   Thumb Code    16  n32g033_adc.o(.text.ADC_EnableChannelStartConv)
    ADC_EnableSoftwareTrig                   0x08000aad   Thumb Code    24  n32g033_adc.o(.text.ADC_EnableSoftwareTrig)
    ADC_GetFlagStatus                        0x08000ac9   Thumb Code    12  n32g033_adc.o(.text.ADC_GetFlagStatus)
    ADC_GetGroupConvDat                      0x08000ad5   Thumb Code     8  n32g033_adc.o(.text.ADC_GetGroupConvDat)
    ADC_GetIntStatus                         0x08000ae1   Thumb Code    12  n32g033_adc.o(.text.ADC_GetIntStatus)
    ADC_IRQHandler                           0x08000af1   Thumb Code     8  n32g033_it.o(.text.ADC_IRQHandler)
    ADC_Init                                 0x08000af9   Thumb Code   172  n32g033_adc.o(.text.ADC_Init)
    ADC_Initial                              0x08000bb5   Thumb Code   148  dri_adc.o(.text.ADC_Initial)
    ADC_StartConversion                      0x08000c4d   Thumb Code    32  dri_adc.o(.text.ADC_StartConversion)
    Action_deal                              0x08000c75   Thumb Code   396  app_uart.o(.text.Action_deal)
    BootLoardDeal                            0x08000e51   Thumb Code   148  app_uart.o(.text.BootLoardDeal)
    CmdBzhx                                  0x08000f0d   Thumb Code   180  app_buzz.o(.text.CmdBzhx)
    Cmd_Light                                0x08000fe1   Thumb Code   156  app_led.o(.text.Cmd_Light)
    Cmd_Motor_Down                           0x08001091   Thumb Code   184  app_motor.o(.text.Cmd_Motor_Down)
    Cmd_Motor_Stop                           0x0800114d   Thumb Code    84  app_motor.o(.text.Cmd_Motor_Stop)
    Cmd_Motor_Up                             0x080011a9   Thumb Code   180  app_motor.o(.text.Cmd_Motor_Up)
    EXTI0_6_IRQHandler                       0x08001281   Thumb Code     8  n32g033_it.o(.text.EXTI0_6_IRQHandler)
    EXTI_ClrITPendBit                        0x08001289   Thumb Code     8  n32g033_exti.o(.text.EXTI_ClrITPendBit)
    EXTI_ClrStatusFlag                       0x08001291   Thumb Code     8  n32g033_exti.o(.text.EXTI_ClrStatusFlag)
    EXTI_GetITStatus                         0x08001299   Thumb Code    24  n32g033_exti.o(.text.EXTI_GetITStatus)
    EXTI_GetStatusFlag                       0x080012b5   Thumb Code    12  n32g033_exti.o(.text.EXTI_GetStatusFlag)
    EXTI_InitPeripheral                      0x080012c5   Thumb Code    92  n32g033_exti.o(.text.EXTI_InitPeripheral)
    FLASH_EraseOnePage                       0x08001325   Thumb Code    92  n32g033_flash.o(.text.FLASH_EraseOnePage)
    FLASH_Lock                               0x08001389   Thumb Code    12  n32g033_flash.o(.text.FLASH_Lock)
    FLASH_ProgramWord                        0x08001395   Thumb Code    68  n32g033_flash.o(.text.FLASH_ProgramWord)
    FLASH_Unlock                             0x080013dd   Thumb Code    12  n32g033_flash.o(.text.FLASH_Unlock)
    FLASH_WaitForLastOpt                     0x080013f5   Thumb Code    84  n32g033_flash.o(.text.FLASH_WaitForLastOpt)
    Flash_WriteStruct                        0x0800144d   Thumb Code   156  dri_flash.o(.text.Flash_WriteStruct)
    GPIO_ConfigEXTILine                      0x080014f5   Thumb Code   140  n32g033_gpio.o(.text.GPIO_ConfigEXTILine)
    GPIO_Configuration                       0x08001585   Thumb Code   244  dri_gpio.o(.text.GPIO_Configuration)
    GPIO_InitPeripheral                      0x08001685   Thumb Code   200  n32g033_gpio.o(.text.GPIO_InitPeripheral)
    GPIO_InitStruct                          0x08001751   Thumb Code    16  n32g033_gpio.o(.text.GPIO_InitStruct)
    GPIO_ReadInputDataBit                    0x08001765   Thumb Code    10  n32g033_gpio.o(.text.GPIO_ReadInputDataBit)
    GPIO_ResetBits                           0x0800176f   Thumb Code     4  n32g033_gpio.o(.text.GPIO_ResetBits)
    GPIO_SetBits                             0x08001773   Thumb Code     4  n32g033_gpio.o(.text.GPIO_SetBits)
    HAL_ADC_IRQHandler_BACK                  0x08001779   Thumb Code   140  it_adc.o(.text.HAL_ADC_IRQHandler_BACK)
    HAL_EXIT_IRQHandler_BACK                 0x08001815   Thumb Code   224  it_exit.o(.text.HAL_EXIT_IRQHandler_BACK)
    HAL_TIM1_CC_IRQHandler_BACK              0x08001919   Thumb Code   100  it_433.o(.text.HAL_TIM1_CC_IRQHandler_BACK)
    HAL_TIM_CNT_IRQHandler_BACK              0x08001999   Thumb Code   612  it_timer.o(.text.HAL_TIM_CNT_IRQHandler_BACK)
    HOLLInputExtiInit                        0x08001c41   Thumb Code    80  dri_gpio.o(.text.HOLLInputExtiInit)
    HardFault_Handler                        0x08001c91   Thumb Code     2  n32g033_it.o(.text.HardFault_Handler)
    IWDG_ReloadKey                           0x08001c95   Thumb Code     8  n32g033_iwdg.o(.text.IWDG_ReloadKey)
    Judge_Nightlight_Mode                    0x08001ca5   Thumb Code   160  app_uart.o(.text.Judge_Nightlight_Mode)
    Keelop_KEY                               0x08001d61   Thumb Code    44  keelop_crc.o(.text.Keelop_KEY)
    KeyInputExtiInit                         0x08001d95   Thumb Code    80  dri_gpio.o(.text.KeyInputExtiInit)
    Model_Net_Change                         0x08001de9   Thumb Code   332  app_uart.o(.text.Model_Net_Change)
    ModuleResetReq                           0x08001f65   Thumb Code   364  app_uart.o(.text.ModuleResetReq)
    Motor_speed                              0x08002109   Thumb Code   432  app_motor.o(.text.Motor_speed)
    NMI_Handler                              0x080022e1   Thumb Code     2  n32g033_it.o(.text.NMI_Handler)
    NVIC_Configuration                       0x080022e5   Thumb Code   104  main.o(.text.NVIC_Configuration)
    NVIC_Init                                0x08002351   Thumb Code   104  misc.o(.text.NVIC_Init)
    PVD_IRQHandler                           0x080023c9   Thumb Code   116  n32g033_it.o(.text.PVD_IRQHandler)
    PVD_Init                                 0x08002461   Thumb Code    64  dri_pvd.o(.text.PVD_Init)
    PWR_PVDLevelConfig                       0x080024a5   Thumb Code    16  n32g033_pwr.o(.text.PWR_PVDLevelConfig)
    PWR_PvdEnable                            0x080024b5   Thumb Code    24  n32g033_pwr.o(.text.PWR_PvdEnable)
    PowerOn_ModelSet                         0x080024d1   Thumb Code    80  app_uart.o(.text.PowerOn_ModelSet)
    Queue_Read_Byte                          0x0800253d   Thumb Code    40  dri_uart.o(.text.Queue_Read_Byte)
    RCC_ConfigAdcHclk                        0x08002571   Thumb Code    16  n32g033_rcc.o(.text.RCC_ConfigAdcHclk)
    RCC_Configuration                        0x08002585   Thumb Code    54  main.o(.text.RCC_Configuration)
    RCC_EnableAHBPeriphClk                   0x080025bd   Thumb Code    20  n32g033_rcc.o(.text.RCC_EnableAHBPeriphClk)
    RCC_EnableAPBPeriphClk                   0x080025d5   Thumb Code    20  n32g033_rcc.o(.text.RCC_EnableAPBPeriphClk)
    RCC_GetClocksFreqValue                   0x080025ed   Thumb Code    80  n32g033_rcc.o(.text.RCC_GetClocksFreqValue)
    RF_DEC                                   0x0800265d   Thumb Code   196  keelop_crc.o(.text.RF_DEC)
    Read_FLASH_MUIData                       0x08002729   Thumb Code    44  dri_flash.o(.text.Read_FLASH_MUIData)
    Record_PulseWidth                        0x0800275d   Thumb Code   368  app_433.o(.text.Record_PulseWidth)
    Return_Properties                        0x080028e5   Thumb Code  2704  app_uart.o(.text.Return_Properties)
    Run_to_position                          0x080033d9   Thumb Code   432  app_uart.o(.text.Run_to_position)
    SVC_Handler                              0x080035b1   Thumb Code     2  n32g033_it.o(.text.SVC_Handler)
    Set_Properties                           0x080035b5   Thumb Code  2452  app_uart.o(.text.Set_Properties)
    SetupBzhx                                0x08003f99   Thumb Code   128  app_buzz.o(.text.SetupBzhx)
    SysTick_Handler                          0x08004051   Thumb Code     2  n32g033_it.o(.text.SysTick_Handler)
    SystemInit                               0x08004055   Thumb Code   124  system_n32g033.o(.text.SystemInit)
    TIM1_CC_IRQHandler                       0x080040e1   Thumb Code     8  n32g033_it.o(.text.TIM1_CC_IRQHandler)
    TIM1_Input_433                           0x080040e9   Thumb Code   116  dri_timer.o(.text.TIM1_Input_433)
    TIM3_PWM_LED                             0x08004169   Thumb Code   168  dri_timer.o(.text.TIM3_PWM_LED)
    TIM3_PWM_MOTOR                           0x08004215   Thumb Code   112  dri_timer.o(.text.TIM3_PWM_MOTOR)
    TIM4_PWM_BUZZ                            0x08004289   Thumb Code   120  dri_timer.o(.text.TIM4_PWM_BUZZ)
    TIM6_IRQHandler                          0x08004311   Thumb Code    60  n32g033_it.o(.text.TIM6_IRQHandler)
    TIM_ClrIntPendingBit                     0x0800434d   Thumb Code   156  n32g033_tim.o(.text.TIM_ClrIntPendingBit)
    TIM_ConfigArPreload                      0x080043fd   Thumb Code    20  n32g033_tim.o(.text.TIM_ConfigArPreload)
    TIM_ConfigInt                            0x08004411   Thumb Code    18  n32g033_tim.o(.text.TIM_ConfigInt)
    TIM_ConfigOc1Preload                     0x08004423   Thumb Code    12  n32g033_tim.o(.text.TIM_ConfigOc1Preload)
    TIM_ConfigOc2Preload                     0x0800442f   Thumb Code    16  n32g033_tim.o(.text.TIM_ConfigOc2Preload)
    TIM_ConfigOc3Preload                     0x0800443f   Thumb Code    12  n32g033_tim.o(.text.TIM_ConfigOc3Preload)
    TIM_ConfigOc4Preload                     0x0800444b   Thumb Code    16  n32g033_tim.o(.text.TIM_ConfigOc4Preload)
    TIM_ConfigPrescaler                      0x0800445b   Thumb Code     6  n32g033_tim.o(.text.TIM_ConfigPrescaler)
    TIM_ConfigPwmIc                          0x08004461   Thumb Code   252  n32g033_tim.o(.text.TIM_ConfigPwmIc)
    TIM_Configuration                        0x08004565   Thumb Code    76  dri_timer.o(.text.TIM_Configuration)
    TIM_Enable                               0x080045bd   Thumb Code    16  n32g033_tim.o(.text.TIM_Enable)
    TIM_EnableCtrlPwmOutputs                 0x080045cd   Thumb Code    20  n32g033_tim.o(.text.TIM_EnableCtrlPwmOutputs)
    TIM_GetCap1                              0x080045e1   Thumb Code    24  n32g033_tim.o(.text.TIM_GetCap1)
    TIM_GetCap2                              0x080045f9   Thumb Code    24  n32g033_tim.o(.text.TIM_GetCap2)
    TIM_GetIntStatus                         0x08004615   Thumb Code   112  n32g033_tim.o(.text.TIM_GetIntStatus)
    TIM_InitIcStruct                         0x0800468d   Thumb Code    16  n32g033_tim.o(.text.TIM_InitIcStruct)
    TIM_InitOc1                              0x0800469d   Thumb Code   100  n32g033_tim.o(.text.TIM_InitOc1)
    TIM_InitOc2                              0x08004701   Thumb Code   104  n32g033_tim.o(.text.TIM_InitOc2)
    TIM_InitOc3                              0x08004769   Thumb Code   124  n32g033_tim.o(.text.TIM_InitOc3)
    TIM_InitOc4                              0x080047e5   Thumb Code   128  n32g033_tim.o(.text.TIM_InitOc4)
    TIM_InitOcStruct                         0x08004865   Thumb Code    10  n32g033_tim.o(.text.TIM_InitOcStruct)
    TIM_InitTimBaseStruct                    0x0800486f   Thumb Code    20  n32g033_tim.o(.text.TIM_InitTimBaseStruct)
    TIM_InitTimeBase                         0x08004885   Thumb Code   104  n32g033_tim.o(.text.TIM_InitTimeBase)
    TIM_SelectInputTrig                      0x080048f1   Thumb Code    12  n32g033_tim.o(.text.TIM_SelectInputTrig)
    TIM_SelectMasterSlaveMode                0x080048fd   Thumb Code    18  n32g033_tim.o(.text.TIM_SelectMasterSlaveMode)
    TIM_SelectSlaveMode                      0x0800490f   Thumb Code    16  n32g033_tim.o(.text.TIM_SelectSlaveMode)
    TIM_SetCmp1                              0x08004921   Thumb Code    28  n32g033_tim.o(.text.TIM_SetCmp1)
    TIM_SetCmp2                              0x0800493d   Thumb Code    28  n32g033_tim.o(.text.TIM_SetCmp2)
    TIM_SetCmp3                              0x08004959   Thumb Code    28  n32g033_tim.o(.text.TIM_SetCmp3)
    TIM_SetCmp4                              0x0800497d   Thumb Code    12  n32g033_tim.o(.text.TIM_SetCmp4)
    UART1_IRQHandler                         0x0800498d   Thumb Code   104  n32g033_it.o(.text.UART1_IRQHandler)
    UART2_IRQHandler                         0x08004a05   Thumb Code   104  n32g033_it.o(.text.UART2_IRQHandler)
    UART_ClrFlag                             0x08004a7d   Thumb Code     6  n32g033_uart.o(.text.UART_ClrFlag)
    UART_ConfigInt                           0x08004a85   Thumb Code    40  n32g033_uart.o(.text.UART_ConfigInt)
    UART_Enable                              0x08004ab1   Thumb Code    16  n32g033_uart.o(.text.UART_Enable)
    UART_GetFlagStatus                       0x08004ac1   Thumb Code    10  n32g033_uart.o(.text.UART_GetFlagStatus)
    UART_Init                                0x08004acd   Thumb Code   148  n32g033_uart.o(.text.UART_Init)
    UART_ReceiveData                         0x08004b65   Thumb Code     8  n32g033_uart.o(.text.UART_ReceiveData)
    UART_SendData                            0x08004b6d   Thumb Code     8  n32g033_uart.o(.text.UART_SendData)
    _150ms_work                              0x08004b79   Thumb Code   364  app_uart.o(.text._150ms_work)
    _220AC_Power_down_save                   0x08004d29   Thumb Code    68  app_flash.o(.text._220AC_Power_down_save)
    alarm_signal_test_and_beep               0x08004d75   Thumb Code  1412  app_limt.o(.text.alarm_signal_test_and_beep)
    analysis_capture_command                 0x08005349   Thumb Code   428  app_433.o(.text.analysis_capture_command)
    capture_433key_judge_answer              0x08005505   Thumb Code   792  app_433.o(.text.capture_433key_judge_answer)
    data_handle                              0x08005851   Thumb Code   444  app_uart.o(.text.data_handle)
    get_queue_total_data                     0x08005a5d   Thumb Code    16  dri_uart.o(.text.get_queue_total_data)
    judge_remote_control                     0x08005a75   Thumb Code   176  app_433.o(.text.judge_remote_control)
    light_work                               0x08005b31   Thumb Code   540  app_led.o(.text.light_work)
    limit_protect                            0x08005d71   Thumb Code   424  app_limt.o(.text.limit_protect)
    log_init                                 0x08005f45   Thumb Code   112  dri_uart.o(.text.log_init)
    main                                     0x08005fc5   Thumb Code   296  main.o(.text.main)
    match_data_clear                         0x08006105   Thumb Code    76  app_flash.o(.text.match_data_clear)
    match_data_del                           0x08006159   Thumb Code   272  app_flash.o(.text.match_data_del)
    mcu_common_uart_data_unpack              0x08006281   Thumb Code    68  dri_uart.o(.text.mcu_common_uart_data_unpack)
    motor_current_to_advalue                 0x080062d5   Thumb Code   112  app_adc_1.o(.text.motor_current_to_advalue)
    motor_stop                               0x08006371   Thumb Code     8  app_motor.o(.text.motor_stop)
    motor_work                               0x08006379   Thumb Code   216  app_motor.o(.text.motor_work)
    properties_up                            0x08006465   Thumb Code  2480  app_uart.o(.text.properties_up)
    r_uart0_protocol_init                    0x08006e8d   Thumb Code    12  dri_uart.o(.text.r_uart0_protocol_init)
    r_uart0_receive_input                    0x08006e99   Thumb Code    44  dri_uart.o(.text.r_uart0_receive_input)
    r_uart0_send_bytes                       0x08006ed1   Thumb Code    56  dri_uart.o(.text.r_uart0_send_bytes)
    r_uart0_service                          0x08006f11   Thumb Code    44  app_uart.o(.text.r_uart0_service)
    read_data                                0x08006f45   Thumb Code   524  app_flash.o(.text.read_data)
    save_current_position                    0x08007185   Thumb Code    40  app_flash.o(.text.save_current_position)
    save_data                                0x080071b9   Thumb Code    40  app_flash.o(.text.save_data)
    uart2_data_unpack                        0x080071ed   Thumb Code    76  app_uart2.o(.text.uart2_data_unpack)
    uart2_init                               0x08007239   Thumb Code   108  dri_uart2.o(.text.uart2_init)
    uart2_protocol_init                      0x080072ad   Thumb Code    20  app_uart2.o(.text.uart2_protocol_init)
    uart2_ringbuf_get                        0x080072c5   Thumb Code    44  dri_uart2.o(.text.uart2_ringbuf_get)
    uart2_ringbuf_init                       0x080072f1   Thumb Code    20  dri_uart2.o(.text.uart2_ringbuf_init)
    uart2_ringbuf_put                        0x08007305   Thumb Code    40  dri_uart2.o(.text.uart2_ringbuf_put)
    uart2_send_bytes                         0x08007331   Thumb Code    48  dri_uart2.o(.text.uart2_send_bytes)
    uart2_send_string                        0x08007361   Thumb Code    44  dri_uart2.o(.text.uart2_send_string)
    uart2_service                            0x08007391   Thumb Code    72  app_uart2.o(.text.uart2_service)
    variable_init                            0x080073e9   Thumb Code   104  app_flash.o(.text.variable_init)
    __0snprintf$8                            0x08007489   Thumb Code    50  printf8.o(i.__0snprintf$8)
    __1snprintf$8                            0x08007489   Thumb Code     0  printf8.o(i.__0snprintf$8)
    __2snprintf                              0x08007489   Thumb Code     0  printf8.o(i.__0snprintf$8)
    __ARM_clz                                0x080074c1   Thumb Code    46  depilogue.o(i.__ARM_clz)
    __scatterload_copy                       0x080074ef   Thumb Code    14  handlers.o(i.__scatterload_copy)
    __scatterload_null                       0x080074fd   Thumb Code     2  handlers.o(i.__scatterload_null)
    __scatterload_zeroinit                   0x080074ff   Thumb Code    14  handlers.o(i.__scatterload_zeroinit)
    Bzx1                                     0x08007998   Data          16  app_buzz.o(.rodata.Bzx1)
    Bzx2                                     0x080079a8   Data          16  app_buzz.o(.rodata.Bzx2)
    Bzx3                                     0x080079b8   Data          16  app_buzz.o(.rodata.Bzx3)
    Bzx4                                     0x080079c8   Data          16  app_buzz.o(.rodata.Bzx4)
    Bzx5                                     0x080079d8   Data          16  app_buzz.o(.rodata.Bzx5)
    Bzx6                                     0x080079e8   Data          16  app_buzz.o(.rodata.Bzx6)
    Bzx7                                     0x080079f8   Data          16  app_buzz.o(.rodata.Bzx7)
    Bzx8                                     0x08007a08   Data          16  app_buzz.o(.rodata.Bzx8)
    LIGHE_COLOR                              0x08007a18   Data           6  app_led.o(.rodata.LIGHE_COLOR)
    Region$$Table$$Base                      0x08008068   Number         0  anon$$obj.o(Region$$Table)
    Region$$Table$$Limit                     0x08008088   Number         0  anon$$obj.o(Region$$Table)
    Buz                                      0x20000000   Data           4  app_buzz.o(.data.Buz)
    Up_Motor_Properties                      0x20000004   Data          20  app_uart.o(.data.Up_Motor_Properties)
    key_fixed                                0x20000018   Data           8  keelop_crc.o(.data.key_fixed)
    ADC_read_buf                             0x20000020   Data          22  app_adc_1.o(.bss.ADC_read_buf)
    ADC_sample_max                           0x20000036   Data           2  app_adc_1.o(.bss.ADC_sample_max)
    ADC_sample_min                           0x20000038   Data           2  app_adc_1.o(.bss.ADC_sample_min)
    ADC_sample_num                           0x2000003a   Data           1  app_adc_1.o(.bss.ADC_sample_num)
    Bzx                                      0x2000003c   Data          48  app_buzz.o(.bss.Bzx)
    Capture_Command                          0x2000006c   Data         300  app_433.o(.bss.Capture_Command)
    Device_State_Data                        0x20000198   Data          40  app_motor.o(.bss.Device_State_Data)
    DutyCycle                                0x200001c0   Data           2  it_433.o(.bss.DutyCycle)
    Ell_Data                                 0x200001c2   Data           8  app_motor.o(.bss.Ell_Data)
    Err                                      0x200001ca   Data           1  app_motor.o(.bss.Err)
    FDL_Block0_Save_Times                    0x200001cb   Data           1  app_flash.o(.bss.FDL_Block0_Save_Times)
    FDL_Block1_Save_Times                    0x200001cc   Data           1  app_flash.o(.bss.FDL_Block1_Save_Times)
    Flag                                     0x200001cd   Data           6  app_433.o(.bss.Flag)
    Flash_Data                               0x200001d4   Data          48  app_433.o(.bss.Flash_Data)
    Frame_length                             0x20000204   Data           2  app_uart.o(.bss.Frame_length)
    Frequency                                0x20000208   Data           4  it_433.o(.bss.Frequency)
    Function_select                          0x2000020c   Data          12  it_adc.o(.bss.Function_select)
    Hlevel                                   0x2000021a   Data           2  it_433.o(.bss.Hlevel)
    Holl_Circle_num                          0x2000021c   Data           1  app_motor.o(.bss.Holl_Circle_num)
    Holl_pulse_temp                          0x2000021e   Data           2  app_motor.o(.bss.Holl_pulse_temp)
    Holl_test_speed_temp                     0x20000220   Data           4  app_motor.o(.bss.Holl_test_speed_temp)
    Led                                      0x20000224   Data           8  app_led.o(.bss.Led)
    Light_colour_temperature_gear            0x2000022c   Data           2  app_led.o(.bss.Light_colour_temperature_gear)
    LowLevelTime                             0x20000230   Data           4  it_433.o(.bss.LowLevelTime)
    Motor_Circle_num                         0x20000234   Data           1  app_motor.o(.bss.Motor_Circle_num)
    Motor_Current                            0x20000238   Data          12  it_adc.o(.bss.Motor_Current)
    Motor_Current_Position_pulse             0x20000244   Data           4  app_motor.o(.bss.Motor_Current_Position_pulse)
    NLF                                      0x2000024c   Data          32  keelop_crc.o(.bss.NLF)
    Net_state                                0x2000026c   Data           1  app_motor.o(.bss.Net_state)
    Overweight_Correct                       0x20000270   Data          16  it_adc.o(.bss.Overweight_Correct)
    PWM_cycle                                0x20000280   Data           2  it_433.o(.bss.PWM_cycle)
    PrescalerValue                           0x20000284   Data           4  dri_timer.o(.bss.PrescalerValue)
    STOP_CMD_Repeat                          0x2000028a   Data           1  app_433.o(.bss.STOP_CMD_Repeat)
    Soft_start_moveA                         0x2000028b   Data           1  app_motor.o(.bss.Soft_start_moveA)
    Study_Cmd_Repeat                         0x2000028c   Data           1  app_433.o(.bss.Study_Cmd_Repeat)
    Synchronous_Count_value                  0x2000028e   Data           6  app_flash.o(.bss.Synchronous_Count_value)
    TIM_ICInitStructure                      0x20000294   Data          20  dri_timer.o(.bss.TIM_ICInitStructure)
    TIM_OCInitStructure                      0x200002a8   Data          32  dri_timer.o(.bss.TIM_OCInitStructure)
    TIM_TimeBaseStructure                    0x200002c8   Data          28  dri_timer.o(.bss.TIM_TimeBaseStructure)
    Time                                     0x200002e4   Data          64  it_433.o(.bss.Time)
    UART_RX_Count                            0x20000324   Data           2  app_uart.o(.bss.UART_RX_Count)
    Up_State_Data                            0x20000326   Data          40  app_motor.o(.bss.Up_State_Data)
    _hour                                    0x2000034e   Data           1  app_uart.o(.bss._hour)
    _key                                     0x20000350   Data           8  keelop_crc.o(.bss._key)
    _min                                     0x20000358   Data           1  app_uart.o(.bss._min)
    adc_conversion_complete                  0x20000359   Data           1  it_adc.o(.bss.adc_conversion_complete)
    adc_value_pa0                            0x2000035a   Data           2  it_adc.o(.bss.adc_value_pa0)
    beep_step                                0x20000360   Data           1  app_buzz.o(.bss.beep_step)
    beep_step_temp                           0x20000361   Data           1  app_buzz.o(.bss.beep_step_temp)
    brightness_target                        0x20000362   Data           2  app_led.o(.bss.brightness_target)
    brightness_temp                          0x20000364   Data           2  app_led.o(.bss.brightness_temp)
    capture_433key                           0x20000368   Data          12  app_433.o(.bss.capture_433key)
    colour_temperature_temp                  0x20000376   Data           2  app_led.o(.bss.colour_temperature_temp)
    conform_motor_obs_num                    0x20000378   Data           1  app_limt.o(.bss.conform_motor_obs_num)
    current_state                            0x20000379   Data           1  app_motor.o(.bss.current_state)
    g_BuzFrzSta                              0x2000037a   Data           1  app_buzz.o(.bss.g_BuzFrzSta)
    g_BuzFrzValue                            0x2000037b   Data           1  app_buzz.o(.bss.g_BuzFrzValue)
    g_DevStatus                              0x2000037c   Data           3  app_uart.o(.bss.g_DevStatus)
    g_MiioRoundFlag                          0x2000037f   Data           1  app_uart.o(.bss.g_MiioRoundFlag)
    g_uart0_tx_count                         0x20000380   Data           2  n32g033_it.o(.bss.g_uart0_tx_count)
    gp_uart0_tx_address                      0x20000384   Data           4  n32g033_it.o(.bss.gp_uart0_tx_address)
    idx                                      0x20000388   Data           1  app_uart.o(.bss.idx)
    light_key_time                           0x2000038a   Data           1  app_led.o(.bss.light_key_time)
    min_data_now                             0x2000038c   Data           4  app_uart.o(.bss.min_data_now)
    min_start_data_flash                     0x20000390   Data           4  app_uart.o(.bss.min_start_data_flash)
    min_stop_data_flash                      0x20000394   Data           4  app_uart.o(.bss.min_stop_data_flash)
    offset_value                             0x20000398   Data           1  app_uart.o(.bss.offset_value)
    over_weight_current                      0x2000039c   Data           4  app_adc_1.o(.bss.over_weight_current)
    queue_in                                 0x200003a0   Data           4  dri_uart.o(.bss.queue_in)
    queue_out                                0x200003a4   Data           4  dri_uart.o(.bss.queue_out)
    send_busy                                0x200003a8   Data           1  n32g033_it.o(.bss.send_busy)
    set_down_limit_value                     0x200003aa   Data           2  app_motor.o(.bss.set_down_limit_value)
    set_position_pulse                       0x200003ac   Data           2  app_motor.o(.bss.set_position_pulse)
    set_up_limit_value                       0x200003ae   Data           2  app_motor.o(.bss.set_up_limit_value)
    step_value                               0x200003b0   Data           1  app_led.o(.bss.step_value)
    uart0_queue_buf                          0x200003b1   Data         256  dri_uart.o(.bss.uart0_queue_buf)
    uart1_rx_buf                             0x200004b1   Data         256  dri_uart.o(.bss.uart1_rx_buf)
    uart1_tx_buf                             0x200005b1   Data         256  dri_uart.o(.bss.uart1_tx_buf)
    uart2_frame_buf                          0x200006b1   Data         128  app_uart2.o(.bss.uart2_frame_buf)
    uart2_frame_len                          0x20000732   Data           2  app_uart2.o(.bss.uart2_frame_len)
    uart2_rx_count                           0x20000734   Data           2  app_uart2.o(.bss.uart2_rx_count)
    uart2_rx_ringbuf                         0x20000736   Data         260  dri_uart2.o(.bss.uart2_rx_ringbuf)
    uart2_tx_busy                            0x2000083a   Data           1  dri_uart2.o(.bss.uart2_tx_busy)
    uart2_tx_count                           0x2000083c   Data           2  dri_uart2.o(.bss.uart2_tx_count)
    uart2_tx_ptr                             0x20000840   Data           4  dri_uart2.o(.bss.uart2_tx_ptr)
    __initial_sp                             0x20000c48   Data           0  startup_n32g033.o(STACK)



==============================================================================

Memory Map of the image

  Image Entry point : 0x08000095

  Load Region LR_IROM1 (Base: 0x08000000, Size: 0x000080a8, Max: 0x00010000, ABSOLUTE)

    Execution Region ER_IROM1 (Exec base: 0x08000000, Load base: 0x08000000, Size: 0x00008088, Max: 0x00010000, ABSOLUTE)

    Exec Addr    Load Addr    Size         Type   Attr      Idx    E Section Name        Object

    0x08000000   0x08000000   0x00000094   Data   RO            3    RESET               startup_n32g033.o
    0x08000094   0x08000094   0x00000000   Code   RO         1675  * .ARM.Collect$$$$00000000  mc_p.l(entry.o)
    0x08000094   0x08000094   0x00000004   Code   RO         1985    .ARM.Collect$$$$00000001  mc_p.l(entry2.o)
    0x08000098   0x08000098   0x00000004   Code   RO         1988    .ARM.Collect$$$$00000004  mc_p.l(entry5.o)
    0x0800009c   0x0800009c   0x00000000   Code   RO         1990    .ARM.Collect$$$$00000008  mc_p.l(entry7b.o)
    0x0800009c   0x0800009c   0x00000000   Code   RO         1992    .ARM.Collect$$$$0000000A  mc_p.l(entry8b.o)
    0x0800009c   0x0800009c   0x00000008   Code   RO         1993    .ARM.Collect$$$$0000000B  mc_p.l(entry9a.o)
    0x080000a4   0x080000a4   0x00000000   Code   RO         1995    .ARM.Collect$$$$0000000D  mc_p.l(entry10a.o)
    0x080000a4   0x080000a4   0x00000000   Code   RO         1997    .ARM.Collect$$$$0000000F  mc_p.l(entry11a.o)
    0x080000a4   0x080000a4   0x00000004   Code   RO         1986    .ARM.Collect$$$$00002712  mc_p.l(entry2.o)
    0x080000a8   0x080000a8   0x0000001c   Code   RO            4    .text               startup_n32g033.o
    0x080000c4   0x080000c4   0x00000040   Code   RO         1690    .text               mc_p.l(memmovea.o)
    0x08000104   0x08000104   0x00000024   Code   RO         1692    .text               mc_p.l(memseta.o)
    0x08000128   0x08000128   0x0000000e   Code   RO         1694    .text               mc_p.l(strlen.o)
    0x08000136   0x08000136   0x0000001a   Code   RO         1696    .text               mc_p.l(memcmp.o)
    0x08000150   0x08000150   0x000000b2   Code   RO         1963    .text               mf_p.l(fadd.o)
    0x08000202   0x08000202   0x0000007a   Code   RO         1965    .text               mf_p.l(fmul.o)
    0x0800027c   0x0800027c   0x0000007c   Code   RO         1967    .text               mf_p.l(fdiv.o)
    0x080002f8   0x080002f8   0x00000164   Code   RO         1969    .text               mf_p.l(dadd.o)
    0x0800045c   0x0800045c   0x000000d0   Code   RO         1971    .text               mf_p.l(dmul.o)
    0x0800052c   0x0800052c   0x000000f0   Code   RO         1973    .text               mf_p.l(ddiv.o)
    0x0800061c   0x0800061c   0x0000000e   Code   RO         1975    .text               mf_p.l(ffltui.o)
    0x0800062a   0x0800062a   0x00000002   PAD
    0x0800062c   0x0800062c   0x00000028   Code   RO         1977    .text               mf_p.l(dflti.o)
    0x08000654   0x08000654   0x00000032   Code   RO         1979    .text               mf_p.l(ffixi.o)
    0x08000686   0x08000686   0x00000002   PAD
    0x08000688   0x08000688   0x00000048   Code   RO         1981    .text               mf_p.l(dfixi.o)
    0x080006d0   0x080006d0   0x00000028   Code   RO         1983    .text               mf_p.l(f2d.o)
    0x080006f8   0x080006f8   0x0000003e   Code   RO         2002    .text               mc_p.l(uidiv_div0.o)
    0x08000736   0x08000736   0x00000002   PAD
    0x08000738   0x08000738   0x00000050   Code   RO         2004    .text               mc_p.l(idiv_div0.o)
    0x08000788   0x08000788   0x00000060   Code   RO         2008    .text               mc_p.l(uldiv.o)
    0x080007e8   0x080007e8   0x00000020   Code   RO         2010    .text               mc_p.l(llshl.o)
    0x08000808   0x08000808   0x00000022   Code   RO         2012    .text               mc_p.l(llushr.o)
    0x0800082a   0x0800082a   0x00000026   Code   RO         2014    .text               mc_p.l(llsshr.o)
    0x08000850   0x08000850   0x00000000   Code   RO         2016    .text               mc_p.l(iusefp.o)
    0x08000850   0x08000850   0x00000082   Code   RO         2017    .text               mf_p.l(fepilogue.o)
    0x080008d2   0x080008d2   0x000000be   Code   RO         2019    .text               mf_p.l(depilogue.o)
    0x08000990   0x08000990   0x00000030   Code   RO         2027    .text               mc_p.l(init.o)
    0x080009c0   0x080009c0   0x00000010   Code   RO           67    .text.ADC_ClearFlag  n32g033_adc.o
    0x080009d0   0x080009d0   0x00000008   Code   RO           71    .text.ADC_ClearIntPendingBit  n32g033_adc.o
    0x080009d8   0x080009d8   0x00000008   Code   RO           81    .text.ADC_ClockModeConfig  n32g033_adc.o
    0x080009e0   0x080009e0   0x00000018   Code   RO           47    .text.ADC_ConfigInt  n32g033_adc.o
    0x080009f8   0x080009f8   0x00000088   Code   RO           73    .text.ADC_ConfigRegularChannel  n32g033_adc.o
    0x08000a80   0x08000a80   0x00000014   Code   RO           45    .text.ADC_Enable    n32g033_adc.o
    0x08000a94   0x08000a94   0x00000018   Code   RO           85    .text.ADC_EnableChannelStartConv  n32g033_adc.o
    0x08000aac   0x08000aac   0x0000001c   Code   RO           49    .text.ADC_EnableSoftwareTrig  n32g033_adc.o
    0x08000ac8   0x08000ac8   0x0000000c   Code   RO           65    .text.ADC_GetFlagStatus  n32g033_adc.o
    0x08000ad4   0x08000ad4   0x0000000c   Code   RO           59    .text.ADC_GetGroupConvDat  n32g033_adc.o
    0x08000ae0   0x08000ae0   0x00000010   Code   RO           69    .text.ADC_GetIntStatus  n32g033_adc.o
    0x08000af0   0x08000af0   0x00000008   Code   RO         1335    .text.ADC_IRQHandler  n32g033_it.o
    0x08000af8   0x08000af8   0x000000bc   Code   RO           41    .text.ADC_Init      n32g033_adc.o
    0x08000bb4   0x08000bb4   0x00000098   Code   RO         1121    .text.ADC_Initial   dri_adc.o
    0x08000c4c   0x08000c4c   0x00000028   Code   RO         1123    .text.ADC_StartConversion  dri_adc.o
    0x08000c74   0x08000c74   0x000001dc   Code   RO         1398    .text.Action_deal   app_uart.o
    0x08000e50   0x08000e50   0x000000bc   Code   RO         1392    .text.BootLoardDeal  app_uart.o
    0x08000f0c   0x08000f0c   0x000000d4   Code   RO         1490    .text.CmdBzhx       app_buzz.o
    0x08000fe0   0x08000fe0   0x000000b0   Code   RO         1625    .text.Cmd_Light     app_led.o
    0x08001090   0x08001090   0x000000bc   Code   RO         1517    .text.Cmd_Motor_Down  app_motor.o
    0x0800114c   0x0800114c   0x0000005c   Code   RO         1519    .text.Cmd_Motor_Stop  app_motor.o
    0x080011a8   0x080011a8   0x000000d8   Code   RO         1531    .text.Cmd_Motor_Up  app_motor.o
    0x08001280   0x08001280   0x00000008   Code   RO         1339    .text.EXTI0_6_IRQHandler  n32g033_it.o
    0x08001288   0x08001288   0x00000008   Code   RO          199    .text.EXTI_ClrITPendBit  n32g033_exti.o
    0x08001290   0x08001290   0x00000008   Code   RO          195    .text.EXTI_ClrStatusFlag  n32g033_exti.o
    0x08001298   0x08001298   0x0000001c   Code   RO          197    .text.EXTI_GetITStatus  n32g033_exti.o
    0x080012b4   0x080012b4   0x00000010   Code   RO          193    .text.EXTI_GetStatusFlag  n32g033_exti.o
    0x080012c4   0x080012c4   0x00000060   Code   RO          187    .text.EXTI_InitPeripheral  n32g033_exti.o
    0x08001324   0x08001324   0x00000064   Code   RO          225    .text.FLASH_EraseOnePage  n32g033_flash.o
    0x08001388   0x08001388   0x0000000c   Code   RO          215    .text.FLASH_Lock    n32g033_flash.o
    0x08001394   0x08001394   0x00000048   Code   RO          233    .text.FLASH_ProgramWord  n32g033_flash.o
    0x080013dc   0x080013dc   0x00000018   Code   RO          213    .text.FLASH_Unlock  n32g033_flash.o
    0x080013f4   0x080013f4   0x00000058   Code   RO          229    .text.FLASH_WaitForLastOpt  n32g033_flash.o
    0x0800144c   0x0800144c   0x000000a8   Code   RO         1137    .text.Flash_WriteStruct  dri_flash.o
    0x080014f4   0x080014f4   0x00000090   Code   RO          323    .text.GPIO_ConfigEXTILine  n32g033_gpio.o
    0x08001584   0x08001584   0x00000100   Code   RO         1155    .text.GPIO_Configuration  dri_gpio.o
    0x08001684   0x08001684   0x000000cc   Code   RO          297    .text.GPIO_InitPeripheral  n32g033_gpio.o
    0x08001750   0x08001750   0x00000014   Code   RO          299    .text.GPIO_InitStruct  n32g033_gpio.o
    0x08001764   0x08001764   0x0000000a   Code   RO          301    .text.GPIO_ReadInputDataBit  n32g033_gpio.o
    0x0800176e   0x0800176e   0x00000004   Code   RO          313    .text.GPIO_ResetBits  n32g033_gpio.o
    0x08001772   0x08001772   0x00000004   Code   RO          309    .text.GPIO_SetBits  n32g033_gpio.o
    0x08001776   0x08001776   0x00000002   PAD
    0x08001778   0x08001778   0x0000009c   Code   RO         1371    .text.HAL_ADC_IRQHandler_BACK  it_adc.o
    0x08001814   0x08001814   0x00000104   Code   RO         1361    .text.HAL_EXIT_IRQHandler_BACK  it_exit.o
    0x08001918   0x08001918   0x00000080   Code   RO         1295    .text.HAL_TIM1_CC_IRQHandler_BACK  it_433.o
    0x08001998   0x08001998   0x000002a8   Code   RO         1309    .text.HAL_TIM_CNT_IRQHandler_BACK  it_timer.o
    0x08001c40   0x08001c40   0x00000050   Code   RO         1159    .text.HOLLInputExtiInit  dri_gpio.o
    0x08001c90   0x08001c90   0x00000002   Code   RO         1319    .text.HardFault_Handler  n32g033_it.o
    0x08001c92   0x08001c92   0x00000002   PAD
    0x08001c94   0x08001c94   0x00000010   Code   RO          495    .text.IWDG_ReloadKey  n32g033_iwdg.o
    0x08001ca4   0x08001ca4   0x000000bc   Code   RO         1408    .text.Judge_Nightlight_Mode  app_uart.o
    0x08001d60   0x08001d60   0x00000034   Code   RO         1282    .text.Keelop_KEY    keelop_crc.o
    0x08001d94   0x08001d94   0x00000054   Code   RO         1157    .text.KeyInputExtiInit  dri_gpio.o
    0x08001de8   0x08001de8   0x0000017c   Code   RO         1400    .text.Model_Net_Change  app_uart.o
    0x08001f64   0x08001f64   0x000001a4   Code   RO         1406    .text.ModuleResetReq  app_uart.o
    0x08002108   0x08002108   0x000001d8   Code   RO         1535    .text.Motor_speed   app_motor.o
    0x080022e0   0x080022e0   0x00000002   Code   RO         1317    .text.NMI_Handler   n32g033_it.o
    0x080022e2   0x080022e2   0x00000002   PAD
    0x080022e4   0x080022e4   0x0000006c   Code   RO         1110    .text.NVIC_Configuration  main.o
    0x08002350   0x08002350   0x00000078   Code   RO           27    .text.NVIC_Init     misc.o
    0x080023c8   0x080023c8   0x00000098   Code   RO         1345    .text.PVD_IRQHandler  n32g033_it.o
    0x08002460   0x08002460   0x00000044   Code   RO         1259    .text.PVD_Init      dri_pvd.o
    0x080024a4   0x080024a4   0x00000010   Code   RO          545    .text.PWR_PVDLevelConfig  n32g033_pwr.o
    0x080024b4   0x080024b4   0x0000001c   Code   RO          541    .text.PWR_PvdEnable  n32g033_pwr.o
    0x080024d0   0x080024d0   0x0000006c   Code   RO         1390    .text.PowerOn_ModelSet  app_uart.o
    0x0800253c   0x0800253c   0x00000034   Code   RO         1211    .text.Queue_Read_Byte  dri_uart.o
    0x08002570   0x08002570   0x00000014   Code   RO          593    .text.RCC_ConfigAdcHclk  n32g033_rcc.o
    0x08002584   0x08002584   0x00000036   Code   RO         1108    .text.RCC_Configuration  main.o
    0x080025ba   0x080025ba   0x00000002   PAD
    0x080025bc   0x080025bc   0x00000018   Code   RO          597    .text.RCC_EnableAHBPeriphClk  n32g033_rcc.o
    0x080025d4   0x080025d4   0x00000018   Code   RO          599    .text.RCC_EnableAPBPeriphClk  n32g033_rcc.o
    0x080025ec   0x080025ec   0x00000070   Code   RO          595    .text.RCC_GetClocksFreqValue  n32g033_rcc.o
    0x0800265c   0x0800265c   0x000000cc   Code   RO         1280    .text.RF_DEC        keelop_crc.o
    0x08002728   0x08002728   0x00000034   Code   RO         1135    .text.Read_FLASH_MUIData  dri_flash.o
    0x0800275c   0x0800275c   0x00000188   Code   RO         1464    .text.Record_PulseWidth  app_433.o
    0x080028e4   0x080028e4   0x00000af4   Code   RO         1394    .text.Return_Properties  app_uart.o
    0x080033d8   0x080033d8   0x000001d8   Code   RO         1410    .text.Run_to_position  app_uart.o
    0x080035b0   0x080035b0   0x00000002   Code   RO         1327    .text.SVC_Handler   n32g033_it.o
    0x080035b2   0x080035b2   0x00000002   PAD
    0x080035b4   0x080035b4   0x000009e4   Code   RO         1396    .text.Set_Properties  app_uart.o
    0x08003f98   0x08003f98   0x000000b8   Code   RO         1488    .text.SetupBzhx     app_buzz.o
    0x08004050   0x08004050   0x00000002   Code   RO         1331    .text.SysTick_Handler  n32g033_it.o
    0x08004052   0x08004052   0x00000002   PAD
    0x08004054   0x08004054   0x0000008c   Code   RO           13    .text.SystemInit    system_n32g033.o
    0x080040e0   0x080040e0   0x00000008   Code   RO         1333    .text.TIM1_CC_IRQHandler  n32g033_it.o
    0x080040e8   0x080040e8   0x00000080   Code   RO         1177    .text.TIM1_Input_433  dri_timer.o
    0x08004168   0x08004168   0x000000ac   Code   RO         1171    .text.TIM3_PWM_LED  dri_timer.o
    0x08004214   0x08004214   0x00000074   Code   RO         1173    .text.TIM3_PWM_MOTOR  dri_timer.o
    0x08004288   0x08004288   0x00000088   Code   RO         1175    .text.TIM4_PWM_BUZZ  dri_timer.o
    0x08004310   0x08004310   0x0000003c   Code   RO         1337    .text.TIM6_IRQHandler  n32g033_it.o
    0x0800434c   0x0800434c   0x000000b0   Code   RO         1000    .text.TIM_ClrIntPendingBit  n32g033_tim.o
    0x080043fc   0x080043fc   0x00000014   Code   RO          840    .text.TIM_ConfigArPreload  n32g033_tim.o
    0x08004410   0x08004410   0x00000012   Code   RO          796    .text.TIM_ConfigInt  n32g033_tim.o
    0x08004422   0x08004422   0x0000000c   Code   RO          848    .text.TIM_ConfigOc1Preload  n32g033_tim.o
    0x0800442e   0x0800442e   0x00000010   Code   RO          850    .text.TIM_ConfigOc2Preload  n32g033_tim.o
    0x0800443e   0x0800443e   0x0000000c   Code   RO          852    .text.TIM_ConfigOc3Preload  n32g033_tim.o
    0x0800444a   0x0800444a   0x00000010   Code   RO          854    .text.TIM_ConfigOc4Preload  n32g033_tim.o
    0x0800445a   0x0800445a   0x00000006   Code   RO          818    .text.TIM_ConfigPrescaler  n32g033_tim.o
    0x08004460   0x08004460   0x00000104   Code   RO          774    .text.TIM_ConfigPwmIc  n32g033_tim.o
    0x08004564   0x08004564   0x00000058   Code   RO         1179    .text.TIM_Configuration  dri_timer.o
    0x080045bc   0x080045bc   0x00000010   Code   RO          792    .text.TIM_Enable    n32g033_tim.o
    0x080045cc   0x080045cc   0x00000014   Code   RO          794    .text.TIM_EnableCtrlPwmOutputs  n32g033_tim.o
    0x080045e0   0x080045e0   0x00000018   Code   RO          964    .text.TIM_GetCap1   n32g033_tim.o
    0x080045f8   0x080045f8   0x0000001c   Code   RO          966    .text.TIM_GetCap2   n32g033_tim.o
    0x08004614   0x08004614   0x00000078   Code   RO          998    .text.TIM_GetIntStatus  n32g033_tim.o
    0x0800468c   0x0800468c   0x00000010   Code   RO          788    .text.TIM_InitIcStruct  n32g033_tim.o
    0x0800469c   0x0800469c   0x00000064   Code   RO          742    .text.TIM_InitOc1   n32g033_tim.o
    0x08004700   0x08004700   0x00000068   Code   RO          744    .text.TIM_InitOc2   n32g033_tim.o
    0x08004768   0x08004768   0x0000007c   Code   RO          746    .text.TIM_InitOc3   n32g033_tim.o
    0x080047e4   0x080047e4   0x00000080   Code   RO          748    .text.TIM_InitOc4   n32g033_tim.o
    0x08004864   0x08004864   0x0000000a   Code   RO          786    .text.TIM_InitOcStruct  n32g033_tim.o
    0x0800486e   0x0800486e   0x00000014   Code   RO          784    .text.TIM_InitTimBaseStruct  n32g033_tim.o
    0x08004882   0x08004882   0x00000002   PAD
    0x08004884   0x08004884   0x0000006c   Code   RO          740    .text.TIM_InitTimeBase  n32g033_tim.o
    0x080048f0   0x080048f0   0x0000000c   Code   RO          808    .text.TIM_SelectInputTrig  n32g033_tim.o
    0x080048fc   0x080048fc   0x00000012   Code   RO          934    .text.TIM_SelectMasterSlaveMode  n32g033_tim.o
    0x0800490e   0x0800490e   0x00000010   Code   RO          932    .text.TIM_SelectSlaveMode  n32g033_tim.o
    0x0800491e   0x0800491e   0x00000002   PAD
    0x08004920   0x08004920   0x0000001c   Code   RO          940    .text.TIM_SetCmp1   n32g033_tim.o
    0x0800493c   0x0800493c   0x0000001c   Code   RO          942    .text.TIM_SetCmp2   n32g033_tim.o
    0x08004958   0x08004958   0x00000024   Code   RO          944    .text.TIM_SetCmp3   n32g033_tim.o
    0x0800497c   0x0800497c   0x00000010   Code   RO          946    .text.TIM_SetCmp4   n32g033_tim.o
    0x0800498c   0x0800498c   0x00000078   Code   RO         1341    .text.UART1_IRQHandler  n32g033_it.o
    0x08004a04   0x08004a04   0x00000078   Code   RO         1343    .text.UART2_IRQHandler  n32g033_it.o
    0x08004a7c   0x08004a7c   0x00000006   Code   RO         1076    .text.UART_ClrFlag  n32g033_uart.o
    0x08004a82   0x08004a82   0x00000002   PAD
    0x08004a84   0x08004a84   0x0000002c   Code   RO         1046    .text.UART_ConfigInt  n32g033_uart.o
    0x08004ab0   0x08004ab0   0x00000010   Code   RO         1044    .text.UART_Enable   n32g033_uart.o
    0x08004ac0   0x08004ac0   0x0000000a   Code   RO         1074    .text.UART_GetFlagStatus  n32g033_uart.o
    0x08004aca   0x08004aca   0x00000002   PAD
    0x08004acc   0x08004acc   0x00000098   Code   RO         1040    .text.UART_Init     n32g033_uart.o
    0x08004b64   0x08004b64   0x00000008   Code   RO         1062    .text.UART_ReceiveData  n32g033_uart.o
    0x08004b6c   0x08004b6c   0x0000000c   Code   RO         1060    .text.UART_SendData  n32g033_uart.o
    0x08004b78   0x08004b78   0x000001b0   Code   RO         1402    .text._150ms_work   app_uart.o
    0x08004d28   0x08004d28   0x0000004c   Code   RO         1661    .text._220AC_Power_down_save  app_flash.o
    0x08004d74   0x08004d74   0x000005d4   Code   RO         1568    .text.alarm_signal_test_and_beep  app_limt.o
    0x08005348   0x08005348   0x000001bc   Code   RO         1466    .text.analysis_capture_command  app_433.o
    0x08005504   0x08005504   0x0000034c   Code   RO         1468    .text.capture_433key_judge_answer  app_433.o
    0x08005850   0x08005850   0x0000020c   Code   RO         1388    .text.data_handle   app_uart.o
    0x08005a5c   0x08005a5c   0x00000018   Code   RO         1209    .text.get_queue_total_data  dri_uart.o
    0x08005a74   0x08005a74   0x000000bc   Code   RO         1462    .text.judge_remote_control  app_433.o
    0x08005b30   0x08005b30   0x00000240   Code   RO         1627    .text.light_work    app_led.o
    0x08005d70   0x08005d70   0x000001d4   Code   RO         1570    .text.limit_protect  app_limt.o
    0x08005f44   0x08005f44   0x00000080   Code   RO         1201    .text.log_init      dri_uart.o
    0x08005fc4   0x08005fc4   0x00000140   Code   RO         1106    .text.main          main.o
    0x08006104   0x08006104   0x00000054   Code   RO         1657    .text.match_data_clear  app_flash.o
    0x08006158   0x08006158   0x00000128   Code   RO         1659    .text.match_data_del  app_flash.o
    0x08006280   0x08006280   0x00000054   Code   RO         1207    .text.mcu_common_uart_data_unpack  dri_uart.o
    0x080062d4   0x080062d4   0x0000009c   Code   RO         1588    .text.motor_current_to_advalue  app_adc_1.o
    0x08006370   0x08006370   0x00000008   Code   RO         1521    .text.motor_stop    app_motor.o
    0x08006378   0x08006378   0x000000ec   Code   RO         1529    .text.motor_work    app_motor.o
    0x08006464   0x08006464   0x00000a28   Code   RO         1404    .text.properties_up  app_uart.o
    0x08006e8c   0x08006e8c   0x0000000c   Code   RO         1205    .text.r_uart0_protocol_init  dri_uart.o
    0x08006e98   0x08006e98   0x00000038   Code   RO         1215    .text.r_uart0_receive_input  dri_uart.o
    0x08006ed0   0x08006ed0   0x00000040   Code   RO         1213    .text.r_uart0_send_bytes  dri_uart.o
    0x08006f10   0x08006f10   0x00000034   Code   RO         1386    .text.r_uart0_service  app_uart.o
    0x08006f44   0x08006f44   0x00000240   Code   RO         1651    .text.read_data     app_flash.o
    0x08007184   0x08007184   0x00000034   Code   RO         1655    .text.save_current_position  app_flash.o
    0x080071b8   0x080071b8   0x00000034   Code   RO         1653    .text.save_data     app_flash.o
    0x080071ec   0x080071ec   0x0000004c   Code   RO         1446    .text.uart2_data_unpack  app_uart2.o
    0x08007238   0x08007238   0x00000074   Code   RO         1241    .text.uart2_init    dri_uart2.o
    0x080072ac   0x080072ac   0x00000018   Code   RO         1442    .text.uart2_protocol_init  app_uart2.o
    0x080072c4   0x080072c4   0x0000002c   Code   RO         1237    .text.uart2_ringbuf_get  dri_uart2.o
    0x080072f0   0x080072f0   0x00000014   Code   RO         1233    .text.uart2_ringbuf_init  dri_uart2.o
    0x08007304   0x08007304   0x0000002c   Code   RO         1235    .text.uart2_ringbuf_put  dri_uart2.o
    0x08007330   0x08007330   0x00000030   Code   RO         1243    .text.uart2_send_bytes  dri_uart2.o
    0x08007360   0x08007360   0x00000030   Code   RO         1245    .text.uart2_send_string  dri_uart2.o
    0x08007390   0x08007390   0x00000058   Code   RO         1444    .text.uart2_service  app_uart2.o
    0x080073e8   0x080073e8   0x000000a0   Code   RO         1663    .text.variable_init  app_flash.o
    0x08007488   0x08007488   0x00000038   Code   RO         1910    i.__0snprintf$8     mc_p.l(printf8.o)
    0x080074c0   0x080074c0   0x0000002e   Code   RO         2021    i.__ARM_clz         mf_p.l(depilogue.o)
    0x080074ee   0x080074ee   0x0000000e   Code   RO         2031    i.__scatterload_copy  mc_p.l(handlers.o)
    0x080074fc   0x080074fc   0x00000002   Code   RO         2032    i.__scatterload_null  mc_p.l(handlers.o)
    0x080074fe   0x080074fe   0x0000000e   Code   RO         2033    i.__scatterload_zeroinit  mc_p.l(handlers.o)
    0x0800750c   0x0800750c   0x00000428   Code   RO         1916    i._printf_core      mc_p.l(printf8.o)
    0x08007934   0x08007934   0x00000020   Code   RO         1917    i._printf_post_padding  mc_p.l(printf8.o)
    0x08007954   0x08007954   0x0000002c   Code   RO         1918    i._printf_pre_padding  mc_p.l(printf8.o)
    0x08007980   0x08007980   0x00000016   Code   RO         1919    i._snputc           mc_p.l(printf8.o)
    0x08007996   0x08007996   0x00000002   PAD
    0x08007998   0x08007998   0x00000010   Data   RO         1493    .rodata.Bzx1        app_buzz.o
    0x080079a8   0x080079a8   0x00000010   Data   RO         1494    .rodata.Bzx2        app_buzz.o
    0x080079b8   0x080079b8   0x00000010   Data   RO         1495    .rodata.Bzx3        app_buzz.o
    0x080079c8   0x080079c8   0x00000010   Data   RO         1496    .rodata.Bzx4        app_buzz.o
    0x080079d8   0x080079d8   0x00000010   Data   RO         1497    .rodata.Bzx5        app_buzz.o
    0x080079e8   0x080079e8   0x00000010   Data   RO         1498    .rodata.Bzx6        app_buzz.o
    0x080079f8   0x080079f8   0x00000010   Data   RO         1499    .rodata.Bzx7        app_buzz.o
    0x08007a08   0x08007a08   0x00000010   Data   RO         1500    .rodata.Bzx8        app_buzz.o
    0x08007a18   0x08007a18   0x00000006   Data   RO         1633    .rodata.LIGHE_COLOR  app_led.o
    0x08007a1e   0x08007a1e   0x00000010   Data   RO          653    .rodata.cst16       n32g033_rcc.o
    0x08007a2e   0x08007a2e   0x000000ca   Data   RO         1549    .rodata.sinPwmTable  app_motor.o
    0x08007af8   0x08007af8   0x0000036d   Data   RO         1423    .rodata.str1.1      app_uart.o
    0x08007e65   0x08007e65   0x0000000c   Data   RO         1453    .rodata.str1.1      app_uart2.o
    0x08007e71   0x08007e71   0x00000003   PAD
    0x08007e74   0x08007e74   0x000001f3   Data   RO         1425    .rodata.str1.4      app_uart.o
    0x08008067   0x08008067   0x00000001   PAD
    0x08008068   0x08008068   0x00000020   Data   RO         2030    Region$$Table       anon$$obj.o


    Execution Region RW_IRAM1 (Exec base: 0x20000000, Load base: 0x08008088, Size: 0x00000c48, Max: 0x00001800, ABSOLUTE)

    Exec Addr    Load Addr    Size         Type   Attr      Idx    E Section Name        Object

    0x20000000   0x08008088   0x00000004   Data   RW         1508    .data.Buz           app_buzz.o
    0x20000004   0x0800808c   0x00000014   Data   RW         1424    .data.Up_Motor_Properties  app_uart.o
    0x20000018   0x080080a0   0x00000008   Data   RW         1284    .data.key_fixed     keelop_crc.o
    0x20000020        -       0x00000016   Zero   RW         1613    .bss.ADC_read_buf   app_adc_1.o
    0x20000036        -       0x00000002   Zero   RW         1605    .bss.ADC_sample_max  app_adc_1.o
    0x20000038        -       0x00000002   Zero   RW         1606    .bss.ADC_sample_min  app_adc_1.o
    0x2000003a        -       0x00000001   Zero   RW         1593    .bss.ADC_sample_num  app_adc_1.o
    0x2000003b   0x080080a8   0x00000001   PAD
    0x2000003c        -       0x00000030   Zero   RW         1507    .bss.Bzx            app_buzz.o
    0x2000006c        -       0x0000012c   Zero   RW         1472    .bss.Capture_Command  app_433.o
    0x20000198        -       0x00000028   Zero   RW         1541    .bss.Device_State_Data  app_motor.o
    0x200001c0        -       0x00000002   Zero   RW         1298    .bss.DutyCycle      it_433.o
    0x200001c2        -       0x00000008   Zero   RW         1539    .bss.Ell_Data       app_motor.o
    0x200001ca        -       0x00000001   Zero   RW         1537    .bss.Err            app_motor.o
    0x200001cb        -       0x00000001   Zero   RW         1665    .bss.FDL_Block0_Save_Times  app_flash.o
    0x200001cc        -       0x00000001   Zero   RW         1666    .bss.FDL_Block1_Save_Times  app_flash.o
    0x200001cd        -       0x00000006   Zero   RW         1474    .bss.Flag           app_433.o
    0x200001d3   0x080080a8   0x00000001   PAD
    0x200001d4        -       0x00000030   Zero   RW         1471    .bss.Flash_Data     app_433.o
    0x20000204        -       0x00000002   Zero   RW         1417    .bss.Frame_length   app_uart.o
    0x20000206   0x080080a8   0x00000002   PAD
    0x20000208        -       0x00000004   Zero   RW         1299    .bss.Frequency      it_433.o
    0x2000020c        -       0x0000000c   Zero   RW         1378    .bss.Function_select  it_adc.o
    0x20000218        -       0x00000001   Zero   RW         1364    .bss.HAL_EXIT_IRQHandler_BACK.down_pluse_flag  it_exit.o
    0x20000219        -       0x00000001   Zero   RW         1363    .bss.HAL_EXIT_IRQHandler_BACK.temp_level  it_exit.o
    0x2000021a        -       0x00000002   Zero   RW         1300    .bss.Hlevel         it_433.o
    0x2000021c        -       0x00000001   Zero   RW         1552    .bss.Holl_Circle_num  app_motor.o
    0x2000021d   0x080080a8   0x00000001   PAD
    0x2000021e        -       0x00000002   Zero   RW         1543    .bss.Holl_pulse_temp  app_motor.o
    0x20000220        -       0x00000004   Zero   RW         1555    .bss.Holl_test_speed_temp  app_motor.o
    0x20000224        -       0x00000008   Zero   RW         1638    .bss.Led            app_led.o
    0x2000022c        -       0x00000002   Zero   RW         1631    .bss.Light_colour_temperature_gear  app_led.o
    0x2000022e   0x080080a8   0x00000002   PAD
    0x20000230        -       0x00000004   Zero   RW         1301    .bss.LowLevelTime   it_433.o
    0x20000234        -       0x00000001   Zero   RW         1553    .bss.Motor_Circle_num  app_motor.o
    0x20000235   0x080080a8   0x00000003   PAD
    0x20000238        -       0x0000000c   Zero   RW         1376    .bss.Motor_Current  it_adc.o
    0x20000244        -       0x00000004   Zero   RW         1554    .bss.Motor_Current_Position_pulse  app_motor.o
    0x20000248        -       0x00000001   Zero   RW         1548    .bss.Motor_speed.pwmModeActive  app_motor.o
    0x20000249   0x080080a8   0x00000001   PAD
    0x2000024a        -       0x00000002   Zero   RW         1547    .bss.Motor_speed.stepCounter  app_motor.o
    0x2000024c        -       0x00000020   Zero   RW         1285    .bss.NLF            keelop_crc.o
    0x2000026c        -       0x00000001   Zero   RW         1556    .bss.Net_state      app_motor.o
    0x2000026d   0x080080a8   0x00000003   PAD
    0x20000270        -       0x00000010   Zero   RW         1377    .bss.Overweight_Correct  it_adc.o
    0x20000280        -       0x00000002   Zero   RW         1297    .bss.PWM_cycle      it_433.o
    0x20000282   0x080080a8   0x00000002   PAD
    0x20000284        -       0x00000004   Zero   RW         1189    .bss.PrescalerValue  dri_timer.o
    0x20000288        -       0x00000002   Zero   RW         1473    .bss.Record_PulseWidth.real_tau0_ch7_width  app_433.o
    0x2000028a        -       0x00000001   Zero   RW         1477    .bss.STOP_CMD_Repeat  app_433.o
    0x2000028b        -       0x00000001   Zero   RW         1542    .bss.Soft_start_moveA  app_motor.o
    0x2000028c        -       0x00000001   Zero   RW         1476    .bss.Study_Cmd_Repeat  app_433.o
    0x2000028d   0x080080a8   0x00000001   PAD
    0x2000028e        -       0x00000006   Zero   RW         1667    .bss.Synchronous_Count_value  app_flash.o
    0x20000294        -       0x00000014   Zero   RW         1192    .bss.TIM_ICInitStructure  dri_timer.o
    0x200002a8        -       0x00000020   Zero   RW         1191    .bss.TIM_OCInitStructure  dri_timer.o
    0x200002c8        -       0x0000001c   Zero   RW         1190    .bss.TIM_TimeBaseStructure  dri_timer.o
    0x200002e4        -       0x00000040   Zero   RW         1302    .bss.Time           it_433.o
    0x20000324        -       0x00000002   Zero   RW         1416    .bss.UART_RX_Count  app_uart.o
    0x20000326        -       0x00000028   Zero   RW         1538    .bss.Up_State_Data  app_motor.o
    0x2000034e        -       0x00000001   Zero   RW         1428    .bss._hour          app_uart.o
    0x2000034f   0x080080a8   0x00000001   PAD
    0x20000350        -       0x00000008   Zero   RW         1286    .bss._key           keelop_crc.o
    0x20000358        -       0x00000001   Zero   RW         1429    .bss._min           app_uart.o
    0x20000359        -       0x00000001   Zero   RW         1375    .bss.adc_conversion_complete  it_adc.o
    0x2000035a        -       0x00000002   Zero   RW         1374    .bss.adc_value_pa0  it_adc.o
    0x2000035c        -       0x00000001   Zero   RW         1572    .bss.alarm_signal_test_and_beep._10ms_step  app_limt.o
    0x2000035d   0x080080a8   0x00000001   PAD
    0x2000035e        -       0x00000002   Zero   RW         1573    .bss.alarm_signal_test_and_beep.sum  app_limt.o
    0x20000360        -       0x00000001   Zero   RW         1505    .bss.beep_step      app_buzz.o
    0x20000361        -       0x00000001   Zero   RW         1506    .bss.beep_step_temp  app_buzz.o
    0x20000362        -       0x00000002   Zero   RW         1635    .bss.brightness_target  app_led.o
    0x20000364        -       0x00000002   Zero   RW         1636    .bss.brightness_temp  app_led.o
    0x20000366   0x080080a8   0x00000002   PAD
    0x20000368        -       0x0000000c   Zero   RW         1479    .bss.capture_433key  app_433.o
    0x20000374        -       0x00000002   Zero   RW         1475    .bss.capture_433key_judge_answer.Capture_433KEY_LONG_TICKS  app_433.o
    0x20000376        -       0x00000002   Zero   RW         1632    .bss.colour_temperature_temp  app_led.o
    0x20000378        -       0x00000001   Zero   RW         1574    .bss.conform_motor_obs_num  app_limt.o
    0x20000379        -       0x00000001   Zero   RW         1545    .bss.current_state  app_motor.o
    0x2000037a        -       0x00000001   Zero   RW         1503    .bss.g_BuzFrzSta    app_buzz.o
    0x2000037b        -       0x00000001   Zero   RW         1504    .bss.g_BuzFrzValue  app_buzz.o
    0x2000037c        -       0x00000003   Zero   RW         1422    .bss.g_DevStatus    app_uart.o
    0x2000037f        -       0x00000001   Zero   RW         1420    .bss.g_MiioRoundFlag  app_uart.o
    0x20000380        -       0x00000002   Zero   RW         1348    .bss.g_uart0_tx_count  n32g033_it.o
    0x20000382   0x080080a8   0x00000002   PAD
    0x20000384        -       0x00000004   Zero   RW         1349    .bss.gp_uart0_tx_address  n32g033_it.o
    0x20000388        -       0x00000001   Zero   RW         1418    .bss.idx            app_uart.o
    0x20000389        -       0x00000001   Zero   RW         1550    .bss.last_motor_state  app_motor.o
    0x2000038a        -       0x00000001   Zero   RW         1634    .bss.light_key_time  app_led.o
    0x2000038b   0x080080a8   0x00000001   PAD
    0x2000038c        -       0x00000004   Zero   RW         1430    .bss.min_data_now   app_uart.o
    0x20000390        -       0x00000004   Zero   RW         1431    .bss.min_start_data_flash  app_uart.o
    0x20000394        -       0x00000004   Zero   RW         1432    .bss.min_stop_data_flash  app_uart.o
    0x20000398        -       0x00000001   Zero   RW         1427    .bss.offset_value   app_uart.o
    0x20000399   0x080080a8   0x00000003   PAD
    0x2000039c        -       0x00000004   Zero   RW         1592    .bss.over_weight_current  app_adc_1.o
    0x200003a0        -       0x00000004   Zero   RW         1221    .bss.queue_in       dri_uart.o
    0x200003a4        -       0x00000004   Zero   RW         1222    .bss.queue_out      dri_uart.o
    0x200003a8        -       0x00000001   Zero   RW         1347    .bss.send_busy      n32g033_it.o
    0x200003a9   0x080080a8   0x00000001   PAD
    0x200003aa        -       0x00000002   Zero   RW         1540    .bss.set_down_limit_value  app_motor.o
    0x200003ac        -       0x00000002   Zero   RW         1546    .bss.set_position_pulse  app_motor.o
    0x200003ae        -       0x00000002   Zero   RW         1544    .bss.set_up_limit_value  app_motor.o
    0x200003b0        -       0x00000001   Zero   RW         1637    .bss.step_value     app_led.o
    0x200003b1        -       0x00000100   Zero   RW         1220    .bss.uart0_queue_buf  dri_uart.o
    0x200004b1        -       0x00000100   Zero   RW         1223    .bss.uart1_rx_buf   dri_uart.o
    0x200005b1        -       0x00000100   Zero   RW         1224    .bss.uart1_tx_buf   dri_uart.o
    0x200006b1        -       0x00000080   Zero   RW         1452    .bss.uart2_frame_buf  app_uart2.o
    0x20000731   0x080080a8   0x00000001   PAD
    0x20000732        -       0x00000002   Zero   RW         1450    .bss.uart2_frame_len  app_uart2.o
    0x20000734        -       0x00000002   Zero   RW         1451    .bss.uart2_rx_count  app_uart2.o
    0x20000736        -       0x00000104   Zero   RW         1250    .bss.uart2_rx_ringbuf  dri_uart2.o
    0x2000083a        -       0x00000001   Zero   RW         1247    .bss.uart2_tx_busy  dri_uart2.o
    0x2000083b   0x080080a8   0x00000001   PAD
    0x2000083c        -       0x00000002   Zero   RW         1249    .bss.uart2_tx_count  dri_uart2.o
    0x2000083e   0x080080a8   0x00000002   PAD
    0x20000840        -       0x00000004   Zero   RW         1248    .bss.uart2_tx_ptr   dri_uart2.o
    0x20000844   0x080080a8   0x00000004   PAD
    0x20000848        -       0x00000400   Zero   RW            1    STACK               startup_n32g033.o


==============================================================================

Image component sizes


      Code (inc. data)   RO Data    RW Data    ZI Data      Debug   Object Name

      1868        116          0          0        372       7587   app_433.o
       156         44          0          0         31       1959   app_adc_1.o
       396         96        128          4         52       2950   app_buzz.o
      1296        172          0          0          8       3827   app_flash.o
       752         56          6          0         18       3687   app_led.o
      1960        176          0          0          4       2902   app_limt.o
      1212        114        202          0        114       5984   app_motor.o
     11176       1418       1376         20         24      23214   app_uart.o
       188         20         12          0        132       1762   app_uart2.o
       192         12          0          0          0       3222   dri_adc.o
       220         20          0          0          0       2073   dri_flash.o
       420         16          0          0          0       3937   dri_gpio.o
        68          4          0          0          0       2626   dri_pvd.o
       640         48          0          0         84       4425   dri_timer.o
       420         72          0          0        776       3853   dri_uart.o
       320         16          0          0        267       3444   dri_uart2.o
       128         28          0          0         78       2903   it_433.o
       156         16          0          0         43       1395   it_adc.o
       260         36          0          0          2       1206   it_exit.o
       680         68          0          0          0       1950   it_timer.o
       256         16          0          8         40       2841   keelop_crc.o
       482         28          0          0          0       3023   main.o
       120         16          0          0          0       3002   misc.o
       492         48          0          0          0       6498   n32g033_adc.o
       156         12          0          0          0       2649   n32g033_exti.o
       296         28          0          0          0      13341   n32g033_flash.o
       386         12          0          0          0       8046   n32g033_gpio.o
       484         68          0          0          7       3988   n32g033_it.o
        16          8          0          0          0       2190   n32g033_iwdg.o
        44          4          0          0          0       3184   n32g033_pwr.o
       180         44         16          0          0       9863   n32g033_rcc.o
      1508         64          0          0          0      42075   n32g033_tim.o
       248         12          0          0          0       7676   n32g033_uart.o
        28          8        148          0       1024        612   startup_n32g033.o
       140         16          0          0          0       2638   system_n32g033.o

    ----------------------------------------------------------------------
     27364       2932       1924         32       3112     196532   Object Totals
         0          0         32          0          0          0   (incl. Generated)
        20          0          4          0         36          0   (incl. Padding)

    ----------------------------------------------------------------------

      Code (inc. data)   RO Data    RW Data    ZI Data      Debug   Library Member Name

         0          0          0          0          0          0   entry.o
         0          0          0          0          0          0   entry10a.o
         0          0          0          0          0          0   entry11a.o
         8          4          0          0          0          0   entry2.o
         4          0          0          0          0          0   entry5.o
         0          0          0          0          0          0   entry7b.o
         0          0          0          0          0          0   entry8b.o
         8          4          0          0          0          0   entry9a.o
        30          0          0          0          0          0   handlers.o
        80          6          0          0          0         72   idiv_div0.o
        48         10          0          0          0         68   init.o
         0          0          0          0          0          0   iusefp.o
        32          0          0          0          0         68   llshl.o
        38          0          0          0          0         68   llsshr.o
        34          0          0          0          0         68   llushr.o
        26          0          0          0          0         72   memcmp.o
        64          0          0          0          0         68   memmovea.o
        36          0          0          0          0        100   memseta.o
      1218         50          0          0          0        392   printf8.o
        14          0          0          0          0         60   strlen.o
        62          0          0          0          0         72   uidiv_div0.o
        96          0          0          0          0         84   uldiv.o
       356          4          0          0          0        140   dadd.o
       240          6          0          0          0         84   ddiv.o
       236          0          0          0          0        216   depilogue.o
        72         10          0          0          0         72   dfixi.o
        40          6          0          0          0         68   dflti.o
       208          6          0          0          0         88   dmul.o
        40          0          0          0          0         60   f2d.o
       178          0          0          0          0        108   fadd.o
       124          0          0          0          0         72   fdiv.o
       130          0          0          0          0        144   fepilogue.o
        50          0          0          0          0         60   ffixi.o
        14          0          0          0          0         68   ffltui.o
       122          0          0          0          0         72   fmul.o

    ----------------------------------------------------------------------
      3616        106          0          0          0       2444   Library Totals
         8          0          0          0          0          0   (incl. Padding)

    ----------------------------------------------------------------------

      Code (inc. data)   RO Data    RW Data    ZI Data      Debug   Library Name

      1798         74          0          0          0       1192   mc_p.l
      1810         32          0          0          0       1252   mf_p.l

    ----------------------------------------------------------------------
      3616        106          0          0          0       2444   Library Totals

    ----------------------------------------------------------------------

==============================================================================


      Code (inc. data)   RO Data    RW Data    ZI Data      Debug   

     30980       3038       1924         32       3112     197280   Grand Totals
     30980       3038       1924         32       3112     197280   ELF Image Totals
     30980       3038       1924         32          0          0   ROM Totals

==============================================================================

    Total RO  Size (Code + RO Data)                32904 (  32.13kB)
    Total RW  Size (RW Data + ZI Data)              3144 (   3.07kB)
    Total ROM Size (Code + RO Data + RW Data)      32936 (  32.16kB)

==============================================================================

