Component: Arm Compiler for Embedded 6.22 Tool: armlink [5ee90200]

==============================================================================

Section Cross References

    startup_n32g033.o(RESET) refers to startup_n32g033.o(STACK) for __initial_sp
    startup_n32g033.o(RESET) refers to startup_n32g033.o(.text) for Reset_Handler
    startup_n32g033.o(RESET) refers to n32g033_it.o(.text.NMI_Handler) for NMI_Handler
    startup_n32g033.o(RESET) refers to n32g033_it.o(.text.HardFault_Handler) for HardFault_Handler
    startup_n32g033.o(RESET) refers to n32g033_it.o(.text.SVC_Handler) for SVC_Handler
    startup_n32g033.o(RESET) refers to n32g033_it.o(.text.SysTick_Handler) for SysTick_Handler
    startup_n32g033.o(RESET) refers to n32g033_it.o(.text.PVD_IRQHandler) for PVD_IRQHandler
    startup_n32g033.o(RESET) refers to n32g033_it.o(.text.EXTI0_6_IRQHandler) for EXTI0_6_IRQHandler
    startup_n32g033.o(RESET) refers to n32g033_it.o(.text.UART1_IRQHandler) for UART1_IRQHandler
    startup_n32g033.o(RESET) refers to n32g033_it.o(.text.TIM1_CC_IRQHandler) for TIM1_CC_IRQHandler
    startup_n32g033.o(RESET) refers to n32g033_it.o(.text.ADC_IRQHandler) for ADC_IRQHandler
    startup_n32g033.o(RESET) refers to n32g033_it.o(.text.TIM6_IRQHandler) for TIM6_IRQHandler
    startup_n32g033.o(.text) refers to system_n32g033.o(.text.SystemInit) for SystemInit
    startup_n32g033.o(.text) refers to entry.o(.ARM.Collect$$$$00000000) for __main
    system_n32g033.o(.ARM.exidx.text.Delay_ms) refers to system_n32g033.o(.text.Delay_ms) for [Anonymous Symbol]
    system_n32g033.o(.ARM.exidx.text.SystemInit) refers to system_n32g033.o(.text.SystemInit) for [Anonymous Symbol]
    system_n32g033.o(.text.SystemCoreClockUpdate) refers to system_n32g033.o(.data.SystemCoreClock) for SystemCoreClock
    system_n32g033.o(.text.SystemCoreClockUpdate) refers to system_n32g033.o(.rodata.AHBPrescTable) for AHBPrescTable
    system_n32g033.o(.ARM.exidx.text.SystemCoreClockUpdate) refers to system_n32g033.o(.text.SystemCoreClockUpdate) for [Anonymous Symbol]
    misc.o(.ARM.exidx.text.NVIC_Init) refers to misc.o(.text.NVIC_Init) for [Anonymous Symbol]
    misc.o(.ARM.exidx.text.SysTick_CLKSourceConfig) refers to misc.o(.text.SysTick_CLKSourceConfig) for [Anonymous Symbol]
    n32g033_adc.o(.text.ADC_DeInit) refers to n32g033_rcc.o(.text.RCC_EnableAHBPeriphReset) for RCC_EnableAHBPeriphReset
    n32g033_adc.o(.ARM.exidx.text.ADC_DeInit) refers to n32g033_adc.o(.text.ADC_DeInit) for [Anonymous Symbol]
    n32g033_adc.o(.ARM.exidx.text.ADC_Init) refers to n32g033_adc.o(.text.ADC_Init) for [Anonymous Symbol]
    n32g033_adc.o(.ARM.exidx.text.ADC_InitStruct) refers to n32g033_adc.o(.text.ADC_InitStruct) for [Anonymous Symbol]
    n32g033_adc.o(.ARM.exidx.text.ADC_Enable) refers to n32g033_adc.o(.text.ADC_Enable) for [Anonymous Symbol]
    n32g033_adc.o(.ARM.exidx.text.ADC_ConfigInt) refers to n32g033_adc.o(.text.ADC_ConfigInt) for [Anonymous Symbol]
    n32g033_adc.o(.ARM.exidx.text.ADC_EnableSoftwareTrig) refers to n32g033_adc.o(.text.ADC_EnableSoftwareTrig) for [Anonymous Symbol]
    n32g033_adc.o(.ARM.exidx.text.ADC_EnableExternalLineTrig) refers to n32g033_adc.o(.text.ADC_EnableExternalLineTrig) for [Anonymous Symbol]
    n32g033_adc.o(.ARM.exidx.text.ADC_GetSoftwareTrigStatus) refers to n32g033_adc.o(.text.ADC_GetSoftwareTrigStatus) for [Anonymous Symbol]
    n32g033_adc.o(.ARM.exidx.text.ADC_GetExtiLineTrigStatus) refers to n32g033_adc.o(.text.ADC_GetExtiLineTrigStatus) for [Anonymous Symbol]
    n32g033_adc.o(.ARM.exidx.text.ADC_GetDat) refers to n32g033_adc.o(.text.ADC_GetDat) for [Anonymous Symbol]
    n32g033_adc.o(.ARM.exidx.text.ADC_GetGroupConvDat) refers to n32g033_adc.o(.text.ADC_GetGroupConvDat) for [Anonymous Symbol]
    n32g033_adc.o(.ARM.exidx.text.ADC_ConfigAnalogWatchdogModeChannel) refers to n32g033_adc.o(.text.ADC_ConfigAnalogWatchdogModeChannel) for [Anonymous Symbol]
    n32g033_adc.o(.ARM.exidx.text.ADC_ConfigAnalogWatchdogThresholds) refers to n32g033_adc.o(.text.ADC_ConfigAnalogWatchdogThresholds) for [Anonymous Symbol]
    n32g033_adc.o(.ARM.exidx.text.ADC_GetFlagStatus) refers to n32g033_adc.o(.text.ADC_GetFlagStatus) for [Anonymous Symbol]
    n32g033_adc.o(.ARM.exidx.text.ADC_ClearFlag) refers to n32g033_adc.o(.text.ADC_ClearFlag) for [Anonymous Symbol]
    n32g033_adc.o(.ARM.exidx.text.ADC_GetIntStatus) refers to n32g033_adc.o(.text.ADC_GetIntStatus) for [Anonymous Symbol]
    n32g033_adc.o(.ARM.exidx.text.ADC_ClearIntPendingBit) refers to n32g033_adc.o(.text.ADC_ClearIntPendingBit) for [Anonymous Symbol]
    n32g033_adc.o(.ARM.exidx.text.ADC_ConfigRegularChannel) refers to n32g033_adc.o(.text.ADC_ConfigRegularChannel) for [Anonymous Symbol]
    n32g033_adc.o(.ARM.exidx.text.ADC_EnableInternalInputBuffer) refers to n32g033_adc.o(.text.ADC_EnableInternalInputBuffer) for [Anonymous Symbol]
[...]
    __arm_cp.1_1                             0x080092c0   Number         4  app_adc_1.o(.text.motor_current_to_advalue)
    __arm_cp.1_2                             0x080092c4   Number         4  app_adc_1.o(.text.motor_current_to_advalue)
    __arm_cp.1_3                             0x080092c8   Number         4  app_adc_1.o(.text.motor_current_to_advalue)
    __arm_cp.1_4                             0x080092cc   Number         4  app_adc_1.o(.text.motor_current_to_advalue)
    __arm_cp.1_5                             0x080092d0   Number         4  app_adc_1.o(.text.motor_current_to_advalue)
    __arm_cp.1_6                             0x080092d4   Number         4  app_adc_1.o(.text.motor_current_to_advalue)
    __arm_cp.1_7                             0x080092d8   Number         4  app_adc_1.o(.text.motor_current_to_advalue)
    __arm_cp.1_8                             0x080092dc   Number         4  app_adc_1.o(.text.motor_current_to_advalue)
    __arm_cp.1_9                             0x080092e0   Number         4  app_adc_1.o(.text.motor_current_to_advalue)
    __arm_cp.1_10                            0x080092e4   Number         4  app_adc_1.o(.text.motor_current_to_advalue)
    [Anonymous Symbol]                       0x080092e8   Section        0  app_motor.o(.text.motor_stop)
    [Anonymous Symbol]                       0x080092f0   Section        0  app_motor.o(.text.motor_work)
    __arm_cp.6_0                             0x080093c8   Number         4  app_motor.o(.text.motor_work)
    __arm_cp.6_1                             0x080093cc   Number         4  app_motor.o(.text.motor_work)
    __arm_cp.6_2                             0x080093d0   Number         4  app_motor.o(.text.motor_work)
    __arm_cp.6_3                             0x080093d4   Number         4  app_motor.o(.text.motor_work)
    __arm_cp.6_4                             0x080093d8   Number         4  app_motor.o(.text.motor_work)
    [Anonymous Symbol]                       0x080093dc   Section        0  app_uart.o(.text.properties_up)
    __arm_cp.9_35                            0x08009798   Number         4  app_uart.o(.text.properties_up)
    __arm_cp.9_36                            0x0800979c   Number         4  app_uart.o(.text.properties_up)
    __arm_cp.9_38                            0x080097a4   Number         4  app_uart.o(.text.properties_up)
    __arm_cp.9_39                            0x080097a8   Number         4  app_uart.o(.text.properties_up)
    __arm_cp.9_41                            0x080097b4   Number         4  app_uart.o(.text.properties_up)
    __arm_cp.9_42                            0x080097b8   Number         4  app_uart.o(.text.properties_up)
    __arm_cp.9_43                            0x080097bc   Number         4  app_uart.o(.text.properties_up)
    __arm_cp.9_44                            0x080097c0   Number         4  app_uart.o(.text.properties_up)
    __arm_cp.9_50                            0x08009bdc   Number         4  app_uart.o(.text.properties_up)
    __arm_cp.9_56                            0x08009c44   Number         4  app_uart.o(.text.properties_up)
    __arm_cp.9_3                             0x08009d90   Number         4  app_uart.o(.text.properties_up)
    __arm_cp.9_14                            0x08009d94   Number         4  app_uart.o(.text.properties_up)
    __arm_cp.9_15                            0x08009d98   Number         4  app_uart.o(.text.properties_up)
    __arm_cp.9_19                            0x08009d9c   Number         4  app_uart.o(.text.properties_up)
    __arm_cp.9_20                            0x08009da0   Number         4  app_uart.o(.text.properties_up)
    __arm_cp.9_21                            0x08009da4   Number         4  app_uart.o(.text.properties_up)
    __arm_cp.9_24                            0x08009dc0   Number         4  app_uart.o(.text.properties_up)
    __arm_cp.9_29                            0x08009df4   Number         4  app_uart.o(.text.properties_up)
    __arm_cp.9_30                            0x08009df8   Number         4  app_uart.o(.text.properties_up)
    __arm_cp.9_31                            0x08009dfc   Number         4  app_uart.o(.text.properties_up)
    __arm_cp.9_32                            0x08009e00   Number         4  app_uart.o(.text.properties_up)
    [Anonymous Symbol]                       0x08009e04   Section        0  dri_uart.o(.text.r_uart0_protocol_init)
    [Anonymous Symbol]                       0x08009e10   Section        0  dri_uart.o(.text.r_uart0_receive_input)
    __arm_cp.7_0                             0x08009e3c   Number         4  dri_uart.o(.text.r_uart0_receive_input)
    __arm_cp.7_1                             0x08009e40   Number         4  dri_uart.o(.text.r_uart0_receive_input)
    __arm_cp.7_2                             0x08009e44   Number         4  dri_uart.o(.text.r_uart0_receive_input)
    [Anonymous Symbol]                       0x08009e48   Section        0  dri_uart.o(.text.r_uart0_send_bytes)
    __arm_cp.6_0                             0x08009e80   Number         4  dri_uart.o(.text.r_uart0_send_bytes)
    __arm_cp.6_1                             0x08009e84   Number         4  dri_uart.o(.text.r_uart0_send_bytes)
    [Anonymous Symbol]                       0x08009e88   Section        0  app_uart.o(.text.r_uart0_service)
    __arm_cp.0_0                             0x08009eb4   Number         4  app_uart.o(.text.r_uart0_service)
    __arm_cp.0_1                             0x08009eb8   Number         4  app_uart.o(.text.r_uart0_service)
    [Anonymous Symbol]                       0x08009ebc   Section        0  app_flash.o(.text.read_data)
    __arm_cp.0_1                             0x0800a0c8   Number         4  app_flash.o(.text.read_data)
    __arm_cp.0_2                             0x0800a0cc   Number         4  app_flash.o(.text.read_data)
    __arm_cp.0_3                             0x0800a0d0   Number         4  app_flash.o(.text.read_data)
    __arm_cp.0_7                             0x0800a0d4   Number         4  app_flash.o(.text.read_data)
    __arm_cp.0_8                             0x0800a0d8   Number         4  app_flash.o(.text.read_data)
    __arm_cp.0_9                             0x0800a0dc   Number         4  app_flash.o(.text.read_data)
    __arm_cp.0_12                            0x0800a0e0   Number         4  app_flash.o(.text.read_data)
    __arm_cp.0_13                            0x0800a0e4   Number         4  app_flash.o(.text.read_data)
    __arm_cp.0_14                            0x0800a0e8   Number         4  app_flash.o(.text.read_data)
    __arm_cp.0_15                            0x0800a0ec   Number         4  app_flash.o(.text.read_data)
    __arm_cp.0_16                            0x0800a0f0   Number         4  app_flash.o(.text.read_data)
    __arm_cp.0_18                            0x0800a0f4   Number         4  app_flash.o(.text.read_data)
    __arm_cp.0_19                            0x0800a0f8   Number         4  app_flash.o(.text.read_data)
    [Anonymous Symbol]                       0x0800a0fc   Section        0  app_flash.o(.text.save_current_position)
    __arm_cp.2_0                             0x0800a124   Number         4  app_flash.o(.text.save_current_position)
    __arm_cp.2_1                             0x0800a128   Number         4  app_flash.o(.text.save_current_position)
    __arm_cp.2_2                             0x0800a12c   Number         4  app_flash.o(.text.save_current_position)
    [Anonymous Symbol]                       0x0800a130   Section        0  app_flash.o(.text.save_data)
    __arm_cp.1_0                             0x0800a158   Number         4  app_flash.o(.text.save_data)
    __arm_cp.1_1                             0x0800a15c   Number         4  app_flash.o(.text.save_data)
    [Anonymous Symbol]                       0x0800a160   Section        0  app_flash.o(.text.variable_init)
    __arm_cp.6_0                             0x0800a1c8   Number         4  app_flash.o(.text.variable_init)
    __arm_cp.6_1                             0x0800a1cc   Number         4  app_flash.o(.text.variable_init)
    __arm_cp.6_2                             0x0800a1d0   Number         4  app_flash.o(.text.variable_init)
    __arm_cp.6_3                             0x0800a1d4   Number         4  app_flash.o(.text.variable_init)
    __arm_cp.6_4                             0x0800a1d8   Number         4  app_flash.o(.text.variable_init)
    __arm_cp.6_5                             0x0800a1dc   Number         4  app_flash.o(.text.variable_init)
    __arm_cp.6_6                             0x0800a1e0   Number         4  app_flash.o(.text.variable_init)
    __arm_cp.6_7                             0x0800a1e4   Number         4  app_flash.o(.text.variable_init)
    __arm_cp.6_8                             0x0800a1e8   Number         4  app_flash.o(.text.variable_init)
    __arm_cp.6_9                             0x0800a1ec   Number         4  app_flash.o(.text.variable_init)
    __arm_cp.6_10                            0x0800a1f0   Number         4  app_flash.o(.text.variable_init)
    __arm_cp.6_11                            0x0800a1f4   Number         4  app_flash.o(.text.variable_init)
    __arm_cp.6_12                            0x0800a1f8   Number         4  app_flash.o(.text.variable_init)
    __arm_cp.6_13                            0x0800a1fc   Number         4  app_flash.o(.text.variable_init)
    i.__0snprintf$8                          0x0800a200   Section        0  printf8.o(i.__0snprintf$8)
    i.__ARM_clz                              0x0800a238   Section        0  depilogue.o(i.__ARM_clz)
    i.__scatterload_copy                     0x0800a266   Section       14  handlers.o(i.__scatterload_copy)
    i.__scatterload_null                     0x0800a274   Section        2  handlers.o(i.__scatterload_null)
    i.__scatterload_zeroinit                 0x0800a276   Section       14  handlers.o(i.__scatterload_zeroinit)
    _printf_core                             0x0800a285   Thumb Code  1020  printf8.o(i._printf_core)
    i._printf_core                           0x0800a284   Section        0  printf8.o(i._printf_core)
    _printf_post_padding                     0x0800a6ad   Thumb Code    32  printf8.o(i._printf_post_padding)
    i._printf_post_padding                   0x0800a6ac   Section        0  printf8.o(i._printf_post_padding)
    _printf_pre_padding                      0x0800a6cd   Thumb Code    44  printf8.o(i._printf_pre_padding)
    i._printf_pre_padding                    0x0800a6cc   Section        0  printf8.o(i._printf_pre_padding)
    _snputc                                  0x0800a6f9   Thumb Code    22  printf8.o(i._snputc)
    i._snputc                                0x0800a6f8   Section        0  printf8.o(i._snputc)
    [Anonymous Symbol]                       0x0800a796   Section        0  n32g033_rcc.o(.rodata.cst16)
    sinPwmTable                              0x0800a7a6   Data         202  app_motor.o(.rodata.sinPwmTable)
    [Anonymous Symbol]                       0x0800a7a6   Section        0  app_motor.o(.rodata.sinPwmTable)
    [Anonymous Symbol]                       0x0800a870   Section        0  app_uart.o(.rodata.str1.1)
    [Anonymous Symbol]                       0x0800abe0   Section        0  app_uart.o(.rodata.str1.4)
    HAL_EXIT_IRQHandler_BACK.down_pluse_flag 0x20000218   Data           1  it_exit.o(.bss.HAL_EXIT_IRQHandler_BACK.down_pluse_flag)
    [Anonymous Symbol]                       0x20000218   Section        0  it_exit.o(.bss.HAL_EXIT_IRQHandler_BACK.down_pluse_flag)
    HAL_EXIT_IRQHandler_BACK.temp_level      0x20000219   Data           1  it_exit.o(.bss.HAL_EXIT_IRQHandler_BACK.temp_level)
    [Anonymous Symbol]                       0x20000219   Section        0  it_exit.o(.bss.HAL_EXIT_IRQHandler_BACK.temp_level)
    Motor_speed.pwmModeActive                0x20000248   Data           1  app_motor.o(.bss.Motor_speed.pwmModeActive)
    [Anonymous Symbol]                       0x20000248   Section        0  app_motor.o(.bss.Motor_speed.pwmModeActive)
    Motor_speed.stepCounter                  0x2000024a   Data           2  app_motor.o(.bss.Motor_speed.stepCounter)
    [Anonymous Symbol]                       0x2000024a   Section        0  app_motor.o(.bss.Motor_speed.stepCounter)
    Record_PulseWidth.real_tau0_ch7_width    0x20000288   Data           2  app_433.o(.bss.Record_PulseWidth.real_tau0_ch7_width)
    [Anonymous Symbol]                       0x20000288   Section        0  app_433.o(.bss.Record_PulseWidth.real_tau0_ch7_width)
    alarm_signal_test_and_beep._10ms_step    0x2000035c   Data           1  app_limt.o(.bss.alarm_signal_test_and_beep._10ms_step)
    [Anonymous Symbol]                       0x2000035c   Section        0  app_limt.o(.bss.alarm_signal_test_and_beep._10ms_step)
    alarm_signal_test_and_beep.sum           0x2000035e   Data           2  app_limt.o(.bss.alarm_signal_test_and_beep.sum)
    [Anonymous Symbol]                       0x2000035e   Section        0  app_limt.o(.bss.alarm_signal_test_and_beep.sum)
    capture_433key_judge_answer.Capture_433KEY_LONG_TICKS 0x20000374   Data           2  app_433.o(.bss.capture_433key_judge_answer.Capture_433KEY_LONG_TICKS)
    [Anonymous Symbol]                       0x20000374   Section        0  app_433.o(.bss.capture_433key_judge_answer.Capture_433KEY_LONG_TICKS)
    last_motor_state                         0x20000389   Data           1  app_motor.o(.bss.last_motor_state)
    [Anonymous Symbol]                       0x20000389   Section        0  app_motor.o(.bss.last_motor_state)
    STACK                                    0x200006b8   Section     1024  startup_n32g033.o(STACK)

    Global Symbols

    Symbol Name                              Value     Ov Type        Size  Object(Section)

    BuildAttributes$$THM_ISAv3M$S$PE$A:L22$X:L11$S22$IEEE1$IW$~IW$USESV6$~STKCKD$USESV7$~SHL$OTIME$ROPI$EBA8$MICROLIB$REQ8$PRES8$EABIv2 0x00000000   Number         0  anon$$obj.o ABSOLUTE
    _printf_a                                0x00000000   Number         0  printfstubs.o ABSOLUTE
    _printf_c                                0x00000000   Number         0  printfstubs.o ABSOLUTE
    _printf_charcount                        0x00000000   Number         0  printfstubs.o ABSOLUTE
    _printf_d                                0x00000000   Number         0  printfstubs.o ABSOLUTE
    _printf_e                                0x00000000   Number         0  printfstubs.o ABSOLUTE
    _printf_f                                0x00000000   Number         0  printfstubs.o ABSOLUTE
    _printf_flags                            0x00000000   Number         0  printfstubs.o ABSOLUTE
    _printf_fp_dec                           0x00000000   Number         0  printfstubs.o ABSOLUTE
    _printf_fp_hex                           0x00000000   Number         0  printfstubs.o ABSOLUTE
    _printf_g                                0x00000000   Number         0  printfstubs.o ABSOLUTE
    _printf_i                                0x00000000   Number         0  printfstubs.o ABSOLUTE
    _printf_int_dec                          0x00000000   Number         0  printfstubs.o ABSOLUTE
    _printf_l                                0x00000000   Number         0  printfstubs.o ABSOLUTE
    _printf_lc                               0x00000000   Number         0  printfstubs.o ABSOLUTE
    _printf_ll                               0x00000000   Number         0  printfstubs.o ABSOLUTE
    _printf_lld                              0x00000000   Number         0  printfstubs.o ABSOLUTE
    _printf_lli                              0x00000000   Number         0  printfstubs.o ABSOLUTE
    _printf_llo                              0x00000000   Number         0  printfstubs.o ABSOLUTE
    _printf_llu                              0x00000000   Number         0  printfstubs.o ABSOLUTE
    _printf_llx                              0x00000000   Number         0  printfstubs.o ABSOLUTE
    _printf_longlong_dec                     0x00000000   Number         0  printfstubs.o ABSOLUTE
    _printf_longlong_hex                     0x00000000   Number         0  printfstubs.o ABSOLUTE
    _printf_longlong_oct                     0x00000000   Number         0  printfstubs.o ABSOLUTE
    _printf_ls                               0x00000000   Number         0  printfstubs.o ABSOLUTE
    _printf_mbtowc                           0x00000000   Number         0  printfstubs.o ABSOLUTE
    _printf_n                                0x00000000   Number         0  printfstubs.o ABSOLUTE
    _printf_o                                0x00000000   Number         0  printfstubs.o ABSOLUTE
    _printf_p                                0x00000000   Number         0  printfstubs.o ABSOLUTE
    _printf_percent                          0x00000000   Number         0  printfstubs.o ABSOLUTE
    _printf_pre_padding                      0x00000000   Number         0  printfstubs.o ABSOLUTE
    _printf_return_value                     0x00000000   Number         0  printfstubs.o ABSOLUTE
    _printf_s                                0x00000000   Number         0  printfstubs.o ABSOLUTE
    _printf_sizespec                         0x00000000   Number         0  printfstubs.o ABSOLUTE
    _printf_str                              0x00000000   Number         0  printfstubs.o ABSOLUTE
    _printf_truncate_signed                  0x00000000   Number         0  printfstubs.o ABSOLUTE
    _printf_truncate_unsigned                0x00000000   Number         0  printfstubs.o ABSOLUTE
    _printf_u                                0x00000000   Number         0  printfstubs.o ABSOLUTE
    _printf_wc                               0x00000000   Number         0  printfstubs.o ABSOLUTE
    _printf_wctomb                           0x00000000   Number         0  printfstubs.o ABSOLUTE
    _printf_widthprec                        0x00000000   Number         0  printfstubs.o ABSOLUTE
    _printf_x                                0x00000000   Number         0  printfstubs.o ABSOLUTE
    __cpp_initialize__aeabi_                  - Undefined Weak Reference
    __cxa_finalize                            - Undefined Weak Reference
    __decompress                              - Undefined Weak Reference
    _clock_init                               - Undefined Weak Reference
    _microlib_exit                            - Undefined Weak Reference
    __Vectors_Size                           0x00000094   Number         0  startup_n32g033.o ABSOLUTE
    __Vectors                                0x08003000   Data           4  startup_n32g033.o(RESET)
    __Vectors_End                            0x08003094   Data           0  startup_n32g033.o(RESET)
    __main                                   0x08003095   Thumb Code     0  entry.o(.ARM.Collect$$$$00000000)
    _main_stk                                0x08003095   Thumb Code     0  entry2.o(.ARM.Collect$$$$00000001)
    _main_scatterload                        0x08003099   Thumb Code     0  entry5.o(.ARM.Collect$$$$00000004)
    __main_after_scatterload                 0x0800309d   Thumb Code     0  entry5.o(.ARM.Collect$$$$00000004)
    _main_clock                              0x0800309d   Thumb Code     0  entry7b.o(.ARM.Collect$$$$00000008)
    _main_cpp_init                           0x0800309d   Thumb Code     0  entry8b.o(.ARM.Collect$$$$0000000A)
    _main_init                               0x0800309d   Thumb Code     0  entry9a.o(.ARM.Collect$$$$0000000B)
    __rt_final_cpp                           0x080030a5   Thumb Code     0  entry10a.o(.ARM.Collect$$$$0000000D)
    __rt_final_exit                          0x080030a5   Thumb Code     0  entry11a.o(.ARM.Collect$$$$0000000F)
    Reset_Handler                            0x080030a9   Thumb Code     8  startup_n32g033.o(.text)
    PendSV_Handler                           0x080030b7   Thumb Code     2  startup_n32g033.o(.text)
    COMP_IRQHandler                          0x080030bb   Thumb Code     0  startup_n32g033.o(.text)
    DMA_IRQHandler                           0x080030bb   Thumb Code     0  startup_n32g033.o(.text)
    FLASH_IRQHandler                         0x080030bb   Thumb Code     0  startup_n32g033.o(.text)
    I2C1_ER_IRQHandler                       0x080030bb   Thumb Code     0  startup_n32g033.o(.text)
    I2C1_EV_IRQHandler                       0x080030bb   Thumb Code     0  startup_n32g033.o(.text)
    I2C2_ER_IRQHandler                       0x080030bb   Thumb Code     0  startup_n32g033.o(.text)
    I2C2_EV_IRQHandler                       0x080030bb   Thumb Code     0  startup_n32g033.o(.text)
    IWDG_IRQHandler                          0x080030bb   Thumb Code     0  startup_n32g033.o(.text)
    SPI1_IRQHandler                          0x080030bb   Thumb Code     0  startup_n32g033.o(.text)
    SPI2_IRQHandler                          0x080030bb   Thumb Code     0  startup_n32g033.o(.text)
    TIM1_BRK_UP_TRG_COM_IRQHandler           0x080030bb   Thumb Code     0  startup_n32g033.o(.text)
    TIM3_IRQHandler                          0x080030bb   Thumb Code     0  startup_n32g033.o(.text)
    TIM4_IRQHandler                          0x080030bb   Thumb Code     0  startup_n32g033.o(.text)
    UART2_IRQHandler                         0x080030bb   Thumb Code     0  startup_n32g033.o(.text)
    UART3_IRQHandler                         0x080030bb   Thumb Code     0  startup_n32g033.o(.text)
    __aeabi_memset                           0x080030c5   Thumb Code    14  memseta.o(.text)
    __aeabi_memset4                          0x080030c5   Thumb Code     0  memseta.o(.text)
    __aeabi_memset8                          0x080030c5   Thumb Code     0  memseta.o(.text)
    __aeabi_memclr                           0x080030d3   Thumb Code     4  memseta.o(.text)
    __aeabi_memclr4                          0x080030d3   Thumb Code     0  memseta.o(.text)
    __aeabi_memclr8                          0x080030d3   Thumb Code     0  memseta.o(.text)
    _memset$wrapper                          0x080030d7   Thumb Code    18  memseta.o(.text)
    strlen                                   0x080030e9   Thumb Code    14  strlen.o(.text)
    ADC_ClockModeConfig                      0x080030f7   Thumb Code     8  n32g033_adc.o(.text.ADC_ClockModeConfig)
    __I$use$fp                               0x080030f7   Thumb Code     0  iusefp.o(.text)
    HardFault_Handler                        0x080030ff   Thumb Code     2  n32g033_it.o(.text.HardFault_Handler)
    FLASH_DATE                               0x08003100   Data           2  main.o(.ARM.__at_0x08003100)
    ___aeabi_memcpy4$move                    0x08003103   Thumb Code     0  memmovea.o(.text)
    ___aeabi_memcpy8$move                    0x08003103   Thumb Code     0  memmovea.o(.text)
    __aeabi_memcpy                           0x08003103   Thumb Code    64  memmovea.o(.text)
    __aeabi_memmove                          0x08003103   Thumb Code     0  memmovea.o(.text)
    __aeabi_memmove4                         0x08003103   Thumb Code     0  memmovea.o(.text)
    __aeabi_memmove8                         0x08003103   Thumb Code     0  memmovea.o(.text)
    memcmp                                   0x08003143   Thumb Code    26  memcmp.o(.text)
    __aeabi_fadd                             0x0800315d   Thumb Code   162  fadd.o(.text)
    __aeabi_fsub                             0x080031ff   Thumb Code     8  fadd.o(.text)
    __aeabi_frsub                            0x08003207   Thumb Code     8  fadd.o(.text)
    __aeabi_fmul                             0x0800320f   Thumb Code   122  fmul.o(.text)
    __aeabi_fdiv                             0x08003289   Thumb Code   124  fdiv.o(.text)
    __aeabi_dadd                             0x08003305   Thumb Code   328  dadd.o(.text)
    __aeabi_dsub                             0x0800344d   Thumb Code    12  dadd.o(.text)
    __aeabi_drsub                            0x08003459   Thumb Code    12  dadd.o(.text)
    __aeabi_dmul                             0x08003469   Thumb Code   202  dmul.o(.text)
    __aeabi_ddiv                             0x08003539   Thumb Code   234  ddiv.o(.text)
    __aeabi_ui2f                             0x08003629   Thumb Code    14  ffltui.o(.text)
    __aeabi_i2d                              0x08003639   Thumb Code    34  dflti.o(.text)
    __aeabi_f2iz                             0x08003661   Thumb Code    50  ffixi.o(.text)
    __aeabi_d2iz                             0x08003695   Thumb Code    62  dfixi.o(.text)
    __aeabi_f2d                              0x080036dd   Thumb Code    40  f2d.o(.text)
    __aeabi_uidiv                            0x08003705   Thumb Code     0  uidiv_div0.o(.text)
    __aeabi_uidivmod                         0x08003705   Thumb Code    62  uidiv_div0.o(.text)
    __aeabi_idiv                             0x08003745   Thumb Code     0  idiv_div0.o(.text)
    __aeabi_idivmod$div0                     0x08003745   Thumb Code    74  idiv_div0.o(.text)
    __aeabi_uldivmod                         0x08003795   Thumb Code    96  uldiv.o(.text)
    __aeabi_llsl                             0x080037f5   Thumb Code    32  llshl.o(.text)
    _ll_shift_l                              0x080037f5   Thumb Code     0  llshl.o(.text)
    __aeabi_llsr                             0x08003815   Thumb Code    34  llushr.o(.text)
    _ll_ushift_r                             0x08003815   Thumb Code     0  llushr.o(.text)
    __aeabi_lasr                             0x08003837   Thumb Code    38  llsshr.o(.text)
    _ll_sshift_r                             0x08003837   Thumb Code     0  llsshr.o(.text)
    _float_round                             0x0800385d   Thumb Code    16  fepilogue.o(.text)
    _float_epilogue                          0x0800386d   Thumb Code   114  fepilogue.o(.text)
    _double_round                            0x080038df   Thumb Code    26  depilogue.o(.text)
    _double_epilogue                         0x080038f9   Thumb Code   164  depilogue.o(.text)
    __scatterload                            0x0800399d   Thumb Code    38  init.o(.text)
    __scatterload_rt2                        0x0800399d   Thumb Code     0  init.o(.text)
    ADC_ClearFlag                            0x080039cd   Thumb Code    12  n32g033_adc.o(.text.ADC_ClearFlag)
    ADC_ClearIntPendingBit                   0x080039dd   Thumb Code     8  n32g033_adc.o(.text.ADC_ClearIntPendingBit)
    ADC_ConfigInt                            0x080039e5   Thumb Code    20  n32g033_adc.o(.text.ADC_ConfigInt)
    ADC_ConfigRegularChannel                 0x080039fd   Thumb Code   132  n32g033_adc.o(.text.ADC_ConfigRegularChannel)
    ADC_Enable                               0x08003a85   Thumb Code    20  n32g033_adc.o(.text.ADC_Enable)
    ADC_EnableChannelStartConv               0x08003a99   Thumb Code    16  n32g033_adc.o(.text.ADC_EnableChannelStartConv)
    ADC_EnableSoftwareTrig                   0x08003ab1   Thumb Code    24  n32g033_adc.o(.text.ADC_EnableSoftwareTrig)
    ADC_GetFlagStatus                        0x08003acd   Thumb Code    12  n32g033_adc.o(.text.ADC_GetFlagStatus)
    ADC_GetGroupConvDat                      0x08003ad9   Thumb Code     8  n32g033_adc.o(.text.ADC_GetGroupConvDat)
    ADC_GetIntStatus                         0x08003ae5   Thumb Code    12  n32g033_adc.o(.text.ADC_GetIntStatus)
    ADC_IRQHandler                           0x08003af5   Thumb Code     8  n32g033_it.o(.text.ADC_IRQHandler)
    ADC_Init                                 0x08003afd   Thumb Code   172  n32g033_adc.o(.text.ADC_Init)
    ADC_Initial                              0x08003bb9   Thumb Code   148  dri_adc.o(.text.ADC_Initial)
    ADC_StartConversion                      0x08003c51   Thumb Code    32  dri_adc.o(.text.ADC_StartConversion)
    Action_deal                              0x08003c79   Thumb Code   396  app_uart.o(.text.Action_deal)
    BootLoardDeal                            0x08003e55   Thumb Code   148  app_uart.o(.text.BootLoardDeal)
    CmdBzhx                                  0x08003f11   Thumb Code   180  app_buzz.o(.text.CmdBzhx)
    Cmd_Light                                0x08003fe5   Thumb Code   156  app_led.o(.text.Cmd_Light)
    Cmd_Motor_Down                           0x08004095   Thumb Code   184  app_motor.o(.text.Cmd_Motor_Down)
    Cmd_Motor_Stop                           0x08004151   Thumb Code    84  app_motor.o(.text.Cmd_Motor_Stop)
    Cmd_Motor_Up                             0x080041ad   Thumb Code   180  app_motor.o(.text.Cmd_Motor_Up)
    EXTI0_6_IRQHandler                       0x08004285   Thumb Code     8  n32g033_it.o(.text.EXTI0_6_IRQHandler)
    EXTI_ClrITPendBit                        0x0800428d   Thumb Code     8  n32g033_exti.o(.text.EXTI_ClrITPendBit)
    EXTI_ClrStatusFlag                       0x08004295   Thumb Code     8  n32g033_exti.o(.text.EXTI_ClrStatusFlag)
    EXTI_GetITStatus                         0x0800429d   Thumb Code    24  n32g033_exti.o(.text.EXTI_GetITStatus)
    EXTI_GetStatusFlag                       0x080042b9   Thumb Code    12  n32g033_exti.o(.text.EXTI_GetStatusFlag)
    EXTI_InitPeripheral                      0x080042c9   Thumb Code    92  n32g033_exti.o(.text.EXTI_InitPeripheral)
    FLASH_EraseOnePage                       0x08004329   Thumb Code    92  n32g033_flash.o(.text.FLASH_EraseOnePage)
    FLASH_Lock                               0x0800438d   Thumb Code    12  n32g033_flash.o(.text.FLASH_Lock)
    FLASH_ProgramWord                        0x08004399   Thumb Code    68  n32g033_flash.o(.text.FLASH_ProgramWord)
    FLASH_Unlock                             0x080043e1   Thumb Code    12  n32g033_flash.o(.text.FLASH_Unlock)
    FLASH_WaitForLastOpt                     0x080043f9   Thumb Code    84  n32g033_flash.o(.text.FLASH_WaitForLastOpt)
    Flash_WriteStruct                        0x08004451   Thumb Code   156  dri_flash.o(.text.Flash_WriteStruct)
    GPIO_ConfigEXTILine                      0x080044f9   Thumb Code   140  n32g033_gpio.o(.text.GPIO_ConfigEXTILine)
    GPIO_Configuration                       0x08004589   Thumb Code   244  dri_gpio.o(.text.GPIO_Configuration)
    GPIO_InitPeripheral                      0x08004689   Thumb Code   200  n32g033_gpio.o(.text.GPIO_InitPeripheral)
    GPIO_InitStruct                          0x08004755   Thumb Code    16  n32g033_gpio.o(.text.GPIO_InitStruct)
    GPIO_ReadInputDataBit                    0x08004769   Thumb Code    10  n32g033_gpio.o(.text.GPIO_ReadInputDataBit)
    GPIO_ResetBits                           0x08004773   Thumb Code     4  n32g033_gpio.o(.text.GPIO_ResetBits)
    GPIO_SetBits                             0x08004777   Thumb Code     4  n32g033_gpio.o(.text.GPIO_SetBits)
    HAL_ADC_IRQHandler_BACK                  0x0800477d   Thumb Code   140  it_adc.o(.text.HAL_ADC_IRQHandler_BACK)
    HAL_EXIT_IRQHandler_BACK                 0x08004819   Thumb Code   224  it_exit.o(.text.HAL_EXIT_IRQHandler_BACK)
    HAL_TIM1_CC_IRQHandler_BACK              0x0800491d   Thumb Code   100  it_433.o(.text.HAL_TIM1_CC_IRQHandler_BACK)
    HAL_TIM_CNT_IRQHandler_BACK              0x0800499d   Thumb Code   596  it_timer.o(.text.HAL_TIM_CNT_IRQHandler_BACK)
    HOLLInputExtiInit                        0x08004c35   Thumb Code    80  dri_gpio.o(.text.HOLLInputExtiInit)
    IWDG_ReloadKey                           0x08004c85   Thumb Code     8  n32g033_iwdg.o(.text.IWDG_ReloadKey)
    Judge_Nightlight_Mode                    0x08004c95   Thumb Code   160  app_uart.o(.text.Judge_Nightlight_Mode)
    Keelop_KEY                               0x08004d51   Thumb Code    44  keelop_crc.o(.text.Keelop_KEY)
    KeyInputExtiInit                         0x08004d85   Thumb Code    80  dri_gpio.o(.text.KeyInputExtiInit)
    Model_Net_Change                         0x08004dd9   Thumb Code   332  app_uart.o(.text.Model_Net_Change)
    ModuleResetReq                           0x08004f55   Thumb Code   364  app_uart.o(.text.ModuleResetReq)
    Motor_speed                              0x080050f9   Thumb Code   432  app_motor.o(.text.Motor_speed)
    NMI_Handler                              0x080052d1   Thumb Code     2  n32g033_it.o(.text.NMI_Handler)
    NVIC_Configuration                       0x080052d5   Thumb Code   104  main.o(.text.NVIC_Configuration)
    NVIC_Init                                0x08005341   Thumb Code   104  misc.o(.text.NVIC_Init)
    PVD_IRQHandler                           0x080053b9   Thumb Code   116  n32g033_it.o(.text.PVD_IRQHandler)
    PVD_Init                                 0x08005451   Thumb Code    64  dri_pvd.o(.text.PVD_Init)
    PWR_PVDLevelConfig                       0x08005495   Thumb Code    16  n32g033_pwr.o(.text.PWR_PVDLevelConfig)
    PWR_PvdEnable                            0x080054a5   Thumb Code    24  n32g033_pwr.o(.text.PWR_PvdEnable)
    PowerOn_ModelSet                         0x080054c1   Thumb Code    80  app_uart.o(.text.PowerOn_ModelSet)
    Queue_Read_Byte                          0x0800552d   Thumb Code    40  dri_uart.o(.text.Queue_Read_Byte)
    RCC_ConfigAdcHclk                        0x08005561   Thumb Code    16  n32g033_rcc.o(.text.RCC_ConfigAdcHclk)
    RCC_Configuration                        0x08005575   Thumb Code    54  main.o(.text.RCC_Configuration)
    RCC_EnableAHBPeriphClk                   0x080055ad   Thumb Code    20  n32g033_rcc.o(.text.RCC_EnableAHBPeriphClk)
    RCC_EnableAPBPeriphClk                   0x080055c5   Thumb Code    20  n32g033_rcc.o(.text.RCC_EnableAPBPeriphClk)
    RCC_GetClocksFreqValue                   0x080055dd   Thumb Code    80  n32g033_rcc.o(.text.RCC_GetClocksFreqValue)
    RF_DEC                                   0x0800564d   Thumb Code   196  keelop_crc.o(.text.RF_DEC)
    Read_FLASH_MUIData                       0x08005719   Thumb Code    44  dri_flash.o(.text.Read_FLASH_MUIData)
    Record_PulseWidth                        0x0800574d   Thumb Code   368  app_433.o(.text.Record_PulseWidth)
    Return_Properties                        0x080058d5   Thumb Code  2704  app_uart.o(.text.Return_Properties)
    Run_to_position                          0x080063c9   Thumb Code   432  app_uart.o(.text.Run_to_position)
    SVC_Handler                              0x080065a1   Thumb Code     2  n32g033_it.o(.text.SVC_Handler)
    Set_Properties                           0x080065a5   Thumb Code  2448  app_uart.o(.text.Set_Properties)
    SetupBzhx                                0x08006f89   Thumb Code   128  app_buzz.o(.text.SetupBzhx)
    SysTick_Handler                          0x08007041   Thumb Code     2  n32g033_it.o(.text.SysTick_Handler)
    SystemInit                               0x08007045   Thumb Code   124  system_n32g033.o(.text.SystemInit)
    TIM1_CC_IRQHandler                       0x080070d1   Thumb Code     8  n32g033_it.o(.text.TIM1_CC_IRQHandler)
    TIM1_Input_433                           0x080070d9   Thumb Code   116  dri_timer.o(.text.TIM1_Input_433)
    TIM3_PWM_LED                             0x08007159   Thumb Code   168  dri_timer.o(.text.TIM3_PWM_LED)
    TIM3_PWM_MOTOR                           0x08007205   Thumb Code   112  dri_timer.o(.text.TIM3_PWM_MOTOR)
    TIM4_PWM_BUZZ                            0x08007279   Thumb Code   120  dri_timer.o(.text.TIM4_PWM_BUZZ)
    TIM6_IRQHandler                          0x08007301   Thumb Code    60  n32g033_it.o(.text.TIM6_IRQHandler)
    TIM_ClrIntPendingBit                     0x0800733d   Thumb Code   156  n32g033_tim.o(.text.TIM_ClrIntPendingBit)
    TIM_ConfigArPreload                      0x080073ed   Thumb Code    20  n32g033_tim.o(.text.TIM_ConfigArPreload)
    TIM_ConfigInt                            0x08007401   Thumb Code    18  n32g033_tim.o(.text.TIM_ConfigInt)
    TIM_ConfigOc1Preload                     0x08007413   Thumb Code    12  n32g033_tim.o(.text.TIM_ConfigOc1Preload)
    TIM_ConfigOc2Preload                     0x0800741f   Thumb Code    16  n32g033_tim.o(.text.TIM_ConfigOc2Preload)
    TIM_ConfigOc3Preload                     0x0800742f   Thumb Code    12  n32g033_tim.o(.text.TIM_ConfigOc3Preload)
    TIM_ConfigOc4Preload                     0x0800743b   Thumb Code    16  n32g033_tim.o(.text.TIM_ConfigOc4Preload)
    TIM_ConfigPrescaler                      0x0800744b   Thumb Code     6  n32g033_tim.o(.text.TIM_ConfigPrescaler)
    TIM_ConfigPwmIc                          0x08007451   Thumb Code   252  n32g033_tim.o(.text.TIM_ConfigPwmIc)
    TIM_Configuration                        0x08007555   Thumb Code    76  dri_timer.o(.text.TIM_Configuration)
    TIM_Enable                               0x080075ad   Thumb Code    16  n32g033_tim.o(.text.TIM_Enable)
    TIM_EnableCtrlPwmOutputs                 0x080075bd   Thumb Code    20  n32g033_tim.o(.text.TIM_EnableCtrlPwmOutputs)
    TIM_GetCap1                              0x080075d1   Thumb Code    24  n32g033_tim.o(.text.TIM_GetCap1)
    TIM_GetCap2                              0x080075e9   Thumb Code    24  n32g033_tim.o(.text.TIM_GetCap2)
    TIM_GetIntStatus                         0x08007605   Thumb Code   112  n32g033_tim.o(.text.TIM_GetIntStatus)
    TIM_InitIcStruct                         0x0800767d   Thumb Code    16  n32g033_tim.o(.text.TIM_InitIcStruct)
    TIM_InitOc1                              0x0800768d   Thumb Code   100  n32g033_tim.o(.text.TIM_InitOc1)
    TIM_InitOc2                              0x080076f1   Thumb Code   104  n32g033_tim.o(.text.TIM_InitOc2)
    TIM_InitOc3                              0x08007759   Thumb Code   124  n32g033_tim.o(.text.TIM_InitOc3)
    TIM_InitOc4                              0x080077d5   Thumb Code   128  n32g033_tim.o(.text.TIM_InitOc4)
    TIM_InitOcStruct                         0x08007855   Thumb Code    10  n32g033_tim.o(.text.TIM_InitOcStruct)
    TIM_InitTimBaseStruct                    0x0800785f   Thumb Code    20  n32g033_tim.o(.text.TIM_InitTimBaseStruct)
    TIM_InitTimeBase                         0x08007875   Thumb Code   104  n32g033_tim.o(.text.TIM_InitTimeBase)
    TIM_SelectInputTrig                      0x080078e1   Thumb Code    12  n32g033_tim.o(.text.TIM_SelectInputTrig)
    TIM_SelectMasterSlaveMode                0x080078ed   Thumb Code    18  n32g033_tim.o(.text.TIM_SelectMasterSlaveMode)
    TIM_SelectSlaveMode                      0x080078ff   Thumb Code    16  n32g033_tim.o(.text.TIM_SelectSlaveMode)
    TIM_SetCmp1                              0x08007911   Thumb Code    28  n32g033_tim.o(.text.TIM_SetCmp1)
    TIM_SetCmp2                              0x0800792d   Thumb Code    28  n32g033_tim.o(.text.TIM_SetCmp2)
    TIM_SetCmp3                              0x08007949   Thumb Code    28  n32g033_tim.o(.text.TIM_SetCmp3)
    TIM_SetCmp4                              0x0800796d   Thumb Code    12  n32g033_tim.o(.text.TIM_SetCmp4)
    UART1_IRQHandler                         0x0800797d   Thumb Code   104  n32g033_it.o(.text.UART1_IRQHandler)
    UART_ClrFlag                             0x080079f5   Thumb Code     6  n32g033_uart.o(.text.UART_ClrFlag)
    UART_ConfigInt                           0x080079fd   Thumb Code    40  n32g033_uart.o(.text.UART_ConfigInt)
    UART_Enable                              0x08007a29   Thumb Code    16  n32g033_uart.o(.text.UART_Enable)
    UART_GetFlagStatus                       0x08007a39   Thumb Code    10  n32g033_uart.o(.text.UART_GetFlagStatus)
    UART_Init                                0x08007a45   Thumb Code   148  n32g033_uart.o(.text.UART_Init)
    UART_ReceiveData                         0x08007add   Thumb Code     8  n32g033_uart.o(.text.UART_ReceiveData)
    UART_SendData                            0x08007ae5   Thumb Code     8  n32g033_uart.o(.text.UART_SendData)
    _150ms_work                              0x08007af1   Thumb Code   364  app_uart.o(.text._150ms_work)
    _220AC_Power_down_save                   0x08007ca1   Thumb Code    68  app_flash.o(.text._220AC_Power_down_save)
    alarm_signal_test_and_beep               0x08007ced   Thumb Code  1400  app_limt.o(.text.alarm_signal_test_and_beep)
    analysis_capture_command                 0x080082b5   Thumb Code   428  app_433.o(.text.analysis_capture_command)
    capture_433key_judge_answer              0x08008471   Thumb Code   792  app_433.o(.text.capture_433key_judge_answer)
    data_handle                              0x080087bd   Thumb Code   444  app_uart.o(.text.data_handle)
    get_queue_total_data                     0x080089c9   Thumb Code    16  dri_uart.o(.text.get_queue_total_data)
    judge_remote_control                     0x080089e1   Thumb Code   176  app_433.o(.text.judge_remote_control)
    light_work                               0x08008a9d   Thumb Code   540  app_led.o(.text.light_work)
    limit_protect                            0x08008cdd   Thumb Code   424  app_limt.o(.text.limit_protect)
    log_init                                 0x08008eb1   Thumb Code   112  dri_uart.o(.text.log_init)
    main                                     0x08008f31   Thumb Code   300  main.o(.text.main)
    match_data_clear                         0x0800907d   Thumb Code    76  app_flash.o(.text.match_data_clear)
    match_data_del                           0x080090d1   Thumb Code   272  app_flash.o(.text.match_data_del)
    mcu_common_uart_data_unpack              0x080091f9   Thumb Code    68  dri_uart.o(.text.mcu_common_uart_data_unpack)
    motor_current_to_advalue                 0x0800924d   Thumb Code   112  app_adc_1.o(.text.motor_current_to_advalue)
    motor_stop                               0x080092e9   Thumb Code     8  app_motor.o(.text.motor_stop)
    motor_work                               0x080092f1   Thumb Code   216  app_motor.o(.text.motor_work)
    properties_up                            0x080093dd   Thumb Code  2480  app_uart.o(.text.properties_up)
    r_uart0_protocol_init                    0x08009e05   Thumb Code    12  dri_uart.o(.text.r_uart0_protocol_init)
    r_uart0_receive_input                    0x08009e11   Thumb Code    44  dri_uart.o(.text.r_uart0_receive_input)
    r_uart0_send_bytes                       0x08009e49   Thumb Code    56  dri_uart.o(.text.r_uart0_send_bytes)
    r_uart0_service                          0x08009e89   Thumb Code    44  app_uart.o(.text.r_uart0_service)
    read_data                                0x08009ebd   Thumb Code   524  app_flash.o(.text.read_data)
    save_current_position                    0x0800a0fd   Thumb Code    40  app_flash.o(.text.save_current_position)
    save_data                                0x0800a131   Thumb Code    40  app_flash.o(.text.save_data)
    variable_init                            0x0800a161   Thumb Code   104  app_flash.o(.text.variable_init)
    __0snprintf$8                            0x0800a201   Thumb Code    50  printf8.o(i.__0snprintf$8)
    __1snprintf$8                            0x0800a201   Thumb Code     0  printf8.o(i.__0snprintf$8)
    __2snprintf                              0x0800a201   Thumb Code     0  printf8.o(i.__0snprintf$8)
    __ARM_clz                                0x0800a239   Thumb Code    46  depilogue.o(i.__ARM_clz)
    __scatterload_copy                       0x0800a267   Thumb Code    14  handlers.o(i.__scatterload_copy)
    __scatterload_null                       0x0800a275   Thumb Code     2  handlers.o(i.__scatterload_null)
    __scatterload_zeroinit                   0x0800a277   Thumb Code    14  handlers.o(i.__scatterload_zeroinit)
    Bzx1                                     0x0800a710   Data          16  app_buzz.o(.rodata.Bzx1)
    Bzx2                                     0x0800a720   Data          16  app_buzz.o(.rodata.Bzx2)
    Bzx3                                     0x0800a730   Data          16  app_buzz.o(.rodata.Bzx3)
    Bzx4                                     0x0800a740   Data          16  app_buzz.o(.rodata.Bzx4)
    Bzx5                                     0x0800a750   Data          16  app_buzz.o(.rodata.Bzx5)
    Bzx6                                     0x0800a760   Data          16  app_buzz.o(.rodata.Bzx6)
    Bzx7                                     0x0800a770   Data          16  app_buzz.o(.rodata.Bzx7)
    Bzx8                                     0x0800a780   Data          16  app_buzz.o(.rodata.Bzx8)
    LIGHE_COLOR                              0x0800a790   Data           6  app_led.o(.rodata.LIGHE_COLOR)
    Region$$Table$$Base                      0x0800add4   Number         0  anon$$obj.o(Region$$Table)
    Region$$Table$$Limit                     0x0800adf4   Number         0  anon$$obj.o(Region$$Table)
    Buz                                      0x20000000   Data           4  app_buzz.o(.data.Buz)
    Up_Motor_Properties                      0x20000004   Data          20  app_uart.o(.data.Up_Motor_Properties)
    key_fixed                                0x20000018   Data           8  keelop_crc.o(.data.key_fixed)
    ADC_read_buf                             0x20000020   Data          22  app_adc_1.o(.bss.ADC_read_buf)
    ADC_sample_max                           0x20000036   Data           2  app_adc_1.o(.bss.ADC_sample_max)
    ADC_sample_min                           0x20000038   Data           2  app_adc_1.o(.bss.ADC_sample_min)
    ADC_sample_num                           0x2000003a   Data           1  app_adc_1.o(.bss.ADC_sample_num)
    Bzx                                      0x2000003c   Data          48  app_buzz.o(.bss.Bzx)
    Capture_Command                          0x2000006c   Data         300  app_433.o(.bss.Capture_Command)
    Device_State_Data                        0x20000198   Data          40  app_motor.o(.bss.Device_State_Data)
    DutyCycle                                0x200001c0   Data           2  it_433.o(.bss.DutyCycle)
    Ell_Data                                 0x200001c2   Data           8  app_motor.o(.bss.Ell_Data)
    Err                                      0x200001ca   Data           1  app_motor.o(.bss.Err)
    FDL_Block0_Save_Times                    0x200001cb   Data           1  app_flash.o(.bss.FDL_Block0_Save_Times)
    FDL_Block1_Save_Times                    0x200001cc   Data           1  app_flash.o(.bss.FDL_Block1_Save_Times)
    Flag                                     0x200001cd   Data           6  app_433.o(.bss.Flag)
    Flash_Data                               0x200001d4   Data          48  app_433.o(.bss.Flash_Data)
    Frame_length                             0x20000204   Data           2  app_uart.o(.bss.Frame_length)
    Frequency                                0x20000208   Data           4  it_433.o(.bss.Frequency)
    Function_select                          0x2000020c   Data          12  it_adc.o(.bss.Function_select)
    Hlevel                                   0x2000021a   Data           2  it_433.o(.bss.Hlevel)
    Holl_Circle_num                          0x2000021c   Data           1  app_motor.o(.bss.Holl_Circle_num)
    Holl_pulse_temp                          0x2000021e   Data           2  app_motor.o(.bss.Holl_pulse_temp)
    Holl_test_speed_temp                     0x20000220   Data           4  app_motor.o(.bss.Holl_test_speed_temp)
    Led                                      0x20000224   Data           8  app_led.o(.bss.Led)
    Light_colour_temperature_gear            0x2000022c   Data           2  app_led.o(.bss.Light_colour_temperature_gear)
    LowLevelTime                             0x20000230   Data           4  it_433.o(.bss.LowLevelTime)
    Motor_Circle_num                         0x20000234   Data           1  app_motor.o(.bss.Motor_Circle_num)
    Motor_Current                            0x20000238   Data          12  it_adc.o(.bss.Motor_Current)
    Motor_Current_Position_pulse             0x20000244   Data           4  app_motor.o(.bss.Motor_Current_Position_pulse)
    NLF                                      0x2000024c   Data          32  keelop_crc.o(.bss.NLF)
    Net_state                                0x2000026c   Data           1  app_motor.o(.bss.Net_state)
    Overweight_Correct                       0x20000270   Data          16  it_adc.o(.bss.Overweight_Correct)
    PWM_cycle                                0x20000280   Data           2  it_433.o(.bss.PWM_cycle)
    PrescalerValue                           0x20000284   Data           4  dri_timer.o(.bss.PrescalerValue)
    STOP_CMD_Repeat                          0x2000028a   Data           1  app_433.o(.bss.STOP_CMD_Repeat)
    Soft_start_moveA                         0x2000028b   Data           1  app_motor.o(.bss.Soft_start_moveA)
    Study_Cmd_Repeat                         0x2000028c   Data           1  app_433.o(.bss.Study_Cmd_Repeat)
    Synchronous_Count_value                  0x2000028e   Data           6  app_flash.o(.bss.Synchronous_Count_value)
    TIM_ICInitStructure                      0x20000294   Data          20  dri_timer.o(.bss.TIM_ICInitStructure)
    TIM_OCInitStructure                      0x200002a8   Data          32  dri_timer.o(.bss.TIM_OCInitStructure)
    TIM_TimeBaseStructure                    0x200002c8   Data          28  dri_timer.o(.bss.TIM_TimeBaseStructure)
    Time                                     0x200002e4   Data          60  it_433.o(.bss.Time)
    UART_RX_Count                            0x20000320   Data           2  app_uart.o(.bss.UART_RX_Count)
    Up_State_Data                            0x20000322   Data          40  app_motor.o(.bss.Up_State_Data)
    _hour                                    0x2000034a   Data           1  app_uart.o(.bss._hour)
    _key                                     0x20000350   Data           8  keelop_crc.o(.bss._key)
    _min                                     0x20000358   Data           1  app_uart.o(.bss._min)
    adc_conversion_complete                  0x20000359   Data           1  it_adc.o(.bss.adc_conversion_complete)
    adc_value_pa0                            0x2000035a   Data           2  it_adc.o(.bss.adc_value_pa0)
    beep_step                                0x20000360   Data           1  app_buzz.o(.bss.beep_step)
    beep_step_temp                           0x20000361   Data           1  app_buzz.o(.bss.beep_step_temp)
    brightness_target                        0x20000362   Data           2  app_led.o(.bss.brightness_target)
    brightness_temp                          0x20000364   Data           2  app_led.o(.bss.brightness_temp)
    capture_433key                           0x20000368   Data          12  app_433.o(.bss.capture_433key)
    colour_temperature_temp                  0x20000376   Data           2  app_led.o(.bss.colour_temperature_temp)
    conform_motor_obs_num                    0x20000378   Data           1  app_limt.o(.bss.conform_motor_obs_num)
    current_state                            0x20000379   Data           1  app_motor.o(.bss.current_state)
    g_BuzFrzSta                              0x2000037a   Data           1  app_buzz.o(.bss.g_BuzFrzSta)
    g_BuzFrzValue                            0x2000037b   Data           1  app_buzz.o(.bss.g_BuzFrzValue)
    g_DevStatus                              0x2000037c   Data           3  app_uart.o(.bss.g_DevStatus)
    g_MiioRoundFlag                          0x2000037f   Data           1  app_uart.o(.bss.g_MiioRoundFlag)
    g_uart0_tx_count                         0x20000380   Data           2  n32g033_it.o(.bss.g_uart0_tx_count)
    gp_uart0_tx_address                      0x20000384   Data           4  n32g033_it.o(.bss.gp_uart0_tx_address)
    idx                                      0x20000388   Data           1  app_uart.o(.bss.idx)
    light_key_time                           0x2000038a   Data           1  app_led.o(.bss.light_key_time)
    min_data_now                             0x2000038c   Data           4  app_uart.o(.bss.min_data_now)
    min_start_data_flash                     0x20000390   Data           4  app_uart.o(.bss.min_start_data_flash)
    min_stop_data_flash                      0x20000394   Data           4  app_uart.o(.bss.min_stop_data_flash)
    offset_value                             0x20000398   Data           1  app_uart.o(.bss.offset_value)
    over_weight_current                      0x2000039c   Data           4  app_adc_1.o(.bss.over_weight_current)
    queue_in                                 0x200003a0   Data           4  dri_uart.o(.bss.queue_in)
    queue_out                                0x200003a4   Data           4  dri_uart.o(.bss.queue_out)
    send_busy                                0x200003a8   Data           1  n32g033_it.o(.bss.send_busy)
    set_down_limit_value                     0x200003aa   Data           2  app_motor.o(.bss.set_down_limit_value)
    set_position_pulse                       0x200003ac   Data           2  app_motor.o(.bss.set_position_pulse)
    set_up_limit_value                       0x200003ae   Data           2  app_motor.o(.bss.set_up_limit_value)
    step_value                               0x200003b0   Data           1  app_led.o(.bss.step_value)
    uart0_queue_buf                          0x200003b1   Data         256  dri_uart.o(.bss.uart0_queue_buf)
    uart1_rx_buf                             0x200004b1   Data         256  dri_uart.o(.bss.uart1_rx_buf)
    uart1_tx_buf                             0x200005b1   Data         256  dri_uart.o(.bss.uart1_tx_buf)
    __initial_sp                             0x20000ab8   Data           0  startup_n32g033.o(STACK)



==============================================================================

Memory Map of the image

  Image Entry point : 0x08003095

  Load Region LR_IROM1 (Base: 0x08003000, Size: 0x00007e18, Max: 0x00010000, ABSOLUTE)

    Execution Region ER_IROM1 (Exec base: 0x08003000, Load base: 0x08003000, Size: 0x00007df4, Max: 0x00010000, ABSOLUTE)

    Exec Addr    Load Addr    Size         Type   Attr      Idx    E Section Name        Object

    0x08003000   0x08003000   0x00000094   Data   RO            3    RESET               startup_n32g033.o
    0x08003094   0x08003094   0x00000000   Code   RO         1628  * .ARM.Collect$$$$00000000  mc_p.l(entry.o)
    0x08003094   0x08003094   0x00000004   Code   RO         1938    .ARM.Collect$$$$00000001  mc_p.l(entry2.o)
    0x08003098   0x08003098   0x00000004   Code   RO         1941    .ARM.Collect$$$$00000004  mc_p.l(entry5.o)
    0x0800309c   0x0800309c   0x00000000   Code   RO         1943    .ARM.Collect$$$$00000008  mc_p.l(entry7b.o)
    0x0800309c   0x0800309c   0x00000000   Code   RO         1945    .ARM.Collect$$$$0000000A  mc_p.l(entry8b.o)
    0x0800309c   0x0800309c   0x00000008   Code   RO         1946    .ARM.Collect$$$$0000000B  mc_p.l(entry9a.o)
    0x080030a4   0x080030a4   0x00000000   Code   RO         1948    .ARM.Collect$$$$0000000D  mc_p.l(entry10a.o)
    0x080030a4   0x080030a4   0x00000000   Code   RO         1950    .ARM.Collect$$$$0000000F  mc_p.l(entry11a.o)
    0x080030a4   0x080030a4   0x00000004   Code   RO         1939    .ARM.Collect$$$$00002712  mc_p.l(entry2.o)
    0x080030a8   0x080030a8   0x0000001c   Code   RO            4    .text               startup_n32g033.o
    0x080030c4   0x080030c4   0x00000024   Code   RO         1645    .text               mc_p.l(memseta.o)
    0x080030e8   0x080030e8   0x0000000e   Code   RO         1647    .text               mc_p.l(strlen.o)
    0x080030f6   0x080030f6   0x00000000   Code   RO         1969    .text               mc_p.l(iusefp.o)
    0x080030f6   0x080030f6   0x00000008   Code   RO           81    .text.ADC_ClockModeConfig  n32g033_adc.o
    0x080030fe   0x080030fe   0x00000002   Code   RO         1294    .text.HardFault_Handler  n32g033_it.o
    0x08003100   0x08003100   0x00000002   Data   RO         1112    .ARM.__at_0x08003100  main.o
    0x08003102   0x08003102   0x00000040   Code   RO         1643    .text               mc_p.l(memmovea.o)
    0x08003142   0x08003142   0x0000001a   Code   RO         1649    .text               mc_p.l(memcmp.o)
    0x0800315c   0x0800315c   0x000000b2   Code   RO         1916    .text               mf_p.l(fadd.o)
    0x0800320e   0x0800320e   0x0000007a   Code   RO         1918    .text               mf_p.l(fmul.o)
    0x08003288   0x08003288   0x0000007c   Code   RO         1920    .text               mf_p.l(fdiv.o)
    0x08003304   0x08003304   0x00000164   Code   RO         1922    .text               mf_p.l(dadd.o)
    0x08003468   0x08003468   0x000000d0   Code   RO         1924    .text               mf_p.l(dmul.o)
    0x08003538   0x08003538   0x000000f0   Code   RO         1926    .text               mf_p.l(ddiv.o)
    0x08003628   0x08003628   0x0000000e   Code   RO         1928    .text               mf_p.l(ffltui.o)
    0x08003636   0x08003636   0x00000002   PAD
    0x08003638   0x08003638   0x00000028   Code   RO         1930    .text               mf_p.l(dflti.o)
    0x08003660   0x08003660   0x00000032   Code   RO         1932    .text               mf_p.l(ffixi.o)
    0x08003692   0x08003692   0x00000002   PAD
    0x08003694   0x08003694   0x00000048   Code   RO         1934    .text               mf_p.l(dfixi.o)
    0x080036dc   0x080036dc   0x00000028   Code   RO         1936    .text               mf_p.l(f2d.o)
    0x08003704   0x08003704   0x0000003e   Code   RO         1955    .text               mc_p.l(uidiv_div0.o)
    0x08003742   0x08003742   0x00000002   PAD
    0x08003744   0x08003744   0x00000050   Code   RO         1957    .text               mc_p.l(idiv_div0.o)
    0x08003794   0x08003794   0x00000060   Code   RO         1961    .text               mc_p.l(uldiv.o)
    0x080037f4   0x080037f4   0x00000020   Code   RO         1963    .text               mc_p.l(llshl.o)
    0x08003814   0x08003814   0x00000022   Code   RO         1965    .text               mc_p.l(llushr.o)
    0x08003836   0x08003836   0x00000026   Code   RO         1967    .text               mc_p.l(llsshr.o)
    0x0800385c   0x0800385c   0x00000082   Code   RO         1970    .text               mf_p.l(fepilogue.o)
    0x080038de   0x080038de   0x000000be   Code   RO         1972    .text               mf_p.l(depilogue.o)
    0x0800399c   0x0800399c   0x00000030   Code   RO         1980    .text               mc_p.l(init.o)
    0x080039cc   0x080039cc   0x00000010   Code   RO           67    .text.ADC_ClearFlag  n32g033_adc.o
    0x080039dc   0x080039dc   0x00000008   Code   RO           71    .text.ADC_ClearIntPendingBit  n32g033_adc.o
    0x080039e4   0x080039e4   0x00000018   Code   RO           47    .text.ADC_ConfigInt  n32g033_adc.o
    0x080039fc   0x080039fc   0x00000088   Code   RO           73    .text.ADC_ConfigRegularChannel  n32g033_adc.o
    0x08003a84   0x08003a84   0x00000014   Code   RO           45    .text.ADC_Enable    n32g033_adc.o
    0x08003a98   0x08003a98   0x00000018   Code   RO           85    .text.ADC_EnableChannelStartConv  n32g033_adc.o
    0x08003ab0   0x08003ab0   0x0000001c   Code   RO           49    .text.ADC_EnableSoftwareTrig  n32g033_adc.o
    0x08003acc   0x08003acc   0x0000000c   Code   RO           65    .text.ADC_GetFlagStatus  n32g033_adc.o
    0x08003ad8   0x08003ad8   0x0000000c   Code   RO           59    .text.ADC_GetGroupConvDat  n32g033_adc.o
    0x08003ae4   0x08003ae4   0x00000010   Code   RO           69    .text.ADC_GetIntStatus  n32g033_adc.o
    0x08003af4   0x08003af4   0x00000008   Code   RO         1310    .text.ADC_IRQHandler  n32g033_it.o
    0x08003afc   0x08003afc   0x000000bc   Code   RO           41    .text.ADC_Init      n32g033_adc.o
    0x08003bb8   0x08003bb8   0x00000098   Code   RO         1122    .text.ADC_Initial   dri_adc.o
    0x08003c50   0x08003c50   0x00000028   Code   RO         1124    .text.ADC_StartConversion  dri_adc.o
    0x08003c78   0x08003c78   0x000001dc   Code   RO         1371    .text.Action_deal   app_uart.o
    0x08003e54   0x08003e54   0x000000bc   Code   RO         1365    .text.BootLoardDeal  app_uart.o
    0x08003f10   0x08003f10   0x000000d4   Code   RO         1443    .text.CmdBzhx       app_buzz.o
    0x08003fe4   0x08003fe4   0x000000b0   Code   RO         1578    .text.Cmd_Light     app_led.o
    0x08004094   0x08004094   0x000000bc   Code   RO         1470    .text.Cmd_Motor_Down  app_motor.o
    0x08004150   0x08004150   0x0000005c   Code   RO         1472    .text.Cmd_Motor_Stop  app_motor.o
    0x080041ac   0x080041ac   0x000000d8   Code   RO         1484    .text.Cmd_Motor_Up  app_motor.o
    0x08004284   0x08004284   0x00000008   Code   RO         1314    .text.EXTI0_6_IRQHandler  n32g033_it.o
    0x0800428c   0x0800428c   0x00000008   Code   RO          199    .text.EXTI_ClrITPendBit  n32g033_exti.o
    0x08004294   0x08004294   0x00000008   Code   RO          195    .text.EXTI_ClrStatusFlag  n32g033_exti.o
    0x0800429c   0x0800429c   0x0000001c   Code   RO          197    .text.EXTI_GetITStatus  n32g033_exti.o
    0x080042b8   0x080042b8   0x00000010   Code   RO          193    .text.EXTI_GetStatusFlag  n32g033_exti.o
    0x080042c8   0x080042c8   0x00000060   Code   RO          187    .text.EXTI_InitPeripheral  n32g033_exti.o
    0x08004328   0x08004328   0x00000064   Code   RO          225    .text.FLASH_EraseOnePage  n32g033_flash.o
    0x0800438c   0x0800438c   0x0000000c   Code   RO          215    .text.FLASH_Lock    n32g033_flash.o
    0x08004398   0x08004398   0x00000048   Code   RO          233    .text.FLASH_ProgramWord  n32g033_flash.o
    0x080043e0   0x080043e0   0x00000018   Code   RO          213    .text.FLASH_Unlock  n32g033_flash.o
    0x080043f8   0x080043f8   0x00000058   Code   RO          229    .text.FLASH_WaitForLastOpt  n32g033_flash.o
    0x08004450   0x08004450   0x000000a8   Code   RO         1138    .text.Flash_WriteStruct  dri_flash.o
    0x080044f8   0x080044f8   0x00000090   Code   RO          323    .text.GPIO_ConfigEXTILine  n32g033_gpio.o
    0x08004588   0x08004588   0x00000100   Code   RO         1156    .text.GPIO_Configuration  dri_gpio.o
    0x08004688   0x08004688   0x000000cc   Code   RO          297    .text.GPIO_InitPeripheral  n32g033_gpio.o
    0x08004754   0x08004754   0x00000014   Code   RO          299    .text.GPIO_InitStruct  n32g033_gpio.o
    0x08004768   0x08004768   0x0000000a   Code   RO          301    .text.GPIO_ReadInputDataBit  n32g033_gpio.o
    0x08004772   0x08004772   0x00000004   Code   RO          313    .text.GPIO_ResetBits  n32g033_gpio.o
    0x08004776   0x08004776   0x00000004   Code   RO          309    .text.GPIO_SetBits  n32g033_gpio.o
    0x0800477a   0x0800477a   0x00000002   PAD
    0x0800477c   0x0800477c   0x0000009c   Code   RO         1344    .text.HAL_ADC_IRQHandler_BACK  it_adc.o
    0x08004818   0x08004818   0x00000104   Code   RO         1334    .text.HAL_EXIT_IRQHandler_BACK  it_exit.o
    0x0800491c   0x0800491c   0x00000080   Code   RO         1270    .text.HAL_TIM1_CC_IRQHandler_BACK  it_433.o
    0x0800499c   0x0800499c   0x00000298   Code   RO         1284    .text.HAL_TIM_CNT_IRQHandler_BACK  it_timer.o
    0x08004c34   0x08004c34   0x00000050   Code   RO         1160    .text.HOLLInputExtiInit  dri_gpio.o
    0x08004c84   0x08004c84   0x00000010   Code   RO          495    .text.IWDG_ReloadKey  n32g033_iwdg.o
    0x08004c94   0x08004c94   0x000000bc   Code   RO         1381    .text.Judge_Nightlight_Mode  app_uart.o
    0x08004d50   0x08004d50   0x00000034   Code   RO         1257    .text.Keelop_KEY    keelop_crc.o
    0x08004d84   0x08004d84   0x00000054   Code   RO         1158    .text.KeyInputExtiInit  dri_gpio.o
    0x08004dd8   0x08004dd8   0x0000017c   Code   RO         1373    .text.Model_Net_Change  app_uart.o
    0x08004f54   0x08004f54   0x000001a4   Code   RO         1379    .text.ModuleResetReq  app_uart.o
    0x080050f8   0x080050f8   0x000001d8   Code   RO         1488    .text.Motor_speed   app_motor.o
    0x080052d0   0x080052d0   0x00000002   Code   RO         1292    .text.NMI_Handler   n32g033_it.o
    0x080052d2   0x080052d2   0x00000002   PAD
    0x080052d4   0x080052d4   0x0000006c   Code   RO         1110    .text.NVIC_Configuration  main.o
    0x08005340   0x08005340   0x00000078   Code   RO           27    .text.NVIC_Init     misc.o
    0x080053b8   0x080053b8   0x00000098   Code   RO         1318    .text.PVD_IRQHandler  n32g033_it.o
    0x08005450   0x08005450   0x00000044   Code   RO         1234    .text.PVD_Init      dri_pvd.o
    0x08005494   0x08005494   0x00000010   Code   RO          545    .text.PWR_PVDLevelConfig  n32g033_pwr.o
    0x080054a4   0x080054a4   0x0000001c   Code   RO          541    .text.PWR_PvdEnable  n32g033_pwr.o
    0x080054c0   0x080054c0   0x0000006c   Code   RO         1363    .text.PowerOn_ModelSet  app_uart.o
    0x0800552c   0x0800552c   0x00000034   Code   RO         1212    .text.Queue_Read_Byte  dri_uart.o
    0x08005560   0x08005560   0x00000014   Code   RO          593    .text.RCC_ConfigAdcHclk  n32g033_rcc.o
    0x08005574   0x08005574   0x00000036   Code   RO         1108    .text.RCC_Configuration  main.o
    0x080055aa   0x080055aa   0x00000002   PAD
    0x080055ac   0x080055ac   0x00000018   Code   RO          597    .text.RCC_EnableAHBPeriphClk  n32g033_rcc.o
    0x080055c4   0x080055c4   0x00000018   Code   RO          599    .text.RCC_EnableAPBPeriphClk  n32g033_rcc.o
    0x080055dc   0x080055dc   0x00000070   Code   RO          595    .text.RCC_GetClocksFreqValue  n32g033_rcc.o
    0x0800564c   0x0800564c   0x000000cc   Code   RO         1255    .text.RF_DEC        keelop_crc.o
    0x08005718   0x08005718   0x00000034   Code   RO         1136    .text.Read_FLASH_MUIData  dri_flash.o
    0x0800574c   0x0800574c   0x00000188   Code   RO         1417    .text.Record_PulseWidth  app_433.o
    0x080058d4   0x080058d4   0x00000af4   Code   RO         1367    .text.Return_Properties  app_uart.o
    0x080063c8   0x080063c8   0x000001d8   Code   RO         1383    .text.Run_to_position  app_uart.o
    0x080065a0   0x080065a0   0x00000002   Code   RO         1302    .text.SVC_Handler   n32g033_it.o
    0x080065a2   0x080065a2   0x00000002   PAD
    0x080065a4   0x080065a4   0x000009e4   Code   RO         1369    .text.Set_Properties  app_uart.o
    0x08006f88   0x08006f88   0x000000b8   Code   RO         1441    .text.SetupBzhx     app_buzz.o
    0x08007040   0x08007040   0x00000002   Code   RO         1306    .text.SysTick_Handler  n32g033_it.o
    0x08007042   0x08007042   0x00000002   PAD
    0x08007044   0x08007044   0x0000008c   Code   RO           13    .text.SystemInit    system_n32g033.o
    0x080070d0   0x080070d0   0x00000008   Code   RO         1308    .text.TIM1_CC_IRQHandler  n32g033_it.o
    0x080070d8   0x080070d8   0x00000080   Code   RO         1178    .text.TIM1_Input_433  dri_timer.o
    0x08007158   0x08007158   0x000000ac   Code   RO         1172    .text.TIM3_PWM_LED  dri_timer.o
    0x08007204   0x08007204   0x00000074   Code   RO         1174    .text.TIM3_PWM_MOTOR  dri_timer.o
    0x08007278   0x08007278   0x00000088   Code   RO         1176    .text.TIM4_PWM_BUZZ  dri_timer.o
    0x08007300   0x08007300   0x0000003c   Code   RO         1312    .text.TIM6_IRQHandler  n32g033_it.o
    0x0800733c   0x0800733c   0x000000b0   Code   RO         1000    .text.TIM_ClrIntPendingBit  n32g033_tim.o
    0x080073ec   0x080073ec   0x00000014   Code   RO          840    .text.TIM_ConfigArPreload  n32g033_tim.o
    0x08007400   0x08007400   0x00000012   Code   RO          796    .text.TIM_ConfigInt  n32g033_tim.o
    0x08007412   0x08007412   0x0000000c   Code   RO          848    .text.TIM_ConfigOc1Preload  n32g033_tim.o
    0x0800741e   0x0800741e   0x00000010   Code   RO          850    .text.TIM_ConfigOc2Preload  n32g033_tim.o
    0x0800742e   0x0800742e   0x0000000c   Code   RO          852    .text.TIM_ConfigOc3Preload  n32g033_tim.o
    0x0800743a   0x0800743a   0x00000010   Code   RO          854    .text.TIM_ConfigOc4Preload  n32g033_tim.o
    0x0800744a   0x0800744a   0x00000006   Code   RO          818    .text.TIM_ConfigPrescaler  n32g033_tim.o
    0x08007450   0x08007450   0x00000104   Code   RO          774    .text.TIM_ConfigPwmIc  n32g033_tim.o
    0x08007554   0x08007554   0x00000058   Code   RO         1180    .text.TIM_Configuration  dri_timer.o
    0x080075ac   0x080075ac   0x00000010   Code   RO          792    .text.TIM_Enable    n32g033_tim.o
    0x080075bc   0x080075bc   0x00000014   Code   RO          794    .text.TIM_EnableCtrlPwmOutputs  n32g033_tim.o
    0x080075d0   0x080075d0   0x00000018   Code   RO          964    .text.TIM_GetCap1   n32g033_tim.o
    0x080075e8   0x080075e8   0x0000001c   Code   RO          966    .text.TIM_GetCap2   n32g033_tim.o
    0x08007604   0x08007604   0x00000078   Code   RO          998    .text.TIM_GetIntStatus  n32g033_tim.o
    0x0800767c   0x0800767c   0x00000010   Code   RO          788    .text.TIM_InitIcStruct  n32g033_tim.o
    0x0800768c   0x0800768c   0x00000064   Code   RO          742    .text.TIM_InitOc1   n32g033_tim.o
    0x080076f0   0x080076f0   0x00000068   Code   RO          744    .text.TIM_InitOc2   n32g033_tim.o
    0x08007758   0x08007758   0x0000007c   Code   RO          746    .text.TIM_InitOc3   n32g033_tim.o
    0x080077d4   0x080077d4   0x00000080   Code   RO          748    .text.TIM_InitOc4   n32g033_tim.o
    0x08007854   0x08007854   0x0000000a   Code   RO          786    .text.TIM_InitOcStruct  n32g033_tim.o
    0x0800785e   0x0800785e   0x00000014   Code   RO          784    .text.TIM_InitTimBaseStruct  n32g033_tim.o
    0x08007872   0x08007872   0x00000002   PAD
    0x08007874   0x08007874   0x0000006c   Code   RO          740    .text.TIM_InitTimeBase  n32g033_tim.o
    0x080078e0   0x080078e0   0x0000000c   Code   RO          808    .text.TIM_SelectInputTrig  n32g033_tim.o
    0x080078ec   0x080078ec   0x00000012   Code   RO          934    .text.TIM_SelectMasterSlaveMode  n32g033_tim.o
    0x080078fe   0x080078fe   0x00000010   Code   RO          932    .text.TIM_SelectSlaveMode  n32g033_tim.o
    0x0800790e   0x0800790e   0x00000002   PAD
    0x08007910   0x08007910   0x0000001c   Code   RO          940    .text.TIM_SetCmp1   n32g033_tim.o
    0x0800792c   0x0800792c   0x0000001c   Code   RO          942    .text.TIM_SetCmp2   n32g033_tim.o
    0x08007948   0x08007948   0x00000024   Code   RO          944    .text.TIM_SetCmp3   n32g033_tim.o
    0x0800796c   0x0800796c   0x00000010   Code   RO          946    .text.TIM_SetCmp4   n32g033_tim.o
    0x0800797c   0x0800797c   0x00000078   Code   RO         1316    .text.UART1_IRQHandler  n32g033_it.o
    0x080079f4   0x080079f4   0x00000006   Code   RO         1076    .text.UART_ClrFlag  n32g033_uart.o
    0x080079fa   0x080079fa   0x00000002   PAD
    0x080079fc   0x080079fc   0x0000002c   Code   RO         1046    .text.UART_ConfigInt  n32g033_uart.o
    0x08007a28   0x08007a28   0x00000010   Code   RO         1044    .text.UART_Enable   n32g033_uart.o
    0x08007a38   0x08007a38   0x0000000a   Code   RO         1074    .text.UART_GetFlagStatus  n32g033_uart.o
    0x08007a42   0x08007a42   0x00000002   PAD
    0x08007a44   0x08007a44   0x00000098   Code   RO         1040    .text.UART_Init     n32g033_uart.o
    0x08007adc   0x08007adc   0x00000008   Code   RO         1062    .text.UART_ReceiveData  n32g033_uart.o
    0x08007ae4   0x08007ae4   0x0000000c   Code   RO         1060    .text.UART_SendData  n32g033_uart.o
    0x08007af0   0x08007af0   0x000001b0   Code   RO         1375    .text._150ms_work   app_uart.o
    0x08007ca0   0x08007ca0   0x0000004c   Code   RO         1614    .text._220AC_Power_down_save  app_flash.o
    0x08007cec   0x08007cec   0x000005c8   Code   RO         1521    .text.alarm_signal_test_and_beep  app_limt.o
    0x080082b4   0x080082b4   0x000001bc   Code   RO         1419    .text.analysis_capture_command  app_433.o
    0x08008470   0x08008470   0x0000034c   Code   RO         1421    .text.capture_433key_judge_answer  app_433.o
    0x080087bc   0x080087bc   0x0000020c   Code   RO         1361    .text.data_handle   app_uart.o
    0x080089c8   0x080089c8   0x00000018   Code   RO         1210    .text.get_queue_total_data  dri_uart.o
    0x080089e0   0x080089e0   0x000000bc   Code   RO         1415    .text.judge_remote_control  app_433.o
    0x08008a9c   0x08008a9c   0x00000240   Code   RO         1580    .text.light_work    app_led.o
    0x08008cdc   0x08008cdc   0x000001d4   Code   RO         1523    .text.limit_protect  app_limt.o
    0x08008eb0   0x08008eb0   0x00000080   Code   RO         1202    .text.log_init      dri_uart.o
    0x08008f30   0x08008f30   0x0000014c   Code   RO         1106    .text.main          main.o
    0x0800907c   0x0800907c   0x00000054   Code   RO         1610    .text.match_data_clear  app_flash.o
    0x080090d0   0x080090d0   0x00000128   Code   RO         1612    .text.match_data_del  app_flash.o
    0x080091f8   0x080091f8   0x00000054   Code   RO         1208    .text.mcu_common_uart_data_unpack  dri_uart.o
    0x0800924c   0x0800924c   0x0000009c   Code   RO         1541    .text.motor_current_to_advalue  app_adc_1.o
    0x080092e8   0x080092e8   0x00000008   Code   RO         1474    .text.motor_stop    app_motor.o
    0x080092f0   0x080092f0   0x000000ec   Code   RO         1482    .text.motor_work    app_motor.o
    0x080093dc   0x080093dc   0x00000a28   Code   RO         1377    .text.properties_up  app_uart.o
    0x08009e04   0x08009e04   0x0000000c   Code   RO         1206    .text.r_uart0_protocol_init  dri_uart.o
    0x08009e10   0x08009e10   0x00000038   Code   RO         1216    .text.r_uart0_receive_input  dri_uart.o
    0x08009e48   0x08009e48   0x00000040   Code   RO         1214    .text.r_uart0_send_bytes  dri_uart.o
    0x08009e88   0x08009e88   0x00000034   Code   RO         1359    .text.r_uart0_service  app_uart.o
    0x08009ebc   0x08009ebc   0x00000240   Code   RO         1604    .text.read_data     app_flash.o
    0x0800a0fc   0x0800a0fc   0x00000034   Code   RO         1608    .text.save_current_position  app_flash.o
    0x0800a130   0x0800a130   0x00000030   Code   RO         1606    .text.save_data     app_flash.o
    0x0800a160   0x0800a160   0x000000a0   Code   RO         1616    .text.variable_init  app_flash.o
    0x0800a200   0x0800a200   0x00000038   Code   RO         1863    i.__0snprintf$8     mc_p.l(printf8.o)
    0x0800a238   0x0800a238   0x0000002e   Code   RO         1974    i.__ARM_clz         mf_p.l(depilogue.o)
    0x0800a266   0x0800a266   0x0000000e   Code   RO         1984    i.__scatterload_copy  mc_p.l(handlers.o)
    0x0800a274   0x0800a274   0x00000002   Code   RO         1985    i.__scatterload_null  mc_p.l(handlers.o)
    0x0800a276   0x0800a276   0x0000000e   Code   RO         1986    i.__scatterload_zeroinit  mc_p.l(handlers.o)
    0x0800a284   0x0800a284   0x00000428   Code   RO         1869    i._printf_core      mc_p.l(printf8.o)
    0x0800a6ac   0x0800a6ac   0x00000020   Code   RO         1870    i._printf_post_padding  mc_p.l(printf8.o)
    0x0800a6cc   0x0800a6cc   0x0000002c   Code   RO         1871    i._printf_pre_padding  mc_p.l(printf8.o)
    0x0800a6f8   0x0800a6f8   0x00000016   Code   RO         1872    i._snputc           mc_p.l(printf8.o)
    0x0800a70e   0x0800a70e   0x00000002   PAD
    0x0800a710   0x0800a710   0x00000010   Data   RO         1446    .rodata.Bzx1        app_buzz.o
    0x0800a720   0x0800a720   0x00000010   Data   RO         1447    .rodata.Bzx2        app_buzz.o
    0x0800a730   0x0800a730   0x00000010   Data   RO         1448    .rodata.Bzx3        app_buzz.o
    0x0800a740   0x0800a740   0x00000010   Data   RO         1449    .rodata.Bzx4        app_buzz.o
    0x0800a750   0x0800a750   0x00000010   Data   RO         1450    .rodata.Bzx5        app_buzz.o
    0x0800a760   0x0800a760   0x00000010   Data   RO         1451    .rodata.Bzx6        app_buzz.o
    0x0800a770   0x0800a770   0x00000010   Data   RO         1452    .rodata.Bzx7        app_buzz.o
    0x0800a780   0x0800a780   0x00000010   Data   RO         1453    .rodata.Bzx8        app_buzz.o
    0x0800a790   0x0800a790   0x00000006   Data   RO         1586    .rodata.LIGHE_COLOR  app_led.o
    0x0800a796   0x0800a796   0x00000010   Data   RO          653    .rodata.cst16       n32g033_rcc.o
    0x0800a7a6   0x0800a7a6   0x000000ca   Data   RO         1502    .rodata.sinPwmTable  app_motor.o
    0x0800a870   0x0800a870   0x0000036d   Data   RO         1396    .rodata.str1.1      app_uart.o
    0x0800abdd   0x0800abdd   0x00000003   PAD
    0x0800abe0   0x0800abe0   0x000001f3   Data   RO         1398    .rodata.str1.4      app_uart.o
    0x0800add3   0x0800add3   0x00000001   PAD
    0x0800add4   0x0800add4   0x00000020   Data   RO         1983    Region$$Table       anon$$obj.o


    Execution Region RW_IRAM1 (Exec base: 0x20000000, Load base: 0x0800adf8, Size: 0x00000ab8, Max: 0x00001800, ABSOLUTE)

    Exec Addr    Load Addr    Size         Type   Attr      Idx    E Section Name        Object

    0x20000000   0x0800adf8   0x00000004   Data   RW         1461    .data.Buz           app_buzz.o
    0x20000004   0x0800adfc   0x00000014   Data   RW         1397    .data.Up_Motor_Properties  app_uart.o
    0x20000018   0x0800ae10   0x00000008   Data   RW         1259    .data.key_fixed     keelop_crc.o
    0x20000020        -       0x00000016   Zero   RW         1566    .bss.ADC_read_buf   app_adc_1.o
    0x20000036        -       0x00000002   Zero   RW         1558    .bss.ADC_sample_max  app_adc_1.o
    0x20000038        -       0x00000002   Zero   RW         1559    .bss.ADC_sample_min  app_adc_1.o
    0x2000003a        -       0x00000001   Zero   RW         1546    .bss.ADC_sample_num  app_adc_1.o
    0x2000003b   0x0800ae18   0x00000001   PAD
    0x2000003c        -       0x00000030   Zero   RW         1460    .bss.Bzx            app_buzz.o
    0x2000006c        -       0x0000012c   Zero   RW         1425    .bss.Capture_Command  app_433.o
    0x20000198        -       0x00000028   Zero   RW         1494    .bss.Device_State_Data  app_motor.o
    0x200001c0        -       0x00000002   Zero   RW         1273    .bss.DutyCycle      it_433.o
    0x200001c2        -       0x00000008   Zero   RW         1492    .bss.Ell_Data       app_motor.o
    0x200001ca        -       0x00000001   Zero   RW         1490    .bss.Err            app_motor.o
    0x200001cb        -       0x00000001   Zero   RW         1618    .bss.FDL_Block0_Save_Times  app_flash.o
    0x200001cc        -       0x00000001   Zero   RW         1619    .bss.FDL_Block1_Save_Times  app_flash.o
    0x200001cd        -       0x00000006   Zero   RW         1427    .bss.Flag           app_433.o
    0x200001d3   0x0800ae18   0x00000001   PAD
    0x200001d4        -       0x00000030   Zero   RW         1424    .bss.Flash_Data     app_433.o
    0x20000204        -       0x00000002   Zero   RW         1390    .bss.Frame_length   app_uart.o
    0x20000206   0x0800ae18   0x00000002   PAD
    0x20000208        -       0x00000004   Zero   RW         1274    .bss.Frequency      it_433.o
    0x2000020c        -       0x0000000c   Zero   RW         1351    .bss.Function_select  it_adc.o
    0x20000218        -       0x00000001   Zero   RW         1337    .bss.HAL_EXIT_IRQHandler_BACK.down_pluse_flag  it_exit.o
    0x20000219        -       0x00000001   Zero   RW         1336    .bss.HAL_EXIT_IRQHandler_BACK.temp_level  it_exit.o
    0x2000021a        -       0x00000002   Zero   RW         1275    .bss.Hlevel         it_433.o
    0x2000021c        -       0x00000001   Zero   RW         1505    .bss.Holl_Circle_num  app_motor.o
    0x2000021d   0x0800ae18   0x00000001   PAD
    0x2000021e        -       0x00000002   Zero   RW         1496    .bss.Holl_pulse_temp  app_motor.o
    0x20000220        -       0x00000004   Zero   RW         1508    .bss.Holl_test_speed_temp  app_motor.o
    0x20000224        -       0x00000008   Zero   RW         1591    .bss.Led            app_led.o
    0x2000022c        -       0x00000002   Zero   RW         1584    .bss.Light_colour_temperature_gear  app_led.o
    0x2000022e   0x0800ae18   0x00000002   PAD
    0x20000230        -       0x00000004   Zero   RW         1276    .bss.LowLevelTime   it_433.o
    0x20000234        -       0x00000001   Zero   RW         1506    .bss.Motor_Circle_num  app_motor.o
    0x20000235   0x0800ae18   0x00000003   PAD
    0x20000238        -       0x0000000c   Zero   RW         1349    .bss.Motor_Current  it_adc.o
    0x20000244        -       0x00000004   Zero   RW         1507    .bss.Motor_Current_Position_pulse  app_motor.o
    0x20000248        -       0x00000001   Zero   RW         1501    .bss.Motor_speed.pwmModeActive  app_motor.o
    0x20000249   0x0800ae18   0x00000001   PAD
    0x2000024a        -       0x00000002   Zero   RW         1500    .bss.Motor_speed.stepCounter  app_motor.o
    0x2000024c        -       0x00000020   Zero   RW         1260    .bss.NLF            keelop_crc.o
    0x2000026c        -       0x00000001   Zero   RW         1509    .bss.Net_state      app_motor.o
    0x2000026d   0x0800ae18   0x00000003   PAD
    0x20000270        -       0x00000010   Zero   RW         1350    .bss.Overweight_Correct  it_adc.o
    0x20000280        -       0x00000002   Zero   RW         1272    .bss.PWM_cycle      it_433.o
    0x20000282   0x0800ae18   0x00000002   PAD
    0x20000284        -       0x00000004   Zero   RW         1190    .bss.PrescalerValue  dri_timer.o
    0x20000288        -       0x00000002   Zero   RW         1426    .bss.Record_PulseWidth.real_tau0_ch7_width  app_433.o
    0x2000028a        -       0x00000001   Zero   RW         1430    .bss.STOP_CMD_Repeat  app_433.o
    0x2000028b        -       0x00000001   Zero   RW         1495    .bss.Soft_start_moveA  app_motor.o
    0x2000028c        -       0x00000001   Zero   RW         1429    .bss.Study_Cmd_Repeat  app_433.o
    0x2000028d   0x0800ae18   0x00000001   PAD
    0x2000028e        -       0x00000006   Zero   RW         1620    .bss.Synchronous_Count_value  app_flash.o
    0x20000294        -       0x00000014   Zero   RW         1193    .bss.TIM_ICInitStructure  dri_timer.o
    0x200002a8        -       0x00000020   Zero   RW         1192    .bss.TIM_OCInitStructure  dri_timer.o
    0x200002c8        -       0x0000001c   Zero   RW         1191    .bss.TIM_TimeBaseStructure  dri_timer.o
    0x200002e4        -       0x0000003c   Zero   RW         1277    .bss.Time           it_433.o
    0x20000320        -       0x00000002   Zero   RW         1389    .bss.UART_RX_Count  app_uart.o
    0x20000322        -       0x00000028   Zero   RW         1491    .bss.Up_State_Data  app_motor.o
    0x2000034a        -       0x00000001   Zero   RW         1401    .bss._hour          app_uart.o
    0x2000034b   0x0800ae18   0x00000005   PAD
    0x20000350        -       0x00000008   Zero   RW         1261    .bss._key           keelop_crc.o
    0x20000358        -       0x00000001   Zero   RW         1402    .bss._min           app_uart.o
    0x20000359        -       0x00000001   Zero   RW         1348    .bss.adc_conversion_complete  it_adc.o
    0x2000035a        -       0x00000002   Zero   RW         1347    .bss.adc_value_pa0  it_adc.o
    0x2000035c        -       0x00000001   Zero   RW         1525    .bss.alarm_signal_test_and_beep._10ms_step  app_limt.o
    0x2000035d   0x0800ae18   0x00000001   PAD
    0x2000035e        -       0x00000002   Zero   RW         1526    .bss.alarm_signal_test_and_beep.sum  app_limt.o
    0x20000360        -       0x00000001   Zero   RW         1458    .bss.beep_step      app_buzz.o
    0x20000361        -       0x00000001   Zero   RW         1459    .bss.beep_step_temp  app_buzz.o
    0x20000362        -       0x00000002   Zero   RW         1588    .bss.brightness_target  app_led.o
    0x20000364        -       0x00000002   Zero   RW         1589    .bss.brightness_temp  app_led.o
    0x20000366   0x0800ae18   0x00000002   PAD
    0x20000368        -       0x0000000c   Zero   RW         1432    .bss.capture_433key  app_433.o
    0x20000374        -       0x00000002   Zero   RW         1428    .bss.capture_433key_judge_answer.Capture_433KEY_LONG_TICKS  app_433.o
    0x20000376        -       0x00000002   Zero   RW         1585    .bss.colour_temperature_temp  app_led.o
    0x20000378        -       0x00000001   Zero   RW         1527    .bss.conform_motor_obs_num  app_limt.o
    0x20000379        -       0x00000001   Zero   RW         1498    .bss.current_state  app_motor.o
    0x2000037a        -       0x00000001   Zero   RW         1456    .bss.g_BuzFrzSta    app_buzz.o
    0x2000037b        -       0x00000001   Zero   RW         1457    .bss.g_BuzFrzValue  app_buzz.o
    0x2000037c        -       0x00000003   Zero   RW         1395    .bss.g_DevStatus    app_uart.o
    0x2000037f        -       0x00000001   Zero   RW         1393    .bss.g_MiioRoundFlag  app_uart.o
    0x20000380        -       0x00000002   Zero   RW         1321    .bss.g_uart0_tx_count  n32g033_it.o
    0x20000382   0x0800ae18   0x00000002   PAD
    0x20000384        -       0x00000004   Zero   RW         1322    .bss.gp_uart0_tx_address  n32g033_it.o
    0x20000388        -       0x00000001   Zero   RW         1391    .bss.idx            app_uart.o
    0x20000389        -       0x00000001   Zero   RW         1503    .bss.last_motor_state  app_motor.o
    0x2000038a        -       0x00000001   Zero   RW         1587    .bss.light_key_time  app_led.o
    0x2000038b   0x0800ae18   0x00000001   PAD
    0x2000038c        -       0x00000004   Zero   RW         1403    .bss.min_data_now   app_uart.o
    0x20000390        -       0x00000004   Zero   RW         1404    .bss.min_start_data_flash  app_uart.o
    0x20000394        -       0x00000004   Zero   RW         1405    .bss.min_stop_data_flash  app_uart.o
    0x20000398        -       0x00000001   Zero   RW         1400    .bss.offset_value   app_uart.o
    0x20000399   0x0800ae18   0x00000003   PAD
    0x2000039c        -       0x00000004   Zero   RW         1545    .bss.over_weight_current  app_adc_1.o
    0x200003a0        -       0x00000004   Zero   RW         1222    .bss.queue_in       dri_uart.o
    0x200003a4        -       0x00000004   Zero   RW         1223    .bss.queue_out      dri_uart.o
    0x200003a8        -       0x00000001   Zero   RW         1320    .bss.send_busy      n32g033_it.o
    0x200003a9   0x0800ae18   0x00000001   PAD
    0x200003aa        -       0x00000002   Zero   RW         1493    .bss.set_down_limit_value  app_motor.o
    0x200003ac        -       0x00000002   Zero   RW         1499    .bss.set_position_pulse  app_motor.o
    0x200003ae        -       0x00000002   Zero   RW         1497    .bss.set_up_limit_value  app_motor.o
    0x200003b0        -       0x00000001   Zero   RW         1590    .bss.step_value     app_led.o
    0x200003b1        -       0x00000100   Zero   RW         1221    .bss.uart0_queue_buf  dri_uart.o
    0x200004b1        -       0x00000100   Zero   RW         1224    .bss.uart1_rx_buf   dri_uart.o
    0x200005b1        -       0x00000100   Zero   RW         1225    .bss.uart1_tx_buf   dri_uart.o
    0x200006b1   0x0800ae18   0x00000007   PAD
    0x200006b8        -       0x00000400   Zero   RW            1    STACK               startup_n32g033.o


==============================================================================

Image component sizes


      Code (inc. data)   RO Data    RW Data    ZI Data      Debug   Object Name

      1868        116          0          0        372       7587   app_433.o
       156         44          0          0         31       1959   app_adc_1.o
       396         96        128          4         52       2950   app_buzz.o
      1292        168          0          0          8       3827   app_flash.o
       752         56          6          0         18       3687   app_led.o
      1948        176          0          0          4       2880   app_limt.o
      1212        114        202          0        114       5984   app_motor.o
     11176       1422       1376         20         24      23213   app_uart.o
       192         12          0          0          0       3222   dri_adc.o
       220         20          0          0          0       2073   dri_flash.o
       420         16          0          0          0       3937   dri_gpio.o
        68          4          0          0          0       2626   dri_pvd.o
       640         48          0          0         84       4425   dri_timer.o
       420         72          0          0        776       3853   dri_uart.o
       128         28          0          0         74       2863   it_433.o
       156         16          0          0         43       1395   it_adc.o
       260         36          0          0          2       1206   it_exit.o
       664         68          0          0          0       1934   it_timer.o
       256         16          0          8         40       2841   keelop_crc.o
       494         36          2          0          0       3087   main.o
       120         16          0          0          0       3002   misc.o
       492         48          0          0          0       6498   n32g033_adc.o
       156         12          0          0          0       2649   n32g033_exti.o
       296         28          0          0          0      13341   n32g033_flash.o
       386         12          0          0          0       8046   n32g033_gpio.o
       364         52          0          0          7       3810   n32g033_it.o
        16          8          0          0          0       2190   n32g033_iwdg.o
        44          4          0          0          0       3184   n32g033_pwr.o
       180         44         16          0          0       9863   n32g033_rcc.o
      1508         64          0          0          0      42075   n32g033_tim.o
       248         12          0          0          0       7676   n32g033_uart.o
        28          8        148          0       1024        612   startup_n32g033.o
       140         16          0          0          0       2638   system_n32g033.o

    ----------------------------------------------------------------------
     26714       2888       1914         32       2712     191133   Object Totals
         0          0         32          0          0          0   (incl. Generated)
        18          0          4          0         39          0   (incl. Padding)

    ----------------------------------------------------------------------

      Code (inc. data)   RO Data    RW Data    ZI Data      Debug   Library Member Name

         0          0          0          0          0          0   entry.o
         0          0          0          0          0          0   entry10a.o
         0          0          0          0          0          0   entry11a.o
         8          4          0          0          0          0   entry2.o
         4          0          0          0          0          0   entry5.o
         0          0          0          0          0          0   entry7b.o
         0          0          0          0          0          0   entry8b.o
         8          4          0          0          0          0   entry9a.o
        30          0          0          0          0          0   handlers.o
        80          6          0          0          0         72   idiv_div0.o
        48         10          0          0          0         68   init.o
         0          0          0          0          0          0   iusefp.o
        32          0          0          0          0         68   llshl.o
        38          0          0          0          0         68   llsshr.o
        34          0          0          0          0         68   llushr.o
        26          0          0          0          0         72   memcmp.o
        64          0          0          0          0         68   memmovea.o
        36          0          0          0          0        100   memseta.o
      1218         50          0          0          0        392   printf8.o
        14          0          0          0          0         60   strlen.o
        62          0          0          0          0         72   uidiv_div0.o
        96          0          0          0          0         84   uldiv.o
       356          4          0          0          0        140   dadd.o
       240          6          0          0          0         84   ddiv.o
       236          0          0          0          0        216   depilogue.o
        72         10          0          0          0         72   dfixi.o
        40          6          0          0          0         68   dflti.o
       208          6          0          0          0         88   dmul.o
        40          0          0          0          0         60   f2d.o
       178          0          0          0          0        108   fadd.o
       124          0          0          0          0         72   fdiv.o
       130          0          0          0          0        144   fepilogue.o
        50          0          0          0          0         60   ffixi.o
        14          0          0          0          0         68   ffltui.o
       122          0          0          0          0         72   fmul.o

    ----------------------------------------------------------------------
      3616        106          0          0          0       2444   Library Totals
         8          0          0          0          0          0   (incl. Padding)

    ----------------------------------------------------------------------

      Code (inc. data)   RO Data    RW Data    ZI Data      Debug   Library Name

      1798         74          0          0          0       1192   mc_p.l
      1810         32          0          0          0       1252   mf_p.l

    ----------------------------------------------------------------------
      3616        106          0          0          0       2444   Library Totals

    ----------------------------------------------------------------------

==============================================================================


      Code (inc. data)   RO Data    RW Data    ZI Data      Debug   

     30330       2994       1914         32       2712     191921   Grand Totals
     30330       2994       1914         32       2712     191921   ELF Image Totals
     30330       2994       1914         32          0          0   ROM Totals

==============================================================================

    Total RO  Size (Code + RO Data)                32244 (  31.49kB)
    Total RW  Size (RW Data + ZI Data)              2744 (   2.68kB)
    Total ROM Size (Code + RO Data + RW Data)      32276 (  31.52kB)

==============================================================================

